20:59:51.707 [ INFO] maestro.cli.runner.CliConsoleListener.onCommandStart: Define variables RUNNING
20:59:51.713 [ INFO] maestro.cli.runner.CliConsoleListener.onCommandFinished: Define variables COMPLETED
20:59:51.719 [ INFO] maestro.cli.runner.CliConsoleListener.onCommandStart: Apply configuration RUNNING
20:59:51.720 [ INFO] maestro.cli.runner.CliConsoleListener.onCommandFinished: Apply configuration COMPLETED
20:59:51.720 [ INFO] maestro.cli.runner.CliConsoleListener.onCommandStart: Launch app "com.vibra.mobile" RUNNING
20:59:53.503 [DEBUG] maestro.Maestro.setPermissionInternal: Failed to set permission android.permission.READ_EXTERNAL_STORAGE for app com.vibra.mobile: shell command failed (exit -1): 
Exception occurred while executing 'grant':
java.lang.SecurityException: Package com.vibra.mobile has not requested permission android.permission.READ_EXTERNAL_STORAGE
	at com.android.server.pm.permission.PermissionManagerServiceImpl.grantRuntimePermissionInternal(PermissionManagerServiceImpl.java:1423)
	at com.android.server.pm.permission.PermissionManagerServiceImpl.grantRuntimePermission(PermissionManagerServiceImpl.java:1337)
	at com.android.server.pm.permission.PermissionManagerService.grantRuntimePermission(PermissionManagerService.java:551)
	at android.permission.PermissionManager.grantRuntimePermission(PermissionManager.java:609)
	at com.android.server.pm.PackageManagerShellCommand.runGrantRevokePermission(PackageManagerShellCommand.java:2672)
	at com.android.server.pm.PackageManagerShellCommand.onCommand(PackageManagerShellCommand.java:291)
	at com.android.modules.utils.BasicShellCommandHandler.exec(BasicShellCommandHandler.java:97)
	at android.os.ShellCommand.exec(ShellCommand.java:38)
	at com.android.server.pm.PackageManagerService$IPackageManagerImpl.onShellCommand(PackageManagerService.java:6350)
	at android.os.Binder.shellCommand(Binder.java:1068)
	at android.os.Binder.onTransact(Binder.java:888)
	at android.content.pm.IPackageManager$Stub.onTransact(IPackageManager.java:4352)
	at com.android.server.pm.PackageManagerService$IPackageManagerImpl.onTransact(PackageManagerService.java:6334)
	at android.os.Binder.execTransactInternal(Binder.java:1344)
	at android.os.Binder.execTransact(Binder.java:1275)

20:59:53.848 [DEBUG] maestro.Maestro.setPermissionInternal: Failed to set permission android.permission.WRITE_EXTERNAL_STORAGE for app com.vibra.mobile: shell command failed (exit -1): 
Exception occurred while executing 'grant':
java.lang.SecurityException: Package com.vibra.mobile has not requested permission android.permission.WRITE_EXTERNAL_STORAGE
	at com.android.server.pm.permission.PermissionManagerServiceImpl.grantRuntimePermissionInternal(PermissionManagerServiceImpl.java:1423)
	at com.android.server.pm.permission.PermissionManagerServiceImpl.grantRuntimePermission(PermissionManagerServiceImpl.java:1337)
	at com.android.server.pm.permission.PermissionManagerService.grantRuntimePermission(PermissionManagerService.java:551)
	at android.permission.PermissionManager.grantRuntimePermission(PermissionManager.java:609)
	at com.android.server.pm.PackageManagerShellCommand.runGrantRevokePermission(PackageManagerShellCommand.java:2672)
	at com.android.server.pm.PackageManagerShellCommand.onCommand(PackageManagerShellCommand.java:291)
	at com.android.modules.utils.BasicShellCommandHandler.exec(BasicShellCommandHandler.java:97)
	at android.os.ShellCommand.exec(ShellCommand.java:38)
	at com.android.server.pm.PackageManagerService$IPackageManagerImpl.onShellCommand(PackageManagerService.java:6350)
	at android.os.Binder.shellCommand(Binder.java:1068)
	at android.os.Binder.onTransact(Binder.java:888)
	at android.content.pm.IPackageManager$Stub.onTransact(IPackageManager.java:4352)
	at com.android.server.pm.PackageManagerService$IPackageManagerImpl.onTransact(PackageManagerService.java:6334)
	at android.os.Binder.execTransactInternal(Binder.java:1344)
	at android.os.Binder.execTransact(Binder.java:1275)

20:59:54.539 [ INFO] maestro.Maestro.launchApp$lambda$5: Launching app com.vibra.mobile
20:59:54.539 [ INFO] maestro.Maestro.launchApp$lambda$5: Stopping com.vibra.mobile app during launch
20:59:55.225 [ INFO] maestro.cli.runner.CliConsoleListener.onCommandFinished: Launch app "com.vibra.mobile" COMPLETED
20:59:55.226 [ INFO] maestro.cli.runner.CliConsoleListener.onCommandStart: Run ../sub/sistema.yaml RUNNING
20:59:55.227 [ INFO] maestro.cli.runner.CliConsoleListener.onCommandStart: Apply configuration RUNNING
20:59:55.228 [ INFO] maestro.cli.runner.CliConsoleListener.onCommandFinished: Apply configuration COMPLETED
20:59:55.229 [ INFO] maestro.cli.runner.CliConsoleListener.onCommandStart: Run flow when "Wait" is visible RUNNING
21:00:02.780 [ INFO] maestro.orchestra.Orchestra.executeSubflowCommands: [Command execution subflow] CommandSkipped: null
21:00:02.781 [ INFO] maestro.cli.runner.CliConsoleListener.onCommandFinished: Run flow when "Wait" is visible SKIPPED
21:00:02.783 [ INFO] maestro.cli.runner.CliConsoleListener.onCommandFinished: Run ../sub/sistema.yaml COMPLETED
21:00:02.786 [ INFO] maestro.cli.runner.CliConsoleListener.onCommandStart: Assert that "I Miei Progressi|Password" is visible RUNNING
21:00:03.793 [ INFO] maestro.cli.runner.CliConsoleListener.onCommandFinished: Assert that "I Miei Progressi|Password" is visible COMPLETED
21:00:03.794 [ INFO] maestro.cli.runner.CliConsoleListener.onCommandStart: Run ../sub/sistema.yaml RUNNING
21:00:03.794 [ INFO] maestro.cli.runner.CliConsoleListener.onCommandStart: Apply configuration RUNNING
21:00:03.795 [ INFO] maestro.cli.runner.CliConsoleListener.onCommandFinished: Apply configuration COMPLETED
21:00:03.795 [ INFO] maestro.cli.runner.CliConsoleListener.onCommandStart: Run flow when "Wait" is visible RUNNING
21:00:04.603 [ INFO] maestro.orchestra.Orchestra.executeSubflowCommands: [Command execution subflow] CommandSkipped: null
21:00:04.603 [ INFO] maestro.cli.runner.CliConsoleListener.onCommandFinished: Run flow when "Wait" is visible SKIPPED
21:00:04.604 [ INFO] maestro.cli.runner.CliConsoleListener.onCommandFinished: Run ../sub/sistema.yaml COMPLETED
21:00:04.604 [ INFO] maestro.cli.runner.CliConsoleListener.onCommandStart: Run ../sub/login.yaml RUNNING
21:00:04.604 [ INFO] maestro.cli.runner.CliConsoleListener.onCommandStart: Apply configuration RUNNING
21:00:04.605 [ INFO] maestro.cli.runner.CliConsoleListener.onCommandFinished: Apply configuration COMPLETED
21:00:04.605 [ INFO] maestro.cli.runner.CliConsoleListener.onCommandStart: Run flow when "Password" is visible RUNNING
21:00:04.875 [ INFO] maestro.cli.runner.CliConsoleListener.onCommandStart: Tap on "Email" RUNNING
21:00:05.223 [ INFO] maestro.Maestro.tap-HgV9Ck0: Tapping on element:  UiElement(treeNode=TreeNode(attributes={text=, accessibilityText=Email, hintText=Email, ignoreBoundsFiltering=false, resource-id=, clickable=true, bounds=[63,1183][1017,1309], enabled=true, focused=false, checked=false, scrollable=false, selected=false, class=android.widget.EditText, important-for-accessibility=true, error=}, children=[], clickable=true, enabled=true, focused=false, checked=false, selected=false), bounds=Bounds(x=63, y=1183, width=954, height=126))
21:00:07.543 [ INFO] maestro.Maestro.tap-HgV9Ck0: Tap aimed via settled hierarchy
21:00:07.552 [ INFO] maestro.Maestro.hierarchyBasedTap-ogj28Uc: Tapping at (540, 1246) using hierarchy based logic for wait
21:00:20.400 [ INFO] maestro.Maestro.hierarchyBasedTap-ogj28Uc: Something has changed in the UI judging by view hierarchy. Proceed.
21:00:20.403 [ INFO] maestro.cli.runner.CliConsoleListener.onCommandFinished: Tap on "Email" COMPLETED
21:00:20.403 [ INFO] maestro.cli.runner.CliConsoleListener.onCommandStart: Input text ${EMAIL} RUNNING
21:00:22.141 [ INFO] maestro.Maestro.inputText: Inputting text: admin@vibra.local
21:00:44.175 [ INFO] maestro.cli.runner.CliConsoleListener.onCommandFinished: Input text ${EMAIL} COMPLETED
21:00:44.176 [ INFO] maestro.cli.runner.CliConsoleListener.onCommandStart: Tap on "Password" RUNNING
21:00:44.789 [ INFO] maestro.Maestro.tap-HgV9Ck0: Tapping on element:  UiElement(treeNode=TreeNode(attributes={text=, accessibilityText=Password, hintText=Password, ignoreBoundsFiltering=false, resource-id=, clickable=true, bounds=[63,1340][1017,1466], enabled=true, focused=false, checked=false, scrollable=false, selected=false, class=android.widget.EditText, important-for-accessibility=true, error=}, children=[], clickable=true, enabled=true, focused=false, checked=false, selected=false), bounds=Bounds(x=63, y=1340, width=954, height=126))
21:00:46.442 [ INFO] maestro.Maestro.tap-HgV9Ck0: Tap aimed via settled hierarchy
21:00:46.444 [ INFO] maestro.Maestro.hierarchyBasedTap-ogj28Uc: Tapping at (540, 1403) using hierarchy based logic for wait
21:00:49.807 [ INFO] maestro.Maestro.hierarchyBasedTap-ogj28Uc: Something has changed in the UI judging by view hierarchy. Proceed.
21:00:49.807 [ INFO] maestro.cli.runner.CliConsoleListener.onCommandFinished: Tap on "Password" COMPLETED
21:00:49.807 [ INFO] maestro.cli.runner.CliConsoleListener.onCommandStart: Input text vibra RUNNING
21:00:49.807 [ INFO] maestro.Maestro.inputText: Inputting text: vibra
21:00:53.375 [ INFO] maestro.cli.runner.CliConsoleListener.onCommandFinished: Input text vibra COMPLETED
21:00:53.376 [ INFO] maestro.cli.runner.CliConsoleListener.onCommandStart: Hide Keyboard RUNNING
21:00:53.379 [ INFO] maestro.Maestro.hideKeyboard$lambda$12: Hiding Keyboard
21:00:55.206 [ INFO] maestro.cli.runner.CliConsoleListener.onCommandFinished: Hide Keyboard COMPLETED
21:00:55.208 [ INFO] maestro.cli.runner.CliConsoleListener.onCommandStart: Tap on "Accedi" RUNNING
21:00:55.349 [ INFO] maestro.Maestro.tap-HgV9Ck0: Tapping on element:  UiElement(treeNode=TreeNode(attributes={text=Accedi, accessibilityText=, hintText=, ignoreBoundsFiltering=false, resource-id=, clickable=false, bounds=[63,1498][1017,1549], enabled=true, focused=false, checked=false, scrollable=false, selected=false, class=android.widget.TextView, important-for-accessibility=true, error=}, children=[], clickable=false, enabled=true, focused=false, checked=false, selected=false), bounds=Bounds(x=63, y=1498, width=954, height=51))
21:00:56.984 [ INFO] maestro.Maestro.tap-HgV9Ck0: Tap aimed via settled hierarchy
21:00:56.986 [ INFO] maestro.Maestro.hierarchyBasedTap-ogj28Uc: Tapping at (540, 1523) using hierarchy based logic for wait
21:00:59.202 [ INFO] maestro.cli.runner.CliConsoleListener.onCommandFinished: Tap on "Accedi" COMPLETED
21:00:59.204 [ INFO] maestro.cli.runner.CliConsoleListener.onCommandFinished: Run flow when "Password" is visible COMPLETED
21:00:59.204 [ INFO] maestro.cli.runner.CliConsoleListener.onCommandFinished: Run ../sub/login.yaml COMPLETED
21:00:59.205 [ INFO] maestro.cli.runner.CliConsoleListener.onCommandStart: Assert that "I Miei Progressi" is visible RUNNING
21:03:59.592 [ERROR] maestro.orchestra.Orchestra.executeCommands: [Command execution] CommandFailed: Assertion is false: "I Miei Progressi" is visible
21:03:59.768 [ INFO] maestro.Maestro.takeScreenshot: Taking screenshot
21:03:59.769 [TRACE] maestro.utils.ScreenshotUtils.takeScreenshot: Taking screenshot to output sink
21:04:00.045 [ INFO] maestro.cli.runner.CliConsoleListener.onCommandFinished: Assert that "I Miei Progressi" is visible FAILED
