18:52:50.294 [ INFO] maestro.cli.runner.CliConsoleListener.onCommandStart: Define variables RUNNING
18:52:50.302 [ INFO] maestro.cli.runner.CliConsoleListener.onCommandFinished: Define variables COMPLETED
18:52:50.304 [ INFO] maestro.cli.runner.CliConsoleListener.onCommandStart: Apply configuration RUNNING
18:52:50.306 [ INFO] maestro.cli.runner.CliConsoleListener.onCommandFinished: Apply configuration COMPLETED
18:52:50.307 [ INFO] maestro.cli.runner.CliConsoleListener.onCommandStart: Launch app "com.vibra.mobile" RUNNING
18:52:51.344 [DEBUG] maestro.Maestro.setPermissionInternal: Failed to set permission android.permission.READ_EXTERNAL_STORAGE for app com.vibra.mobile: shell command failed (exit -1): 
Exception occurred while executing 'grant':
java.lang.SecurityException: Package com.vibra.mobile has not requested permission android.permission.READ_EXTERNAL_STORAGE
	at com.android.server.pm.permission.PermissionManagerServiceImpl.grantRuntimePermissionInternal(PermissionManagerServiceImpl.java:1423)
	at com.android.server.pm.permission.PermissionManagerServiceImpl.grantRuntimePermission(PermissionManagerServiceImpl.java:1337)
	at com.android.server.pm.permission.PermissionManagerService.grantRuntimePermission(PermissionManagerService.java:551)
	at android.permission.PermissionManager.grantRuntimePermission(PermissionManager.java:609)
	at com.android.server.pm.PackageManagerShellCommand.runGrantRevokePermission(PackageManagerShellCommand.java:2672)
	at com.android.server.pm.PackageManagerShellCommand.onCommand(PackageManagerShellCommand.java:291)
	at com.android.modules.utils.BasicShellCommandHandler.exec(BasicShellCommandHandler.java:97)
	at android.os.ShellCommand.exec(ShellCommand.java:38)
	at com.android.server.pm.PackageManagerService$IPackageManagerImpl.onShellCommand(PackageManagerService.java:6350)
	at android.os.Binder.shellCommand(Binder.java:1068)
	at android.os.Binder.onTransact(Binder.java:888)
	at android.content.pm.IPackageManager$Stub.onTransact(IPackageManager.java:4352)
	at com.android.server.pm.PackageManagerService$IPackageManagerImpl.onTransact(PackageManagerService.java:6334)
	at android.os.Binder.execTransactInternal(Binder.java:1344)
	at android.os.Binder.execTransact(Binder.java:1275)

18:52:51.521 [DEBUG] maestro.Maestro.setPermissionInternal: Failed to set permission android.permission.WRITE_EXTERNAL_STORAGE for app com.vibra.mobile: shell command failed (exit -1): 
Exception occurred while executing 'grant':
java.lang.SecurityException: Package com.vibra.mobile has not requested permission android.permission.WRITE_EXTERNAL_STORAGE
	at com.android.server.pm.permission.PermissionManagerServiceImpl.grantRuntimePermissionInternal(PermissionManagerServiceImpl.java:1423)
	at com.android.server.pm.permission.PermissionManagerServiceImpl.grantRuntimePermission(PermissionManagerServiceImpl.java:1337)
	at com.android.server.pm.permission.PermissionManagerService.grantRuntimePermission(PermissionManagerService.java:551)
	at android.permission.PermissionManager.grantRuntimePermission(PermissionManager.java:609)
	at com.android.server.pm.PackageManagerShellCommand.runGrantRevokePermission(PackageManagerShellCommand.java:2672)
	at com.android.server.pm.PackageManagerShellCommand.onCommand(PackageManagerShellCommand.java:291)
	at com.android.modules.utils.BasicShellCommandHandler.exec(BasicShellCommandHandler.java:97)
	at android.os.ShellCommand.exec(ShellCommand.java:38)
	at com.android.server.pm.PackageManagerService$IPackageManagerImpl.onShellCommand(PackageManagerService.java:6350)
	at android.os.Binder.shellCommand(Binder.java:1068)
	at android.os.Binder.onTransact(Binder.java:888)
	at android.content.pm.IPackageManager$Stub.onTransact(IPackageManager.java:4352)
	at com.android.server.pm.PackageManagerService$IPackageManagerImpl.onTransact(PackageManagerService.java:6334)
	at android.os.Binder.execTransactInternal(Binder.java:1344)
	at android.os.Binder.execTransact(Binder.java:1275)

18:52:51.770 [ INFO] maestro.Maestro.launchApp$lambda$5: Launching app com.vibra.mobile
18:52:51.771 [ INFO] maestro.Maestro.launchApp$lambda$5: Stopping com.vibra.mobile app during launch
18:52:52.237 [ INFO] maestro.cli.runner.CliConsoleListener.onCommandFinished: Launch app "com.vibra.mobile" COMPLETED
18:52:52.239 [ INFO] maestro.cli.runner.CliConsoleListener.onCommandStart: Assert that "FATTURATO TOTALE|Accedi" is visible RUNNING
18:52:56.079 [ INFO] maestro.cli.runner.CliConsoleListener.onCommandFinished: Assert that "FATTURATO TOTALE|Accedi" is visible COMPLETED
18:52:56.083 [ INFO] maestro.cli.runner.CliConsoleListener.onCommandStart: Run sub/login.yaml RUNNING
18:52:56.084 [ INFO] maestro.cli.runner.CliConsoleListener.onCommandStart: Apply configuration RUNNING
18:52:56.085 [ INFO] maestro.cli.runner.CliConsoleListener.onCommandFinished: Apply configuration COMPLETED
18:52:56.086 [ INFO] maestro.cli.runner.CliConsoleListener.onCommandStart: Run flow when "Accedi" is visible RUNNING
18:52:56.625 [ INFO] maestro.cli.runner.CliConsoleListener.onCommandStart: Tap on "Email" RUNNING
18:52:57.267 [ INFO] maestro.Maestro.tap-HgV9Ck0: Tapping on element:  UiElement(treeNode=TreeNode(attributes={text=, accessibilityText=Email, hintText=Email, ignoreBoundsFiltering=false, resource-id=, clickable=true, bounds=[63,1183][1017,1309], enabled=true, focused=false, checked=false, scrollable=false, selected=false, class=android.widget.EditText, important-for-accessibility=true, error=}, children=[], clickable=true, enabled=true, focused=false, checked=false, selected=false), bounds=Bounds(x=63, y=1183, width=954, height=126))
18:53:06.396 [ INFO] maestro.Maestro.tap-HgV9Ck0: Tap aimed via settled hierarchy
18:53:06.414 [ INFO] maestro.Maestro.hierarchyBasedTap-ogj28Uc: Tapping at (540, 1246) using hierarchy based logic for wait
18:53:07.754 [ INFO] maestro.cli.runner.CliConsoleListener.onCommandFinished: Tap on "Email" COMPLETED
18:53:07.754 [ INFO] maestro.cli.runner.CliConsoleListener.onCommandStart: Input text admin@vibra.local RUNNING
18:53:07.756 [ INFO] maestro.Maestro.inputText: Inputting text: admin@vibra.local
18:53:10.318 [ INFO] maestro.cli.runner.CliConsoleListener.onCommandFinished: Input text admin@vibra.local COMPLETED
18:53:10.318 [ INFO] maestro.cli.runner.CliConsoleListener.onCommandStart: Tap on "Password" RUNNING
18:53:28.662 [ INFO] maestro.Maestro.takeScreenshot: Taking screenshot
18:53:28.667 [TRACE] maestro.utils.ScreenshotUtils.takeScreenshot: Taking screenshot to output sink
18:53:29.370 [ INFO] maestro.cli.runner.CliConsoleListener.onCommandFinished: Tap on "Password" FAILED
18:53:29.372 [ INFO] maestro.Maestro.takeScreenshot: Taking screenshot
18:53:29.373 [TRACE] maestro.utils.ScreenshotUtils.takeScreenshot: Taking screenshot to output sink
18:53:29.609 [ INFO] maestro.cli.runner.CliConsoleListener.onCommandFinished: Run flow when "Accedi" is visible FAILED
18:53:29.609 [ERROR] maestro.orchestra.Orchestra.executeCommands: [Command execution] CommandFailed: Element not found: Text matching regex: Password
18:53:29.610 [ INFO] maestro.Maestro.takeScreenshot: Taking screenshot
18:53:29.610 [TRACE] maestro.utils.ScreenshotUtils.takeScreenshot: Taking screenshot to output sink
18:53:29.889 [ INFO] maestro.cli.runner.CliConsoleListener.onCommandFinished: Run sub/login.yaml FAILED
