20:59:19.671 [ INFO] maestro.cli.runner.CliConsoleListener.onCommandStart: Define variables RUNNING
20:59:19.675 [ INFO] maestro.cli.runner.CliConsoleListener.onCommandFinished: Define variables COMPLETED
20:59:19.676 [ INFO] maestro.cli.runner.CliConsoleListener.onCommandStart: Apply configuration RUNNING
20:59:19.676 [ INFO] maestro.cli.runner.CliConsoleListener.onCommandFinished: Apply configuration COMPLETED
20:59:19.677 [ INFO] maestro.cli.runner.CliConsoleListener.onCommandStart: Launch app "com.vibra.mobile" RUNNING
20:59:20.951 [DEBUG] maestro.Maestro.setPermissionInternal: Failed to set permission android.permission.READ_EXTERNAL_STORAGE for app com.vibra.mobile: shell command failed (exit -1): 
Exception occurred while executing 'grant':
java.lang.SecurityException: Package com.vibra.mobile has not requested permission android.permission.READ_EXTERNAL_STORAGE
	at com.android.server.pm.permission.PermissionManagerServiceImpl.grantRuntimePermissionInternal(PermissionManagerServiceImpl.java:1423)
	at com.android.server.pm.permission.PermissionManagerServiceImpl.grantRuntimePermission(PermissionManagerServiceImpl.java:1337)
	at com.android.server.pm.permission.PermissionManagerService.grantRuntimePermission(PermissionManagerService.java:551)
	at android.permission.PermissionManager.grantRuntimePermission(PermissionManager.java:609)
	at com.android.server.pm.PackageManagerShellCommand.runGrantRevokePermission(PackageManagerShellCommand.java:2672)
	at com.android.server.pm.PackageManagerShellCommand.onCommand(PackageManagerShellCommand.java:291)
	at com.android.modules.utils.BasicShellCommandHandler.exec(BasicShellCommandHandler.java:97)
	at android.os.ShellCommand.exec(ShellCommand.java:38)
	at com.android.server.pm.PackageManagerService$IPackageManagerImpl.onShellCommand(PackageManagerService.java:6350)
	at android.os.Binder.shellCommand(Binder.java:1068)
	at android.os.Binder.onTransact(Binder.java:888)
	at android.content.pm.IPackageManager$Stub.onTransact(IPackageManager.java:4352)
	at com.android.server.pm.PackageManagerService$IPackageManagerImpl.onTransact(PackageManagerService.java:6334)
	at android.os.Binder.execTransactInternal(Binder.java:1344)
	at android.os.Binder.execTransact(Binder.java:1275)

20:59:21.445 [DEBUG] maestro.Maestro.setPermissionInternal: Failed to set permission android.permission.WRITE_EXTERNAL_STORAGE for app com.vibra.mobile: shell command failed (exit -1): 
Exception occurred while executing 'grant':
java.lang.SecurityException: Package com.vibra.mobile has not requested permission android.permission.WRITE_EXTERNAL_STORAGE
	at com.android.server.pm.permission.PermissionManagerServiceImpl.grantRuntimePermissionInternal(PermissionManagerServiceImpl.java:1423)
	at com.android.server.pm.permission.PermissionManagerServiceImpl.grantRuntimePermission(PermissionManagerServiceImpl.java:1337)
	at com.android.server.pm.permission.PermissionManagerService.grantRuntimePermission(PermissionManagerService.java:551)
	at android.permission.PermissionManager.grantRuntimePermission(PermissionManager.java:609)
	at com.android.server.pm.PackageManagerShellCommand.runGrantRevokePermission(PackageManagerShellCommand.java:2672)
	at com.android.server.pm.PackageManagerShellCommand.onCommand(PackageManagerShellCommand.java:291)
	at com.android.modules.utils.BasicShellCommandHandler.exec(BasicShellCommandHandler.java:97)
	at android.os.ShellCommand.exec(ShellCommand.java:38)
	at com.android.server.pm.PackageManagerService$IPackageManagerImpl.onShellCommand(PackageManagerService.java:6350)
	at android.os.Binder.shellCommand(Binder.java:1068)
	at android.os.Binder.onTransact(Binder.java:888)
	at android.content.pm.IPackageManager$Stub.onTransact(IPackageManager.java:4352)
	at com.android.server.pm.PackageManagerService$IPackageManagerImpl.onTransact(PackageManagerService.java:6334)
	at android.os.Binder.execTransactInternal(Binder.java:1344)
	at android.os.Binder.execTransact(Binder.java:1275)

20:59:21.838 [ INFO] maestro.Maestro.launchApp$lambda$5: Launching app com.vibra.mobile
20:59:21.839 [ INFO] maestro.Maestro.launchApp$lambda$5: Stopping com.vibra.mobile app during launch
20:59:22.223 [ INFO] maestro.cli.runner.CliConsoleListener.onCommandFinished: Launch app "com.vibra.mobile" COMPLETED
20:59:22.224 [ INFO] maestro.cli.runner.CliConsoleListener.onCommandStart: Run ../sub/sistema.yaml RUNNING
20:59:22.225 [ INFO] maestro.cli.runner.CliConsoleListener.onCommandStart: Apply configuration RUNNING
20:59:22.226 [ INFO] maestro.cli.runner.CliConsoleListener.onCommandFinished: Apply configuration COMPLETED
20:59:22.226 [ INFO] maestro.cli.runner.CliConsoleListener.onCommandStart: Run flow when "Wait" is visible RUNNING
20:59:30.093 [ INFO] maestro.orchestra.Orchestra.executeSubflowCommands: [Command execution subflow] CommandSkipped: null
20:59:30.093 [ INFO] maestro.cli.runner.CliConsoleListener.onCommandFinished: Run flow when "Wait" is visible SKIPPED
20:59:30.093 [ INFO] maestro.cli.runner.CliConsoleListener.onCommandFinished: Run ../sub/sistema.yaml COMPLETED
20:59:30.094 [ INFO] maestro.cli.runner.CliConsoleListener.onCommandStart: Assert that "I Miei Progressi|Password" is visible RUNNING
20:59:30.485 [ INFO] maestro.cli.runner.CliConsoleListener.onCommandFinished: Assert that "I Miei Progressi|Password" is visible COMPLETED
20:59:30.485 [ INFO] maestro.cli.runner.CliConsoleListener.onCommandStart: Run ../sub/sistema.yaml RUNNING
20:59:30.485 [ INFO] maestro.cli.runner.CliConsoleListener.onCommandStart: Apply configuration RUNNING
20:59:30.486 [ INFO] maestro.cli.runner.CliConsoleListener.onCommandFinished: Apply configuration COMPLETED
20:59:30.486 [ INFO] maestro.cli.runner.CliConsoleListener.onCommandStart: Run flow when "Wait" is visible RUNNING
20:59:30.917 [ INFO] maestro.orchestra.Orchestra.executeSubflowCommands: [Command execution subflow] CommandSkipped: null
20:59:30.918 [ INFO] maestro.cli.runner.CliConsoleListener.onCommandFinished: Run flow when "Wait" is visible SKIPPED
20:59:30.918 [ INFO] maestro.cli.runner.CliConsoleListener.onCommandFinished: Run ../sub/sistema.yaml COMPLETED
20:59:30.919 [ INFO] maestro.cli.runner.CliConsoleListener.onCommandStart: Run ../sub/login.yaml RUNNING
20:59:30.920 [ INFO] maestro.cli.runner.CliConsoleListener.onCommandStart: Apply configuration RUNNING
20:59:30.920 [ INFO] maestro.cli.runner.CliConsoleListener.onCommandFinished: Apply configuration COMPLETED
20:59:30.920 [ INFO] maestro.cli.runner.CliConsoleListener.onCommandStart: Run flow when "Password" is visible RUNNING
20:59:31.050 [ INFO] maestro.cli.runner.CliConsoleListener.onCommandStart: Tap on "Email" RUNNING
20:59:31.373 [ INFO] maestro.Maestro.tap-HgV9Ck0: Tapping on element:  UiElement(treeNode=TreeNode(attributes={text=, accessibilityText=Email, hintText=Email, ignoreBoundsFiltering=false, resource-id=, clickable=true, bounds=[63,1183][1017,1309], enabled=true, focused=false, checked=false, scrollable=false, selected=false, class=android.widget.EditText, important-for-accessibility=true, error=}, children=[], clickable=true, enabled=true, focused=false, checked=false, selected=false), bounds=Bounds(x=63, y=1183, width=954, height=126))
20:59:32.876 [ INFO] maestro.Maestro.tap-HgV9Ck0: Tap aimed via settled hierarchy
20:59:32.883 [ INFO] maestro.Maestro.hierarchyBasedTap-ogj28Uc: Tapping at (540, 1246) using hierarchy based logic for wait
20:59:34.380 [ INFO] maestro.Maestro.hierarchyBasedTap-ogj28Uc: Something has changed in the UI judging by view hierarchy. Proceed.
20:59:34.381 [ INFO] maestro.cli.runner.CliConsoleListener.onCommandFinished: Tap on "Email" COMPLETED
20:59:34.381 [ INFO] maestro.cli.runner.CliConsoleListener.onCommandStart: Input text ${EMAIL} RUNNING
20:59:35.789 [ INFO] maestro.Maestro.inputText: Inputting text: pr@vibra.local
20:59:44.273 [ INFO] maestro.cli.runner.CliConsoleListener.onCommandFinished: Input text ${EMAIL} COMPLETED
20:59:44.273 [ INFO] maestro.cli.runner.CliConsoleListener.onCommandStart: Tap on "Password" RUNNING
20:59:44.575 [ INFO] maestro.Maestro.tap-HgV9Ck0: Tapping on element:  UiElement(treeNode=TreeNode(attributes={text=, accessibilityText=Password, hintText=Password, ignoreBoundsFiltering=false, resource-id=, clickable=true, bounds=[63,1340][1017,1466], enabled=true, focused=false, checked=false, scrollable=false, selected=false, class=android.widget.EditText, important-for-accessibility=true, error=}, children=[], clickable=true, enabled=true, focused=false, checked=false, selected=false), bounds=Bounds(x=63, y=1340, width=954, height=126))
20:59:46.053 [ INFO] maestro.Maestro.tap-HgV9Ck0: Tap aimed via settled hierarchy
20:59:46.058 [ INFO] maestro.Maestro.hierarchyBasedTap-ogj28Uc: Tapping at (540, 1403) using hierarchy based logic for wait
20:59:48.133 [ INFO] maestro.Maestro.hierarchyBasedTap-ogj28Uc: Something has changed in the UI judging by view hierarchy. Proceed.
20:59:48.133 [ INFO] maestro.cli.runner.CliConsoleListener.onCommandFinished: Tap on "Password" COMPLETED
20:59:48.133 [ INFO] maestro.cli.runner.CliConsoleListener.onCommandStart: Input text vibra RUNNING
20:59:48.133 [ INFO] maestro.Maestro.inputText: Inputting text: vibra
20:59:51.461 [ INFO] maestro.cli.runner.CliConsoleListener.onCommandFinished: Input text vibra COMPLETED
20:59:51.462 [ INFO] maestro.cli.runner.CliConsoleListener.onCommandStart: Hide Keyboard RUNNING
20:59:51.463 [ INFO] maestro.Maestro.hideKeyboard$lambda$12: Hiding Keyboard
20:59:53.162 [ INFO] maestro.cli.runner.CliConsoleListener.onCommandFinished: Hide Keyboard COMPLETED
20:59:53.162 [ INFO] maestro.cli.runner.CliConsoleListener.onCommandStart: Tap on "Accedi" RUNNING
20:59:53.293 [ INFO] maestro.Maestro.tap-HgV9Ck0: Tapping on element:  UiElement(treeNode=TreeNode(attributes={text=Accedi, accessibilityText=, hintText=, ignoreBoundsFiltering=false, resource-id=, clickable=false, bounds=[63,1498][1017,1549], enabled=true, focused=false, checked=false, scrollable=false, selected=false, class=android.widget.TextView, important-for-accessibility=true, error=}, children=[], clickable=false, enabled=true, focused=false, checked=false, selected=false), bounds=Bounds(x=63, y=1498, width=954, height=51))
20:59:54.501 [ INFO] maestro.Maestro.tap-HgV9Ck0: Tap aimed via settled hierarchy
20:59:54.502 [ INFO] maestro.Maestro.hierarchyBasedTap-ogj28Uc: Tapping at (540, 1523) using hierarchy based logic for wait
21:00:06.449 [ INFO] maestro.Maestro.hierarchyBasedTap-ogj28Uc: Something has changed in the UI judging by view hierarchy. Proceed.
21:00:06.452 [ INFO] maestro.cli.runner.CliConsoleListener.onCommandFinished: Tap on "Accedi" COMPLETED
21:00:06.453 [ INFO] maestro.cli.runner.CliConsoleListener.onCommandFinished: Run flow when "Password" is visible COMPLETED
21:00:06.454 [ INFO] maestro.cli.runner.CliConsoleListener.onCommandFinished: Run ../sub/login.yaml COMPLETED
21:00:06.455 [ INFO] maestro.cli.runner.CliConsoleListener.onCommandStart: Assert that "I Miei Progressi" is visible RUNNING
21:00:08.128 [ INFO] maestro.cli.runner.CliConsoleListener.onCommandFinished: Assert that "I Miei Progressi" is visible COMPLETED
21:00:08.129 [ INFO] maestro.cli.runner.CliConsoleListener.onCommandStart: Open vibra://clienti RUNNING
21:00:08.133 [ INFO] maestro.Maestro.openLink: Opening link vibra://clienti for app: com.vibra.mobile with autoVerify config as false
21:00:12.488 [ INFO] maestro.cli.runner.CliConsoleListener.onCommandFinished: Open vibra://clienti COMPLETED
21:00:12.489 [ INFO] maestro.cli.runner.CliConsoleListener.onCommandStart: Assert that "LISTA CLIENTI" is visible RUNNING
21:00:37.876 [ INFO] maestro.cli.runner.CliConsoleListener.onCommandFinished: Assert that "LISTA CLIENTI" is visible COMPLETED
21:00:37.876 [ INFO] maestro.cli.runner.CliConsoleListener.onCommandStart: Wait for animation to end RUNNING
21:00:37.879 [ INFO] maestro.Maestro.waitForAnimationToEnd$lambda$53: Waiting for animation to end with timeout 15000
21:00:37.881 [TRACE] maestro.utils.ScreenshotUtils.takeScreenshot: Taking screenshot to byte array
21:00:37.881 [TRACE] maestro.utils.ScreenshotUtils.takeScreenshot: Taking screenshot to output sink
21:00:39.121 [TRACE] maestro.utils.ScreenshotUtils.takeScreenshot: Taking screenshot to byte array
21:00:39.122 [TRACE] maestro.utils.ScreenshotUtils.takeScreenshot: Taking screenshot to output sink
21:00:40.302 [TRACE] maestro.utils.ScreenshotUtils.takeScreenshot: Taking screenshot to byte array
21:00:40.302 [TRACE] maestro.utils.ScreenshotUtils.takeScreenshot: Taking screenshot to output sink
21:00:40.751 [TRACE] maestro.utils.ScreenshotUtils.takeScreenshot: Taking screenshot to byte array
21:00:40.752 [TRACE] maestro.utils.ScreenshotUtils.takeScreenshot: Taking screenshot to output sink
21:00:41.393 [ INFO] maestro.cli.runner.CliConsoleListener.onCommandFinished: Wait for animation to end COMPLETED
21:00:41.394 [ INFO] maestro.cli.runner.CliConsoleListener.onCommandStart: Take screenshot dettaglio-lista RUNNING
21:00:41.396 [ INFO] maestro.Maestro.takeScreenshot: Taking screenshot
21:00:41.397 [TRACE] maestro.utils.ScreenshotUtils.takeScreenshot: Taking screenshot to output sink
21:00:41.740 [ INFO] maestro.cli.runner.CliConsoleListener.onCommandFinished: Take screenshot dettaglio-lista COMPLETED
21:00:41.741 [ INFO] maestro.cli.runner.CliConsoleListener.onCommandStart: Tap on "Sofia Colombo" RUNNING
21:00:45.464 [ INFO] maestro.Maestro.tap-HgV9Ck0: Tapping on element:  UiElement(treeNode=TreeNode(attributes={text=Sofia Colombo, accessibilityText=, hintText=, ignoreBoundsFiltering=false, resource-id=, clickable=false, bounds=[203,1169][466,1222], enabled=true, focused=false, checked=false, scrollable=false, selected=false, class=android.widget.TextView, important-for-accessibility=true, error=}, children=[], clickable=false, enabled=true, focused=false, checked=false, selected=false), bounds=Bounds(x=203, y=1169, width=263, height=53))
21:00:50.405 [ INFO] maestro.Maestro.tap-HgV9Ck0: Tap aimed via settled hierarchy
21:00:50.406 [ INFO] maestro.Maestro.hierarchyBasedTap-ogj28Uc: Tapping at (334, 1195) using hierarchy based logic for wait
21:01:02.829 [ INFO] maestro.cli.runner.CliConsoleListener.onCommandFinished: Tap on "Sofia Colombo" COMPLETED
21:01:02.830 [ INFO] maestro.cli.runner.CliConsoleListener.onCommandStart: Assert that "Skill del cliente" is visible RUNNING
21:02:03.056 [ERROR] maestro.orchestra.Orchestra.executeCommands: [Command execution] CommandFailed: Assertion is false: "Skill del cliente" is visible
21:02:03.181 [ INFO] maestro.Maestro.takeScreenshot: Taking screenshot
21:02:03.181 [TRACE] maestro.utils.ScreenshotUtils.takeScreenshot: Taking screenshot to output sink
21:02:04.219 [ INFO] maestro.cli.runner.CliConsoleListener.onCommandFinished: Assert that "Skill del cliente" is visible FAILED
