Anonymous analytics enabled. To opt out, set MAESTRO_CLI_NO_ANALYTICS environment variable to any value before running Maestro.


Waiting for flows to complete...
[Failed] 01-dashboard (1m 46s)

1/1 Flow Failed

Exception in thread "Thread-5" java.io.IOException: Command failed (host:transport:emulator-5554): device 'emulator-5554' not found
	at dadb.adbserver.AdbServer.send$dadb(AdbServer.kt:103)
	at dadb.adbserver.AdbServerDadb.open(AdbServer.kt:148)
	at dadb.Dadb$DefaultImpls.openShell(Dadb.kt:42)
	at dadb.adbserver.AdbServerDadb.openShell(AdbServer.kt:122)
	at dadb.Dadb$DefaultImpls.shell(Dadb.kt:35)
	at dadb.adbserver.AdbServerDadb.shell(AdbServer.kt:122)
	at maestro.android.AndroidDeviceConnection.shell(AndroidDeviceConnection.kt:153)
	at maestro.drivers.AndroidDriver.shell(AndroidDriver.kt:1352)
	at maestro.drivers.AndroidDriver.isPackageInstalled(AndroidDriver.kt:1335)
	at maestro.drivers.AndroidDriver.bestEffortUninstall(AndroidDriver.kt:1310)
	at maestro.drivers.AndroidDriver.uninstallMaestroDriverApp$lambda$89(AndroidDriver.kt:1296)
	at maestro.utils.Metrics.measured(Metrics.kt:48)
	at maestro.drivers.AndroidDriver.uninstallMaestroDriverApp(AndroidDriver.kt:1295)
	at maestro.drivers.AndroidDriver.close(AndroidDriver.kt:182)
	at maestro.Maestro.close(Maestro.kt:602)
	at maestro.cli.session.MaestroSessionManager$MaestroSession.close(MaestroSessionManager.kt:471)
	at maestro.cli.session.MaestroSessionManager.newSession$lambda$2(MaestroSessionManager.kt:129)
	at kotlin.concurrent.ThreadsKt$thread$thread$1.run(Thread.kt:30)
