19:53:42.345 [ INFO] maestro.cli.report.TestDebugReporter.logSystemInfo: Debug output path: /home/runner/.maestro/tests/2026-10-10_195342
19:53:42.350 [ INFO] MAESTRO.logSystemInfo: ---- System Info ----
19:53:42.350 [ INFO] MAESTRO.logSystemInfo: Maestro Version: 2.11.0
19:53:42.355 [ INFO] MAESTRO.logSystemInfo: CI: github
19:53:42.355 [ INFO] MAESTRO.logSystemInfo: OS Name: Linux
19:53:42.355 [ INFO] MAESTRO.logSystemInfo: OS Version: 6.17.0-1022-azure
19:53:42.356 [ INFO] MAESTRO.logSystemInfo: Architecture: amd64
19:53:42.357 [ INFO] MAESTRO.logSystemInfo: Java Version: 17
19:53:42.363 [ INFO] MAESTRO.logSystemInfo: Xcode Version: null
19:53:42.368 [ INFO] MAESTRO.logSystemInfo: Flutter Version: Undefined
19:53:42.373 [ INFO] MAESTRO.logSystemInfo: Flutter Channel: Undefined
19:53:42.373 [ INFO] MAESTRO.logSystemInfo: ---------------------
19:53:43.190 [DEBUG] io.micrometer.common.util.internal.logging.InternalLoggerFactory.newDefaultFactory: Using SLF4J as the default logging framework
19:53:45.977 [ INFO] maestro.cli.command.TestCommand.runShardSuite: [shard 1] Selected device emulator-5554 using port 44897 with execution plan ExecutionPlan(flowsToRun=[/home/runner/work/VIBRA-NATIVE/VIBRA-NATIVE/tests/emulatore/02-clienti.yaml], sequence=FlowSequence(flows=[], continueOnFailure=true), workspaceConfig=WorkspaceConfig(flows=null, includeTags=null, excludeTags=null, executionOrder=null, baselineBranch=null, notifications=null, disableRetries=false, platform=PlatformConfiguration(android=AndroidConfiguration(disableAnimations=false), ios=IOSConfiguration(disableAnimations=false, snapshotKeyHonorModalViews=null)), testOutputDir=null))
19:53:49.773 [ INFO] maestro.cli.runner.TestSuiteInteractor.runFlow:  Running flow 02-clienti
19:53:49.788 [ INFO] maestro.Maestro.cachedDeviceInfo_delegate$lambda$0: Getting device info
19:53:49.980 [ INFO] maestro.Maestro.cachedDeviceInfo_delegate$lambda$0: Got device info: DeviceInfo(platform=ANDROID, widthPixels=1080, heightPixels=2400, widthGrid=1080, heightGrid=2400)
19:53:50.109 [ INFO] maestro.cli.runner.CliConsoleListener.onCommandStart: Define variables RUNNING
19:53:50.113 [ INFO] maestro.cli.runner.CliConsoleListener.onCommandFinished: Define variables COMPLETED
19:53:50.114 [ INFO] maestro.cli.runner.CliConsoleListener.onCommandStart: Apply configuration RUNNING
19:53:50.114 [ INFO] maestro.cli.runner.CliConsoleListener.onCommandFinished: Apply configuration COMPLETED
19:53:50.115 [ INFO] maestro.cli.runner.CliConsoleListener.onCommandStart: Launch app "com.vibra.mobile" RUNNING
19:53:50.683 [DEBUG] maestro.Maestro.setPermissionInternal: Failed to set permission android.permission.READ_EXTERNAL_STORAGE for app com.vibra.mobile: shell command failed (exit -1): 
Exception occurred while executing 'grant':
java.lang.SecurityException: Package com.vibra.mobile has not requested permission android.permission.READ_EXTERNAL_STORAGE
	at com.android.server.pm.permission.PermissionManagerServiceImpl.grantRuntimePermissionInternal(PermissionManagerServiceImpl.java:1423)
	at com.android.server.pm.permission.PermissionManagerServiceImpl.grantRuntimePermission(PermissionManagerServiceImpl.java:1337)
	at com.android.server.pm.permission.PermissionManagerService.grantRuntimePermission(PermissionManagerService.java:551)
	at android.permission.PermissionManager.grantRuntimePermission(PermissionManager.java:609)
	at com.android.server.pm.PackageManagerShellCommand.runGrantRevokePermission(PackageManagerShellCommand.java:2672)
	at com.android.server.pm.PackageManagerShellCommand.onCommand(PackageManagerShellCommand.java:291)
	at com.android.modules.utils.BasicShellCommandHandler.exec(BasicShellCommandHandler.java:97)
	at android.os.ShellCommand.exec(ShellCommand.java:38)
	at com.android.server.pm.PackageManagerService$IPackageManagerImpl.onShellCommand(PackageManagerService.java:6350)
	at android.os.Binder.shellCommand(Binder.java:1068)
	at android.os.Binder.onTransact(Binder.java:888)
	at android.content.pm.IPackageManager$Stub.onTransact(IPackageManager.java:4352)
	at com.android.server.pm.PackageManagerService$IPackageManagerImpl.onTransact(PackageManagerService.java:6334)
	at android.os.Binder.execTransactInternal(Binder.java:1344)
	at android.os.Binder.execTransact(Binder.java:1275)

19:53:50.787 [DEBUG] maestro.Maestro.setPermissionInternal: Failed to set permission android.permission.WRITE_EXTERNAL_STORAGE for app com.vibra.mobile: shell command failed (exit -1): 
Exception occurred while executing 'grant':
java.lang.SecurityException: Package com.vibra.mobile has not requested permission android.permission.WRITE_EXTERNAL_STORAGE
	at com.android.server.pm.permission.PermissionManagerServiceImpl.grantRuntimePermissionInternal(PermissionManagerServiceImpl.java:1423)
	at com.android.server.pm.permission.PermissionManagerServiceImpl.grantRuntimePermission(PermissionManagerServiceImpl.java:1337)
	at com.android.server.pm.permission.PermissionManagerService.grantRuntimePermission(PermissionManagerService.java:551)
	at android.permission.PermissionManager.grantRuntimePermission(PermissionManager.java:609)
	at com.android.server.pm.PackageManagerShellCommand.runGrantRevokePermission(PackageManagerShellCommand.java:2672)
	at com.android.server.pm.PackageManagerShellCommand.onCommand(PackageManagerShellCommand.java:291)
	at com.android.modules.utils.BasicShellCommandHandler.exec(BasicShellCommandHandler.java:97)
	at android.os.ShellCommand.exec(ShellCommand.java:38)
	at com.android.server.pm.PackageManagerService$IPackageManagerImpl.onShellCommand(PackageManagerService.java:6350)
	at android.os.Binder.shellCommand(Binder.java:1068)
	at android.os.Binder.onTransact(Binder.java:888)
	at android.content.pm.IPackageManager$Stub.onTransact(IPackageManager.java:4352)
	at com.android.server.pm.PackageManagerService$IPackageManagerImpl.onTransact(PackageManagerService.java:6334)
	at android.os.Binder.execTransactInternal(Binder.java:1344)
	at android.os.Binder.execTransact(Binder.java:1275)

19:53:50.879 [ INFO] maestro.Maestro.launchApp$lambda$5: Launching app com.vibra.mobile
19:53:50.879 [ INFO] maestro.Maestro.launchApp$lambda$5: Stopping com.vibra.mobile app during launch
19:53:51.315 [ INFO] maestro.cli.runner.CliConsoleListener.onCommandFinished: Launch app "com.vibra.mobile" COMPLETED
19:53:51.316 [ INFO] maestro.cli.runner.CliConsoleListener.onCommandStart: Run sub/sistema.yaml RUNNING
19:53:51.319 [ INFO] maestro.cli.runner.CliConsoleListener.onCommandStart: Apply configuration RUNNING
19:53:51.320 [ INFO] maestro.cli.runner.CliConsoleListener.onCommandFinished: Apply configuration COMPLETED
19:53:51.320 [ INFO] maestro.cli.runner.CliConsoleListener.onCommandStart: Run flow when "Wait" is visible RUNNING
19:53:59.224 [ INFO] maestro.orchestra.Orchestra.executeSubflowCommands: [Command execution subflow] CommandSkipped: null
19:53:59.224 [ INFO] maestro.cli.runner.CliConsoleListener.onCommandFinished: Run flow when "Wait" is visible SKIPPED
19:53:59.225 [ INFO] maestro.cli.runner.CliConsoleListener.onCommandFinished: Run sub/sistema.yaml COMPLETED
19:53:59.225 [ INFO] maestro.cli.runner.CliConsoleListener.onCommandStart: Assert that "FATTURATO TOTALE|Accedi" is visible RUNNING
19:53:59.572 [ INFO] maestro.cli.runner.CliConsoleListener.onCommandFinished: Assert that "FATTURATO TOTALE|Accedi" is visible COMPLETED
19:53:59.573 [ INFO] maestro.cli.runner.CliConsoleListener.onCommandStart: Run sub/sistema.yaml RUNNING
19:53:59.573 [ INFO] maestro.cli.runner.CliConsoleListener.onCommandStart: Apply configuration RUNNING
19:53:59.573 [ INFO] maestro.cli.runner.CliConsoleListener.onCommandFinished: Apply configuration COMPLETED
19:53:59.574 [ INFO] maestro.cli.runner.CliConsoleListener.onCommandStart: Run flow when "Wait" is visible RUNNING
19:54:00.178 [ INFO] maestro.orchestra.Orchestra.executeSubflowCommands: [Command execution subflow] CommandSkipped: null
19:54:00.179 [ INFO] maestro.cli.runner.CliConsoleListener.onCommandFinished: Run flow when "Wait" is visible SKIPPED
19:54:00.180 [ INFO] maestro.cli.runner.CliConsoleListener.onCommandFinished: Run sub/sistema.yaml COMPLETED
19:54:00.180 [ INFO] maestro.cli.runner.CliConsoleListener.onCommandStart: Run sub/login.yaml RUNNING
19:54:00.180 [ INFO] maestro.cli.runner.CliConsoleListener.onCommandStart: Apply configuration RUNNING
19:54:00.181 [ INFO] maestro.cli.runner.CliConsoleListener.onCommandFinished: Apply configuration COMPLETED
19:54:00.181 [ INFO] maestro.cli.runner.CliConsoleListener.onCommandStart: Run flow when "Password" is visible RUNNING
19:54:01.026 [ INFO] maestro.orchestra.Orchestra.executeSubflowCommands: [Command execution subflow] CommandSkipped: null
19:54:01.027 [ INFO] maestro.cli.runner.CliConsoleListener.onCommandFinished: Run flow when "Password" is visible SKIPPED
19:54:01.027 [ INFO] maestro.cli.runner.CliConsoleListener.onCommandFinished: Run sub/login.yaml COMPLETED
19:54:01.027 [ INFO] maestro.cli.runner.CliConsoleListener.onCommandStart: Assert that "FATTURATO TOTALE" is visible RUNNING
19:54:01.294 [ INFO] maestro.cli.runner.CliConsoleListener.onCommandFinished: Assert that "FATTURATO TOTALE" is visible COMPLETED
19:54:01.294 [ INFO] maestro.cli.runner.CliConsoleListener.onCommandStart: Tap on "Clienti" RUNNING
19:54:01.576 [ INFO] maestro.Maestro.tap-HgV9Ck0: Tapping on element:  UiElement(treeNode=TreeNode(attributes={text=Clienti, accessibilityText=, hintText=, ignoreBoundsFiltering=false, resource-id=, clickable=false, bounds=[499,2279][581,2306], enabled=true, focused=false, checked=false, scrollable=false, selected=false, class=android.widget.TextView, important-for-accessibility=true, error=}, children=[], clickable=false, enabled=true, focused=false, checked=false, selected=false), bounds=Bounds(x=499, y=2279, width=82, height=27))
19:54:02.958 [ INFO] maestro.Maestro.tap-HgV9Ck0: Tap aimed via settled hierarchy
19:54:02.963 [ INFO] maestro.Maestro.hierarchyBasedTap-ogj28Uc: Tapping at (540, 2292) using hierarchy based logic for wait
19:54:03.697 [ INFO] maestro.cli.runner.CliConsoleListener.onCommandFinished: Tap on "Clienti" COMPLETED
19:54:03.698 [ INFO] maestro.cli.runner.CliConsoleListener.onCommandStart: Assert that "LISTA CLIENTI" is visible RUNNING
19:55:04.088 [ERROR] maestro.orchestra.Orchestra.executeCommands: [Command execution] CommandFailed: Assertion is false: "LISTA CLIENTI" is visible
19:55:04.498 [ INFO] maestro.Maestro.takeScreenshot: Taking screenshot
19:55:04.500 [TRACE] maestro.utils.ScreenshotUtils.takeScreenshot: Taking screenshot to output sink
19:55:04.817 [ INFO] maestro.cli.runner.CliConsoleListener.onCommandFinished: Assert that "LISTA CLIENTI" is visible FAILED
19:55:05.639 [ INFO] maestro.cli.report.TestDebugReporter.deleteOldFiles: Performing purge of logs older than 14 days from /home/runner/.maestro/tests
