20:03:33.449 [ INFO] maestro.cli.runner.CliConsoleListener.onCommandStart: Define variables RUNNING
20:03:33.453 [ INFO] maestro.cli.runner.CliConsoleListener.onCommandFinished: Define variables COMPLETED
20:03:33.455 [ INFO] maestro.cli.runner.CliConsoleListener.onCommandStart: Apply configuration RUNNING
20:03:33.455 [ INFO] maestro.cli.runner.CliConsoleListener.onCommandFinished: Apply configuration COMPLETED
20:03:33.456 [ INFO] maestro.cli.runner.CliConsoleListener.onCommandStart: Launch app "com.vibra.mobile" RUNNING
20:03:34.148 [DEBUG] maestro.Maestro.setPermissionInternal: Failed to set permission android.permission.READ_EXTERNAL_STORAGE for app com.vibra.mobile: shell command failed (exit -1): 
Exception occurred while executing 'grant':
java.lang.SecurityException: Package com.vibra.mobile has not requested permission android.permission.READ_EXTERNAL_STORAGE
	at com.android.server.pm.permission.PermissionManagerServiceImpl.grantRuntimePermissionInternal(PermissionManagerServiceImpl.java:1423)
	at com.android.server.pm.permission.PermissionManagerServiceImpl.grantRuntimePermission(PermissionManagerServiceImpl.java:1337)
	at com.android.server.pm.permission.PermissionManagerService.grantRuntimePermission(PermissionManagerService.java:551)
	at android.permission.PermissionManager.grantRuntimePermission(PermissionManager.java:609)
	at com.android.server.pm.PackageManagerShellCommand.runGrantRevokePermission(PackageManagerShellCommand.java:2672)
	at com.android.server.pm.PackageManagerShellCommand.onCommand(PackageManagerShellCommand.java:291)
	at com.android.modules.utils.BasicShellCommandHandler.exec(BasicShellCommandHandler.java:97)
	at android.os.ShellCommand.exec(ShellCommand.java:38)
	at com.android.server.pm.PackageManagerService$IPackageManagerImpl.onShellCommand(PackageManagerService.java:6350)
	at android.os.Binder.shellCommand(Binder.java:1068)
	at android.os.Binder.onTransact(Binder.java:888)
	at android.content.pm.IPackageManager$Stub.onTransact(IPackageManager.java:4352)
	at com.android.server.pm.PackageManagerService$IPackageManagerImpl.onTransact(PackageManagerService.java:6334)
	at android.os.Binder.execTransactInternal(Binder.java:1344)
	at android.os.Binder.execTransact(Binder.java:1275)

20:03:34.225 [DEBUG] maestro.Maestro.setPermissionInternal: Failed to set permission android.permission.WRITE_EXTERNAL_STORAGE for app com.vibra.mobile: shell command failed (exit -1): 
Exception occurred while executing 'grant':
java.lang.SecurityException: Package com.vibra.mobile has not requested permission android.permission.WRITE_EXTERNAL_STORAGE
	at com.android.server.pm.permission.PermissionManagerServiceImpl.grantRuntimePermissionInternal(PermissionManagerServiceImpl.java:1423)
	at com.android.server.pm.permission.PermissionManagerServiceImpl.grantRuntimePermission(PermissionManagerServiceImpl.java:1337)
	at com.android.server.pm.permission.PermissionManagerService.grantRuntimePermission(PermissionManagerService.java:551)
	at android.permission.PermissionManager.grantRuntimePermission(PermissionManager.java:609)
	at com.android.server.pm.PackageManagerShellCommand.runGrantRevokePermission(PackageManagerShellCommand.java:2672)
	at com.android.server.pm.PackageManagerShellCommand.onCommand(PackageManagerShellCommand.java:291)
	at com.android.modules.utils.BasicShellCommandHandler.exec(BasicShellCommandHandler.java:97)
	at android.os.ShellCommand.exec(ShellCommand.java:38)
	at com.android.server.pm.PackageManagerService$IPackageManagerImpl.onShellCommand(PackageManagerService.java:6350)
	at android.os.Binder.shellCommand(Binder.java:1068)
	at android.os.Binder.onTransact(Binder.java:888)
	at android.content.pm.IPackageManager$Stub.onTransact(IPackageManager.java:4352)
	at com.android.server.pm.PackageManagerService$IPackageManagerImpl.onTransact(PackageManagerService.java:6334)
	at android.os.Binder.execTransactInternal(Binder.java:1344)
	at android.os.Binder.execTransact(Binder.java:1275)

20:03:34.319 [ INFO] maestro.Maestro.launchApp$lambda$5: Launching app com.vibra.mobile
20:03:34.320 [ INFO] maestro.Maestro.launchApp$lambda$5: Stopping com.vibra.mobile app during launch
20:03:35.080 [ INFO] maestro.cli.runner.CliConsoleListener.onCommandFinished: Launch app "com.vibra.mobile" COMPLETED
20:03:35.080 [ INFO] maestro.cli.runner.CliConsoleListener.onCommandStart: Run sub/sistema.yaml RUNNING
20:03:35.086 [ INFO] maestro.cli.runner.CliConsoleListener.onCommandStart: Apply configuration RUNNING
20:03:35.087 [ INFO] maestro.cli.runner.CliConsoleListener.onCommandFinished: Apply configuration COMPLETED
20:03:35.088 [ INFO] maestro.cli.runner.CliConsoleListener.onCommandStart: Run flow when "Wait" is visible RUNNING
20:03:43.239 [ INFO] maestro.orchestra.Orchestra.executeSubflowCommands: [Command execution subflow] CommandSkipped: null
20:03:43.240 [ INFO] maestro.cli.runner.CliConsoleListener.onCommandFinished: Run flow when "Wait" is visible SKIPPED
20:03:43.240 [ INFO] maestro.cli.runner.CliConsoleListener.onCommandFinished: Run sub/sistema.yaml COMPLETED
20:03:43.241 [ INFO] maestro.cli.runner.CliConsoleListener.onCommandStart: Assert that "FATTURATO TOTALE|Accedi" is visible RUNNING
20:03:43.599 [ INFO] maestro.cli.runner.CliConsoleListener.onCommandFinished: Assert that "FATTURATO TOTALE|Accedi" is visible COMPLETED
20:03:43.600 [ INFO] maestro.cli.runner.CliConsoleListener.onCommandStart: Run sub/sistema.yaml RUNNING
20:03:43.601 [ INFO] maestro.cli.runner.CliConsoleListener.onCommandStart: Apply configuration RUNNING
20:03:43.601 [ INFO] maestro.cli.runner.CliConsoleListener.onCommandFinished: Apply configuration COMPLETED
20:03:43.601 [ INFO] maestro.cli.runner.CliConsoleListener.onCommandStart: Run flow when "Wait" is visible RUNNING
20:03:44.375 [ INFO] maestro.orchestra.Orchestra.executeSubflowCommands: [Command execution subflow] CommandSkipped: null
20:03:44.375 [ INFO] maestro.cli.runner.CliConsoleListener.onCommandFinished: Run flow when "Wait" is visible SKIPPED
20:03:44.376 [ INFO] maestro.cli.runner.CliConsoleListener.onCommandFinished: Run sub/sistema.yaml COMPLETED
20:03:44.376 [ INFO] maestro.cli.runner.CliConsoleListener.onCommandStart: Run sub/login.yaml RUNNING
20:03:44.376 [ INFO] maestro.cli.runner.CliConsoleListener.onCommandStart: Apply configuration RUNNING
20:03:44.377 [ INFO] maestro.cli.runner.CliConsoleListener.onCommandFinished: Apply configuration COMPLETED
20:03:44.377 [ INFO] maestro.cli.runner.CliConsoleListener.onCommandStart: Run flow when "Password" is visible RUNNING
20:03:44.847 [ INFO] maestro.orchestra.Orchestra.executeSubflowCommands: [Command execution subflow] CommandSkipped: null
20:03:44.847 [ INFO] maestro.cli.runner.CliConsoleListener.onCommandFinished: Run flow when "Password" is visible SKIPPED
20:03:44.847 [ INFO] maestro.cli.runner.CliConsoleListener.onCommandFinished: Run sub/login.yaml COMPLETED
20:03:44.848 [ INFO] maestro.cli.runner.CliConsoleListener.onCommandStart: Assert that "FATTURATO TOTALE" is visible RUNNING
20:03:45.125 [ INFO] maestro.cli.runner.CliConsoleListener.onCommandFinished: Assert that "FATTURATO TOTALE" is visible COMPLETED
20:03:45.125 [ INFO] maestro.cli.runner.CliConsoleListener.onCommandStart: Tap on "Clienti" RUNNING
20:03:45.414 [ INFO] maestro.Maestro.tap-HgV9Ck0: Tapping on element:  UiElement(treeNode=TreeNode(attributes={text=Clienti, accessibilityText=, hintText=, ignoreBoundsFiltering=false, resource-id=, clickable=false, bounds=[499,2279][581,2306], enabled=true, focused=false, checked=false, scrollable=false, selected=false, class=android.widget.TextView, important-for-accessibility=true, error=}, children=[], clickable=false, enabled=true, focused=false, checked=false, selected=false), bounds=Bounds(x=499, y=2279, width=82, height=27))
20:03:46.840 [ INFO] maestro.Maestro.tap-HgV9Ck0: Tap aimed via settled hierarchy
20:03:46.845 [ INFO] maestro.Maestro.hierarchyBasedTap-ogj28Uc: Tapping at (540, 2292) using hierarchy based logic for wait
20:03:48.798 [ INFO] maestro.Maestro.hierarchyBasedTap-ogj28Uc: Something has changed in the UI judging by view hierarchy. Proceed.
20:03:48.799 [ INFO] maestro.cli.runner.CliConsoleListener.onCommandFinished: Tap on "Clienti" COMPLETED
20:03:48.799 [ INFO] maestro.cli.runner.CliConsoleListener.onCommandStart: Assert that "LISTA CLIENTI" is visible RUNNING
20:04:49.119 [ERROR] maestro.orchestra.Orchestra.executeCommands: [Command execution] CommandFailed: Assertion is false: "LISTA CLIENTI" is visible
20:04:49.416 [ INFO] maestro.Maestro.takeScreenshot: Taking screenshot
20:04:49.418 [TRACE] maestro.utils.ScreenshotUtils.takeScreenshot: Taking screenshot to output sink
20:04:49.658 [ INFO] maestro.cli.runner.CliConsoleListener.onCommandFinished: Assert that "LISTA CLIENTI" is visible FAILED
