20:23:13.396 [ INFO] maestro.cli.report.TestDebugReporter.logSystemInfo: Debug output path: /home/runner/.maestro/tests/2026-10-10_202313
20:23:13.401 [ INFO] MAESTRO.logSystemInfo: ---- System Info ----
20:23:13.405 [ INFO] MAESTRO.logSystemInfo: Maestro Version: 2.11.0
20:23:13.406 [ INFO] MAESTRO.logSystemInfo: CI: github
20:23:13.408 [ INFO] MAESTRO.logSystemInfo: OS Name: Linux
20:23:13.408 [ INFO] MAESTRO.logSystemInfo: OS Version: 6.17.0-1022-azure
20:23:13.408 [ INFO] MAESTRO.logSystemInfo: Architecture: amd64
20:23:13.414 [ INFO] MAESTRO.logSystemInfo: Java Version: 17
20:23:13.418 [ INFO] MAESTRO.logSystemInfo: Xcode Version: null
20:23:13.423 [ INFO] MAESTRO.logSystemInfo: Flutter Version: Undefined
20:23:13.428 [ INFO] MAESTRO.logSystemInfo: Flutter Channel: Undefined
20:23:13.428 [ INFO] MAESTRO.logSystemInfo: ---------------------
20:23:19.760 [ INFO] maestro.cli.command.TestCommand.runShardSuite: [shard 1] Selected device emulator-5554 using port 46365 with execution plan ExecutionPlan(flowsToRun=[/home/runner/work/VIBRA-NATIVE/VIBRA-NATIVE/tests/emulatore/admin/01-dashboard.yaml], sequence=FlowSequence(flows=[], continueOnFailure=true), workspaceConfig=WorkspaceConfig(flows=null, includeTags=null, excludeTags=null, executionOrder=null, baselineBranch=null, notifications=null, disableRetries=false, platform=PlatformConfiguration(android=AndroidConfiguration(disableAnimations=false), ios=IOSConfiguration(disableAnimations=false, snapshotKeyHonorModalViews=null)), testOutputDir=null))
20:23:42.689 [ INFO] maestro.cli.runner.TestSuiteInteractor.runFlow:  Running flow 01-dashboard
20:23:42.709 [ INFO] maestro.Maestro.cachedDeviceInfo_delegate$lambda$0: Getting device info
20:23:43.685 [ INFO] maestro.Maestro.cachedDeviceInfo_delegate$lambda$0: Got device info: DeviceInfo(platform=ANDROID, widthPixels=1080, heightPixels=2400, widthGrid=1080, heightGrid=2400)
20:23:43.912 [ INFO] maestro.cli.runner.CliConsoleListener.onCommandStart: Define variables RUNNING
20:23:43.916 [ INFO] maestro.cli.runner.CliConsoleListener.onCommandFinished: Define variables COMPLETED
20:23:43.917 [ INFO] maestro.cli.runner.CliConsoleListener.onCommandStart: Apply configuration RUNNING
20:23:43.918 [ INFO] maestro.cli.runner.CliConsoleListener.onCommandFinished: Apply configuration COMPLETED
20:23:43.918 [ INFO] maestro.cli.runner.CliConsoleListener.onCommandStart: Launch app "com.vibra.mobile" RUNNING
20:23:45.164 [DEBUG] maestro.Maestro.setPermissionInternal: Failed to set permission android.permission.READ_EXTERNAL_STORAGE for app com.vibra.mobile: shell command failed (exit -1): 
Exception occurred while executing 'grant':
java.lang.SecurityException: Package com.vibra.mobile has not requested permission android.permission.READ_EXTERNAL_STORAGE
	at com.android.server.pm.permission.PermissionManagerServiceImpl.grantRuntimePermissionInternal(PermissionManagerServiceImpl.java:1423)
	at com.android.server.pm.permission.PermissionManagerServiceImpl.grantRuntimePermission(PermissionManagerServiceImpl.java:1337)
	at com.android.server.pm.permission.PermissionManagerService.grantRuntimePermission(PermissionManagerService.java:551)
	at android.permission.PermissionManager.grantRuntimePermission(PermissionManager.java:609)
	at com.android.server.pm.PackageManagerShellCommand.runGrantRevokePermission(PackageManagerShellCommand.java:2672)
	at com.android.server.pm.PackageManagerShellCommand.onCommand(PackageManagerShellCommand.java:291)
	at com.android.modules.utils.BasicShellCommandHandler.exec(BasicShellCommandHandler.java:97)
	at android.os.ShellCommand.exec(ShellCommand.java:38)
	at com.android.server.pm.PackageManagerService$IPackageManagerImpl.onShellCommand(PackageManagerService.java:6350)
	at android.os.Binder.shellCommand(Binder.java:1068)
	at android.os.Binder.onTransact(Binder.java:888)
	at android.content.pm.IPackageManager$Stub.onTransact(IPackageManager.java:4352)
	at com.android.server.pm.PackageManagerService$IPackageManagerImpl.onTransact(PackageManagerService.java:6334)
	at android.os.Binder.execTransactInternal(Binder.java:1344)
	at android.os.Binder.execTransact(Binder.java:1275)

20:23:45.518 [DEBUG] maestro.Maestro.setPermissionInternal: Failed to set permission android.permission.WRITE_EXTERNAL_STORAGE for app com.vibra.mobile: shell command failed (exit -1): 
Exception occurred while executing 'grant':
java.lang.SecurityException: Package com.vibra.mobile has not requested permission android.permission.WRITE_EXTERNAL_STORAGE
	at com.android.server.pm.permission.PermissionManagerServiceImpl.grantRuntimePermissionInternal(PermissionManagerServiceImpl.java:1423)
	at com.android.server.pm.permission.PermissionManagerServiceImpl.grantRuntimePermission(PermissionManagerServiceImpl.java:1337)
	at com.android.server.pm.permission.PermissionManagerService.grantRuntimePermission(PermissionManagerService.java:551)
	at android.permission.PermissionManager.grantRuntimePermission(PermissionManager.java:609)
	at com.android.server.pm.PackageManagerShellCommand.runGrantRevokePermission(PackageManagerShellCommand.java:2672)
	at com.android.server.pm.PackageManagerShellCommand.onCommand(PackageManagerShellCommand.java:291)
	at com.android.modules.utils.BasicShellCommandHandler.exec(BasicShellCommandHandler.java:97)
	at android.os.ShellCommand.exec(ShellCommand.java:38)
	at com.android.server.pm.PackageManagerService$IPackageManagerImpl.onShellCommand(PackageManagerService.java:6350)
	at android.os.Binder.shellCommand(Binder.java:1068)
	at android.os.Binder.onTransact(Binder.java:888)
	at android.content.pm.IPackageManager$Stub.onTransact(IPackageManager.java:4352)
	at com.android.server.pm.PackageManagerService$IPackageManagerImpl.onTransact(PackageManagerService.java:6334)
	at android.os.Binder.execTransactInternal(Binder.java:1344)
	at android.os.Binder.execTransact(Binder.java:1275)

20:23:45.830 [ INFO] maestro.Maestro.launchApp$lambda$5: Launching app com.vibra.mobile
20:23:45.831 [ INFO] maestro.Maestro.launchApp$lambda$5: Stopping com.vibra.mobile app during launch
20:23:46.637 [ INFO] maestro.cli.runner.CliConsoleListener.onCommandFinished: Launch app "com.vibra.mobile" COMPLETED
20:23:46.639 [ INFO] maestro.cli.runner.CliConsoleListener.onCommandStart: Run ../sub/sistema.yaml RUNNING
20:23:46.641 [ INFO] maestro.cli.runner.CliConsoleListener.onCommandStart: Apply configuration RUNNING
20:23:46.641 [ INFO] maestro.cli.runner.CliConsoleListener.onCommandFinished: Apply configuration COMPLETED
20:23:46.646 [ INFO] maestro.cli.runner.CliConsoleListener.onCommandStart: Run flow when "Wait" is visible RUNNING
20:23:54.897 [ INFO] maestro.orchestra.Orchestra.executeSubflowCommands: [Command execution subflow] CommandSkipped: null
20:23:54.898 [ INFO] maestro.cli.runner.CliConsoleListener.onCommandFinished: Run flow when "Wait" is visible SKIPPED
20:23:54.898 [ INFO] maestro.cli.runner.CliConsoleListener.onCommandFinished: Run ../sub/sistema.yaml COMPLETED
20:23:54.898 [ INFO] maestro.cli.runner.CliConsoleListener.onCommandStart: Assert that "FATTURATO TOTALE|Password" is visible RUNNING
20:24:05.547 [ INFO] maestro.cli.runner.CliConsoleListener.onCommandFinished: Assert that "FATTURATO TOTALE|Password" is visible COMPLETED
20:24:05.548 [ INFO] maestro.cli.runner.CliConsoleListener.onCommandStart: Run ../sub/sistema.yaml RUNNING
20:24:05.549 [ INFO] maestro.cli.runner.CliConsoleListener.onCommandStart: Apply configuration RUNNING
20:24:05.549 [ INFO] maestro.cli.runner.CliConsoleListener.onCommandFinished: Apply configuration COMPLETED
20:24:05.550 [ INFO] maestro.cli.runner.CliConsoleListener.onCommandStart: Run flow when "Wait" is visible RUNNING
20:24:10.689 [ INFO] maestro.orchestra.Orchestra.executeSubflowCommands: [Command execution subflow] CommandSkipped: null
20:24:10.690 [ INFO] maestro.cli.runner.CliConsoleListener.onCommandFinished: Run flow when "Wait" is visible SKIPPED
20:24:10.690 [ INFO] maestro.cli.runner.CliConsoleListener.onCommandFinished: Run ../sub/sistema.yaml COMPLETED
20:24:10.690 [ INFO] maestro.cli.runner.CliConsoleListener.onCommandStart: Run ../sub/login.yaml RUNNING
20:24:10.690 [ INFO] maestro.cli.runner.CliConsoleListener.onCommandStart: Apply configuration RUNNING
20:24:10.691 [ INFO] maestro.cli.runner.CliConsoleListener.onCommandFinished: Apply configuration COMPLETED
20:24:10.691 [ INFO] maestro.cli.runner.CliConsoleListener.onCommandStart: Run flow when "Password" is visible RUNNING
20:24:14.341 [ INFO] maestro.orchestra.Orchestra.executeSubflowCommands: [Command execution subflow] CommandSkipped: null
20:24:14.341 [ INFO] maestro.cli.runner.CliConsoleListener.onCommandFinished: Run flow when "Password" is visible SKIPPED
20:24:14.342 [ INFO] maestro.cli.runner.CliConsoleListener.onCommandFinished: Run ../sub/login.yaml COMPLETED
20:24:14.342 [ INFO] maestro.cli.runner.CliConsoleListener.onCommandStart: Assert that "FATTURATO TOTALE" is visible RUNNING
20:24:15.287 [ INFO] maestro.cli.runner.CliConsoleListener.onCommandFinished: Assert that "FATTURATO TOTALE" is visible COMPLETED
20:24:15.287 [ INFO] maestro.cli.runner.CliConsoleListener.onCommandStart: Wait for animation to end RUNNING
20:24:15.297 [ INFO] maestro.Maestro.waitForAnimationToEnd$lambda$53: Waiting for animation to end with timeout 15000
20:24:15.306 [TRACE] maestro.utils.ScreenshotUtils.takeScreenshot: Taking screenshot to byte array
20:24:15.306 [TRACE] maestro.utils.ScreenshotUtils.takeScreenshot: Taking screenshot to output sink
20:24:16.615 [TRACE] maestro.utils.ScreenshotUtils.takeScreenshot: Taking screenshot to byte array
20:24:16.616 [TRACE] maestro.utils.ScreenshotUtils.takeScreenshot: Taking screenshot to output sink
20:24:18.321 [ INFO] maestro.cli.runner.CliConsoleListener.onCommandFinished: Wait for animation to end COMPLETED
20:24:18.321 [ INFO] maestro.cli.runner.CliConsoleListener.onCommandStart: Take screenshot dash-01 RUNNING
20:24:18.324 [ INFO] maestro.Maestro.takeScreenshot: Taking screenshot
20:24:18.327 [TRACE] maestro.utils.ScreenshotUtils.takeScreenshot: Taking screenshot to output sink
20:24:19.153 [ INFO] maestro.cli.runner.CliConsoleListener.onCommandFinished: Take screenshot dash-01 COMPLETED
20:24:19.158 [ INFO] maestro.cli.runner.CliConsoleListener.onCommandStart: Swipe from (50%, 75%) to (50%, 30%) in 600 ms RUNNING
20:24:23.090 [ INFO] maestro.cli.runner.CliConsoleListener.onCommandFinished: Swipe from (50%, 75%) to (50%, 30%) in 600 ms COMPLETED
20:24:23.090 [ INFO] maestro.cli.runner.CliConsoleListener.onCommandStart: Wait for animation to end RUNNING
20:24:23.091 [ INFO] maestro.Maestro.waitForAnimationToEnd$lambda$53: Waiting for animation to end with timeout 15000
20:24:23.091 [TRACE] maestro.utils.ScreenshotUtils.takeScreenshot: Taking screenshot to byte array
20:24:23.092 [TRACE] maestro.utils.ScreenshotUtils.takeScreenshot: Taking screenshot to output sink
20:24:23.556 [TRACE] maestro.utils.ScreenshotUtils.takeScreenshot: Taking screenshot to byte array
20:24:23.556 [TRACE] maestro.utils.ScreenshotUtils.takeScreenshot: Taking screenshot to output sink
20:24:24.479 [ INFO] maestro.cli.runner.CliConsoleListener.onCommandFinished: Wait for animation to end COMPLETED
20:24:24.480 [ INFO] maestro.cli.runner.CliConsoleListener.onCommandStart: Run ../sub/sistema.yaml RUNNING
20:24:24.481 [ INFO] maestro.cli.runner.CliConsoleListener.onCommandStart: Apply configuration RUNNING
20:24:24.481 [ INFO] maestro.cli.runner.CliConsoleListener.onCommandFinished: Apply configuration COMPLETED
20:24:24.481 [ INFO] maestro.cli.runner.CliConsoleListener.onCommandStart: Run flow when "Wait" is visible RUNNING
20:24:32.207 [ INFO] maestro.orchestra.Orchestra.executeSubflowCommands: [Command execution subflow] CommandSkipped: null
20:24:32.208 [ INFO] maestro.cli.runner.CliConsoleListener.onCommandFinished: Run flow when "Wait" is visible SKIPPED
20:24:32.208 [ INFO] maestro.cli.runner.CliConsoleListener.onCommandFinished: Run ../sub/sistema.yaml COMPLETED
20:24:32.208 [ INFO] maestro.cli.runner.CliConsoleListener.onCommandStart: Take screenshot dash-02 RUNNING
20:24:32.209 [ INFO] maestro.Maestro.takeScreenshot: Taking screenshot
20:24:32.209 [TRACE] maestro.utils.ScreenshotUtils.takeScreenshot: Taking screenshot to output sink
20:24:32.452 [ INFO] maestro.cli.runner.CliConsoleListener.onCommandFinished: Take screenshot dash-02 COMPLETED
20:24:32.452 [ INFO] maestro.cli.runner.CliConsoleListener.onCommandStart: Swipe from (50%, 75%) to (50%, 30%) in 600 ms RUNNING
20:24:35.042 [ INFO] maestro.cli.runner.CliConsoleListener.onCommandFinished: Swipe from (50%, 75%) to (50%, 30%) in 600 ms COMPLETED
20:24:35.043 [ INFO] maestro.cli.runner.CliConsoleListener.onCommandStart: Wait for animation to end RUNNING
20:24:35.043 [ INFO] maestro.Maestro.waitForAnimationToEnd$lambda$53: Waiting for animation to end with timeout 15000
20:24:35.044 [TRACE] maestro.utils.ScreenshotUtils.takeScreenshot: Taking screenshot to byte array
20:24:35.044 [TRACE] maestro.utils.ScreenshotUtils.takeScreenshot: Taking screenshot to output sink
20:24:35.326 [TRACE] maestro.utils.ScreenshotUtils.takeScreenshot: Taking screenshot to byte array
20:24:35.326 [TRACE] maestro.utils.ScreenshotUtils.takeScreenshot: Taking screenshot to output sink
20:24:35.863 [ INFO] maestro.cli.runner.CliConsoleListener.onCommandFinished: Wait for animation to end COMPLETED
20:24:35.863 [ INFO] maestro.cli.runner.CliConsoleListener.onCommandStart: Run ../sub/sistema.yaml RUNNING
20:24:35.863 [ INFO] maestro.cli.runner.CliConsoleListener.onCommandStart: Apply configuration RUNNING
20:24:35.864 [ INFO] maestro.cli.runner.CliConsoleListener.onCommandFinished: Apply configuration COMPLETED
20:24:35.864 [ INFO] maestro.cli.runner.CliConsoleListener.onCommandStart: Run flow when "Wait" is visible RUNNING
20:24:44.347 [ INFO] maestro.orchestra.Orchestra.executeSubflowCommands: [Command execution subflow] CommandSkipped: null
20:24:44.347 [ INFO] maestro.cli.runner.CliConsoleListener.onCommandFinished: Run flow when "Wait" is visible SKIPPED
20:24:44.347 [ INFO] maestro.cli.runner.CliConsoleListener.onCommandFinished: Run ../sub/sistema.yaml COMPLETED
20:24:44.348 [ INFO] maestro.cli.runner.CliConsoleListener.onCommandStart: Take screenshot dash-03 RUNNING
20:24:44.348 [ INFO] maestro.Maestro.takeScreenshot: Taking screenshot
20:24:44.349 [TRACE] maestro.utils.ScreenshotUtils.takeScreenshot: Taking screenshot to output sink
20:24:44.958 [ INFO] maestro.cli.runner.CliConsoleListener.onCommandFinished: Take screenshot dash-03 COMPLETED
20:24:44.958 [ INFO] maestro.cli.runner.CliConsoleListener.onCommandStart: Swipe from (50%, 75%) to (50%, 30%) in 600 ms RUNNING
20:24:54.348 [ INFO] maestro.cli.runner.CliConsoleListener.onCommandFinished: Swipe from (50%, 75%) to (50%, 30%) in 600 ms COMPLETED
20:24:54.348 [ INFO] maestro.cli.runner.CliConsoleListener.onCommandStart: Wait for animation to end RUNNING
20:24:54.349 [ INFO] maestro.Maestro.waitForAnimationToEnd$lambda$53: Waiting for animation to end with timeout 15000
20:24:54.349 [TRACE] maestro.utils.ScreenshotUtils.takeScreenshot: Taking screenshot to byte array
20:24:54.349 [TRACE] maestro.utils.ScreenshotUtils.takeScreenshot: Taking screenshot to output sink
20:24:55.784 [TRACE] maestro.utils.ScreenshotUtils.takeScreenshot: Taking screenshot to byte array
20:24:55.785 [TRACE] maestro.utils.ScreenshotUtils.takeScreenshot: Taking screenshot to output sink
20:24:57.276 [ INFO] maestro.cli.runner.CliConsoleListener.onCommandFinished: Wait for animation to end COMPLETED
20:24:57.276 [ INFO] maestro.cli.runner.CliConsoleListener.onCommandStart: Run ../sub/sistema.yaml RUNNING
20:24:57.276 [ INFO] maestro.cli.runner.CliConsoleListener.onCommandStart: Apply configuration RUNNING
20:24:57.277 [ INFO] maestro.cli.runner.CliConsoleListener.onCommandFinished: Apply configuration COMPLETED
20:24:57.278 [ INFO] maestro.cli.runner.CliConsoleListener.onCommandStart: Run flow when "Wait" is visible RUNNING
20:25:04.739 [ INFO] maestro.orchestra.Orchestra.executeSubflowCommands: [Command execution subflow] CommandSkipped: null
20:25:04.740 [ INFO] maestro.cli.runner.CliConsoleListener.onCommandFinished: Run flow when "Wait" is visible SKIPPED
20:25:04.740 [ INFO] maestro.cli.runner.CliConsoleListener.onCommandFinished: Run ../sub/sistema.yaml COMPLETED
20:25:04.740 [ INFO] maestro.cli.runner.CliConsoleListener.onCommandStart: Take screenshot dash-04 RUNNING
20:25:04.743 [ INFO] maestro.Maestro.takeScreenshot: Taking screenshot
20:25:04.744 [TRACE] maestro.utils.ScreenshotUtils.takeScreenshot: Taking screenshot to output sink
20:25:04.967 [ INFO] maestro.cli.runner.CliConsoleListener.onCommandFinished: Take screenshot dash-04 COMPLETED
20:25:04.967 [ INFO] maestro.cli.runner.CliConsoleListener.onCommandStart: Swipe from (50%, 75%) to (50%, 30%) in 600 ms RUNNING
20:25:07.744 [ INFO] maestro.cli.runner.CliConsoleListener.onCommandFinished: Swipe from (50%, 75%) to (50%, 30%) in 600 ms COMPLETED
20:25:07.745 [ INFO] maestro.cli.runner.CliConsoleListener.onCommandStart: Wait for animation to end RUNNING
20:25:07.746 [ INFO] maestro.Maestro.waitForAnimationToEnd$lambda$53: Waiting for animation to end with timeout 15000
20:25:07.747 [TRACE] maestro.utils.ScreenshotUtils.takeScreenshot: Taking screenshot to byte array
20:25:07.747 [TRACE] maestro.utils.ScreenshotUtils.takeScreenshot: Taking screenshot to output sink
20:25:08.082 [TRACE] maestro.utils.ScreenshotUtils.takeScreenshot: Taking screenshot to byte array
20:25:08.082 [TRACE] maestro.utils.ScreenshotUtils.takeScreenshot: Taking screenshot to output sink
20:25:08.795 [ INFO] maestro.cli.runner.CliConsoleListener.onCommandFinished: Wait for animation to end COMPLETED
20:25:08.795 [ INFO] maestro.cli.runner.CliConsoleListener.onCommandStart: Run ../sub/sistema.yaml RUNNING
20:25:08.795 [ INFO] maestro.cli.runner.CliConsoleListener.onCommandStart: Apply configuration RUNNING
20:25:08.796 [ INFO] maestro.cli.runner.CliConsoleListener.onCommandFinished: Apply configuration COMPLETED
20:25:08.796 [ INFO] maestro.cli.runner.CliConsoleListener.onCommandStart: Run flow when "Wait" is visible RUNNING
20:25:16.579 [ INFO] maestro.orchestra.Orchestra.executeSubflowCommands: [Command execution subflow] CommandSkipped: null
20:25:16.579 [ INFO] maestro.cli.runner.CliConsoleListener.onCommandFinished: Run flow when "Wait" is visible SKIPPED
20:25:16.580 [ INFO] maestro.cli.runner.CliConsoleListener.onCommandFinished: Run ../sub/sistema.yaml COMPLETED
20:25:16.580 [ INFO] maestro.cli.runner.CliConsoleListener.onCommandStart: Take screenshot dash-05 RUNNING
20:25:16.580 [ INFO] maestro.Maestro.takeScreenshot: Taking screenshot
20:25:16.581 [TRACE] maestro.utils.ScreenshotUtils.takeScreenshot: Taking screenshot to output sink
20:25:17.011 [ INFO] maestro.cli.runner.CliConsoleListener.onCommandFinished: Take screenshot dash-05 COMPLETED
20:25:17.012 [ INFO] maestro.cli.runner.CliConsoleListener.onCommandStart: Swipe from (50%, 75%) to (50%, 30%) in 600 ms RUNNING
20:25:20.702 [ INFO] maestro.cli.runner.CliConsoleListener.onCommandFinished: Swipe from (50%, 75%) to (50%, 30%) in 600 ms COMPLETED
20:25:20.703 [ INFO] maestro.cli.runner.CliConsoleListener.onCommandStart: Wait for animation to end RUNNING
20:25:20.703 [ INFO] maestro.Maestro.waitForAnimationToEnd$lambda$53: Waiting for animation to end with timeout 15000
20:25:20.703 [TRACE] maestro.utils.ScreenshotUtils.takeScreenshot: Taking screenshot to byte array
20:25:20.703 [TRACE] maestro.utils.ScreenshotUtils.takeScreenshot: Taking screenshot to output sink
20:25:21.486 [TRACE] maestro.utils.ScreenshotUtils.takeScreenshot: Taking screenshot to byte array
20:25:21.487 [TRACE] maestro.utils.ScreenshotUtils.takeScreenshot: Taking screenshot to output sink
20:25:22.111 [ INFO] maestro.cli.runner.CliConsoleListener.onCommandFinished: Wait for animation to end COMPLETED
20:25:22.111 [ INFO] maestro.cli.runner.CliConsoleListener.onCommandStart: Run ../sub/sistema.yaml RUNNING
20:25:22.111 [ INFO] maestro.cli.runner.CliConsoleListener.onCommandStart: Apply configuration RUNNING
20:25:22.111 [ INFO] maestro.cli.runner.CliConsoleListener.onCommandFinished: Apply configuration COMPLETED
20:25:22.112 [ INFO] maestro.cli.runner.CliConsoleListener.onCommandStart: Run flow when "Wait" is visible RUNNING
20:25:29.464 [ INFO] maestro.orchestra.Orchestra.executeSubflowCommands: [Command execution subflow] CommandSkipped: null
20:25:29.465 [ INFO] maestro.cli.runner.CliConsoleListener.onCommandFinished: Run flow when "Wait" is visible SKIPPED
20:25:29.465 [ INFO] maestro.cli.runner.CliConsoleListener.onCommandFinished: Run ../sub/sistema.yaml COMPLETED
20:25:29.465 [ INFO] maestro.cli.runner.CliConsoleListener.onCommandStart: Take screenshot dash-06 RUNNING
20:25:29.465 [ INFO] maestro.Maestro.takeScreenshot: Taking screenshot
20:25:29.466 [TRACE] maestro.utils.ScreenshotUtils.takeScreenshot: Taking screenshot to output sink
20:25:29.728 [ INFO] maestro.cli.runner.CliConsoleListener.onCommandFinished: Take screenshot dash-06 COMPLETED
20:25:29.729 [ INFO] maestro.cli.runner.CliConsoleListener.onCommandStart: Swipe from (50%, 75%) to (50%, 30%) in 600 ms RUNNING
20:25:32.644 [ INFO] maestro.cli.runner.CliConsoleListener.onCommandFinished: Swipe from (50%, 75%) to (50%, 30%) in 600 ms COMPLETED
20:25:32.644 [ INFO] maestro.cli.runner.CliConsoleListener.onCommandStart: Wait for animation to end RUNNING
20:25:32.645 [ INFO] maestro.Maestro.waitForAnimationToEnd$lambda$53: Waiting for animation to end with timeout 15000
20:25:32.645 [TRACE] maestro.utils.ScreenshotUtils.takeScreenshot: Taking screenshot to byte array
20:25:32.645 [TRACE] maestro.utils.ScreenshotUtils.takeScreenshot: Taking screenshot to output sink
20:25:32.980 [TRACE] maestro.utils.ScreenshotUtils.takeScreenshot: Taking screenshot to byte array
20:25:32.981 [TRACE] maestro.utils.ScreenshotUtils.takeScreenshot: Taking screenshot to output sink
20:25:33.557 [ INFO] maestro.cli.runner.CliConsoleListener.onCommandFinished: Wait for animation to end COMPLETED
20:25:33.557 [ INFO] maestro.cli.runner.CliConsoleListener.onCommandStart: Run ../sub/sistema.yaml RUNNING
20:25:33.558 [ INFO] maestro.cli.runner.CliConsoleListener.onCommandStart: Apply configuration RUNNING
20:25:33.558 [ INFO] maestro.cli.runner.CliConsoleListener.onCommandFinished: Apply configuration COMPLETED
20:25:33.558 [ INFO] maestro.cli.runner.CliConsoleListener.onCommandStart: Run flow when "Wait" is visible RUNNING
20:25:40.961 [ INFO] maestro.orchestra.Orchestra.executeSubflowCommands: [Command execution subflow] CommandSkipped: null
20:25:40.962 [ INFO] maestro.cli.runner.CliConsoleListener.onCommandFinished: Run flow when "Wait" is visible SKIPPED
20:25:40.962 [ INFO] maestro.cli.runner.CliConsoleListener.onCommandFinished: Run ../sub/sistema.yaml COMPLETED
20:25:40.962 [ INFO] maestro.cli.runner.CliConsoleListener.onCommandStart: Take screenshot dash-07 RUNNING
20:25:40.962 [ INFO] maestro.Maestro.takeScreenshot: Taking screenshot
20:25:40.963 [TRACE] maestro.utils.ScreenshotUtils.takeScreenshot: Taking screenshot to output sink
20:25:41.170 [ INFO] maestro.cli.runner.CliConsoleListener.onCommandFinished: Take screenshot dash-07 COMPLETED
20:25:41.170 [ INFO] maestro.cli.runner.CliConsoleListener.onCommandStart: Swipe from (50%, 75%) to (50%, 30%) in 600 ms RUNNING
20:25:44.346 [ INFO] maestro.cli.runner.CliConsoleListener.onCommandFinished: Swipe from (50%, 75%) to (50%, 30%) in 600 ms COMPLETED
20:25:44.347 [ INFO] maestro.cli.runner.CliConsoleListener.onCommandStart: Wait for animation to end RUNNING
20:25:44.347 [ INFO] maestro.Maestro.waitForAnimationToEnd$lambda$53: Waiting for animation to end with timeout 15000
20:25:44.347 [TRACE] maestro.utils.ScreenshotUtils.takeScreenshot: Taking screenshot to byte array
20:25:44.347 [TRACE] maestro.utils.ScreenshotUtils.takeScreenshot: Taking screenshot to output sink
20:25:44.743 [TRACE] maestro.utils.ScreenshotUtils.takeScreenshot: Taking screenshot to byte array
20:25:44.743 [TRACE] maestro.utils.ScreenshotUtils.takeScreenshot: Taking screenshot to output sink
20:25:45.374 [ INFO] maestro.cli.runner.CliConsoleListener.onCommandFinished: Wait for animation to end COMPLETED
20:25:45.374 [ INFO] maestro.cli.runner.CliConsoleListener.onCommandStart: Run ../sub/sistema.yaml RUNNING
20:25:45.374 [ INFO] maestro.cli.runner.CliConsoleListener.onCommandStart: Apply configuration RUNNING
20:25:45.375 [ INFO] maestro.cli.runner.CliConsoleListener.onCommandFinished: Apply configuration COMPLETED
20:25:45.375 [ INFO] maestro.cli.runner.CliConsoleListener.onCommandStart: Run flow when "Wait" is visible RUNNING
20:25:52.731 [ INFO] maestro.orchestra.Orchestra.executeSubflowCommands: [Command execution subflow] CommandSkipped: null
20:25:52.732 [ INFO] maestro.cli.runner.CliConsoleListener.onCommandFinished: Run flow when "Wait" is visible SKIPPED
20:25:52.732 [ INFO] maestro.cli.runner.CliConsoleListener.onCommandFinished: Run ../sub/sistema.yaml COMPLETED
20:25:52.732 [ INFO] maestro.cli.runner.CliConsoleListener.onCommandStart: Take screenshot dash-08 RUNNING
20:25:52.733 [ INFO] maestro.Maestro.takeScreenshot: Taking screenshot
20:25:52.734 [TRACE] maestro.utils.ScreenshotUtils.takeScreenshot: Taking screenshot to output sink
20:25:52.969 [ INFO] maestro.cli.runner.CliConsoleListener.onCommandFinished: Take screenshot dash-08 COMPLETED
20:25:52.970 [ INFO] maestro.cli.runner.CliConsoleListener.onCommandStart: Swipe from (50%, 75%) to (50%, 30%) in 600 ms RUNNING
20:25:55.452 [ INFO] maestro.cli.runner.CliConsoleListener.onCommandFinished: Swipe from (50%, 75%) to (50%, 30%) in 600 ms COMPLETED
20:25:55.452 [ INFO] maestro.cli.runner.CliConsoleListener.onCommandStart: Wait for animation to end RUNNING
20:25:55.453 [ INFO] maestro.Maestro.waitForAnimationToEnd$lambda$53: Waiting for animation to end with timeout 15000
20:25:55.453 [TRACE] maestro.utils.ScreenshotUtils.takeScreenshot: Taking screenshot to byte array
20:25:55.453 [TRACE] maestro.utils.ScreenshotUtils.takeScreenshot: Taking screenshot to output sink
20:25:55.795 [TRACE] maestro.utils.ScreenshotUtils.takeScreenshot: Taking screenshot to byte array
20:25:55.795 [TRACE] maestro.utils.ScreenshotUtils.takeScreenshot: Taking screenshot to output sink
20:25:56.386 [ INFO] maestro.cli.runner.CliConsoleListener.onCommandFinished: Wait for animation to end COMPLETED
20:25:56.387 [ INFO] maestro.cli.runner.CliConsoleListener.onCommandStart: Run ../sub/sistema.yaml RUNNING
20:25:56.388 [ INFO] maestro.cli.runner.CliConsoleListener.onCommandStart: Apply configuration RUNNING
20:25:56.388 [ INFO] maestro.cli.runner.CliConsoleListener.onCommandFinished: Apply configuration COMPLETED
20:25:56.388 [ INFO] maestro.cli.runner.CliConsoleListener.onCommandStart: Run flow when "Wait" is visible RUNNING
20:26:03.749 [ INFO] maestro.orchestra.Orchestra.executeSubflowCommands: [Command execution subflow] CommandSkipped: null
20:26:03.749 [ INFO] maestro.cli.runner.CliConsoleListener.onCommandFinished: Run flow when "Wait" is visible SKIPPED
20:26:03.750 [ INFO] maestro.cli.runner.CliConsoleListener.onCommandFinished: Run ../sub/sistema.yaml COMPLETED
20:26:03.750 [ INFO] maestro.cli.runner.CliConsoleListener.onCommandStart: Take screenshot dash-09 RUNNING
20:26:03.750 [ INFO] maestro.Maestro.takeScreenshot: Taking screenshot
20:26:03.751 [TRACE] maestro.utils.ScreenshotUtils.takeScreenshot: Taking screenshot to output sink
20:26:04.015 [ INFO] maestro.cli.runner.CliConsoleListener.onCommandFinished: Take screenshot dash-09 COMPLETED
20:26:04.016 [ INFO] maestro.cli.runner.CliConsoleListener.onCommandStart: Swipe from (50%, 75%) to (50%, 30%) in 600 ms RUNNING
20:26:06.519 [ INFO] maestro.cli.runner.CliConsoleListener.onCommandFinished: Swipe from (50%, 75%) to (50%, 30%) in 600 ms COMPLETED
20:26:06.520 [ INFO] maestro.cli.runner.CliConsoleListener.onCommandStart: Wait for animation to end RUNNING
20:26:06.520 [ INFO] maestro.Maestro.waitForAnimationToEnd$lambda$53: Waiting for animation to end with timeout 15000
20:26:06.520 [TRACE] maestro.utils.ScreenshotUtils.takeScreenshot: Taking screenshot to byte array
20:26:06.520 [TRACE] maestro.utils.ScreenshotUtils.takeScreenshot: Taking screenshot to output sink
20:26:06.781 [TRACE] maestro.utils.ScreenshotUtils.takeScreenshot: Taking screenshot to byte array
20:26:06.781 [TRACE] maestro.utils.ScreenshotUtils.takeScreenshot: Taking screenshot to output sink
20:26:07.253 [ INFO] maestro.cli.runner.CliConsoleListener.onCommandFinished: Wait for animation to end COMPLETED
20:26:07.254 [ INFO] maestro.cli.runner.CliConsoleListener.onCommandStart: Run ../sub/sistema.yaml RUNNING
20:26:07.254 [ INFO] maestro.cli.runner.CliConsoleListener.onCommandStart: Apply configuration RUNNING
20:26:07.254 [ INFO] maestro.cli.runner.CliConsoleListener.onCommandFinished: Apply configuration COMPLETED
20:26:07.254 [ INFO] maestro.cli.runner.CliConsoleListener.onCommandStart: Run flow when "Wait" is visible RUNNING
20:26:14.584 [ INFO] maestro.orchestra.Orchestra.executeSubflowCommands: [Command execution subflow] CommandSkipped: null
20:26:14.585 [ INFO] maestro.cli.runner.CliConsoleListener.onCommandFinished: Run flow when "Wait" is visible SKIPPED
20:26:14.585 [ INFO] maestro.cli.runner.CliConsoleListener.onCommandFinished: Run ../sub/sistema.yaml COMPLETED
20:26:14.585 [ INFO] maestro.cli.runner.CliConsoleListener.onCommandStart: Take screenshot dash-10 RUNNING
20:26:14.585 [ INFO] maestro.Maestro.takeScreenshot: Taking screenshot
20:26:14.586 [TRACE] maestro.utils.ScreenshotUtils.takeScreenshot: Taking screenshot to output sink
20:26:14.813 [ INFO] maestro.cli.runner.CliConsoleListener.onCommandFinished: Take screenshot dash-10 COMPLETED
20:26:15.975 [ INFO] maestro.cli.report.TestDebugReporter.deleteOldFiles: Performing purge of logs older than 14 days from /home/runner/.maestro/tests
