19:31:38.227 [ INFO] maestro.cli.report.TestDebugReporter.logSystemInfo: Debug output path: /home/runner/.maestro/tests/2026-10-10_193138
19:31:38.230 [ INFO] MAESTRO.logSystemInfo: ---- System Info ----
19:31:38.230 [ INFO] MAESTRO.logSystemInfo: Maestro Version: 2.11.0
19:31:38.231 [ INFO] MAESTRO.logSystemInfo: CI: github
19:31:38.231 [ INFO] MAESTRO.logSystemInfo: OS Name: Linux
19:31:38.232 [ INFO] MAESTRO.logSystemInfo: OS Version: 6.17.0-1022-azure
19:31:38.232 [ INFO] MAESTRO.logSystemInfo: Architecture: amd64
19:31:38.233 [ INFO] MAESTRO.logSystemInfo: Java Version: 17
19:31:38.237 [ INFO] MAESTRO.logSystemInfo: Xcode Version: null
19:31:38.240 [ INFO] MAESTRO.logSystemInfo: Flutter Version: Undefined
19:31:38.246 [ INFO] MAESTRO.logSystemInfo: Flutter Channel: Undefined
19:31:38.246 [ INFO] MAESTRO.logSystemInfo: ---------------------
19:31:38.393 [DEBUG] io.micrometer.common.util.internal.logging.InternalLoggerFactory.newDefaultFactory: Using SLF4J as the default logging framework
19:31:42.063 [ INFO] maestro.cli.command.TestCommand.runShardSuite: [shard 1] Selected device emulator-5554 using port 34003 with execution plan ExecutionPlan(flowsToRun=[/home/runner/work/VIBRA-NATIVE/VIBRA-NATIVE/tests/emulatore/01-dashboard.yaml], sequence=FlowSequence(flows=[], continueOnFailure=true), workspaceConfig=WorkspaceConfig(flows=null, includeTags=null, excludeTags=null, executionOrder=null, baselineBranch=null, notifications=null, disableRetries=false, platform=PlatformConfiguration(android=AndroidConfiguration(disableAnimations=false), ios=IOSConfiguration(disableAnimations=false, snapshotKeyHonorModalViews=null)), testOutputDir=null))
19:31:50.600 [ INFO] maestro.cli.runner.TestSuiteInteractor.runFlow:  Running flow 01-dashboard
19:31:50.625 [ INFO] maestro.Maestro.cachedDeviceInfo_delegate$lambda$0: Getting device info
19:31:51.248 [ INFO] maestro.Maestro.cachedDeviceInfo_delegate$lambda$0: Got device info: DeviceInfo(platform=ANDROID, widthPixels=1080, heightPixels=2400, widthGrid=1080, heightGrid=2400)
19:31:51.434 [ INFO] maestro.cli.runner.CliConsoleListener.onCommandStart: Define variables RUNNING
19:31:51.439 [ INFO] maestro.cli.runner.CliConsoleListener.onCommandFinished: Define variables COMPLETED
19:31:51.441 [ INFO] maestro.cli.runner.CliConsoleListener.onCommandStart: Apply configuration RUNNING
19:31:51.441 [ INFO] maestro.cli.runner.CliConsoleListener.onCommandFinished: Apply configuration COMPLETED
19:31:51.442 [ INFO] maestro.cli.runner.CliConsoleListener.onCommandStart: Launch app "com.vibra.mobile" RUNNING
19:31:52.529 [DEBUG] maestro.Maestro.setPermissionInternal: Failed to set permission android.permission.READ_EXTERNAL_STORAGE for app com.vibra.mobile: shell command failed (exit -1): 
Exception occurred while executing 'grant':
java.lang.SecurityException: Package com.vibra.mobile has not requested permission android.permission.READ_EXTERNAL_STORAGE
	at com.android.server.pm.permission.PermissionManagerServiceImpl.grantRuntimePermissionInternal(PermissionManagerServiceImpl.java:1423)
	at com.android.server.pm.permission.PermissionManagerServiceImpl.grantRuntimePermission(PermissionManagerServiceImpl.java:1337)
	at com.android.server.pm.permission.PermissionManagerService.grantRuntimePermission(PermissionManagerService.java:551)
	at android.permission.PermissionManager.grantRuntimePermission(PermissionManager.java:609)
	at com.android.server.pm.PackageManagerShellCommand.runGrantRevokePermission(PackageManagerShellCommand.java:2672)
	at com.android.server.pm.PackageManagerShellCommand.onCommand(PackageManagerShellCommand.java:291)
	at com.android.modules.utils.BasicShellCommandHandler.exec(BasicShellCommandHandler.java:97)
	at android.os.ShellCommand.exec(ShellCommand.java:38)
	at com.android.server.pm.PackageManagerService$IPackageManagerImpl.onShellCommand(PackageManagerService.java:6350)
	at android.os.Binder.shellCommand(Binder.java:1068)
	at android.os.Binder.onTransact(Binder.java:888)
	at android.content.pm.IPackageManager$Stub.onTransact(IPackageManager.java:4352)
	at com.android.server.pm.PackageManagerService$IPackageManagerImpl.onTransact(PackageManagerService.java:6334)
	at android.os.Binder.execTransactInternal(Binder.java:1344)
	at android.os.Binder.execTransact(Binder.java:1275)

19:31:52.780 [DEBUG] maestro.Maestro.setPermissionInternal: Failed to set permission android.permission.WRITE_EXTERNAL_STORAGE for app com.vibra.mobile: shell command failed (exit -1): 
Exception occurred while executing 'grant':
java.lang.SecurityException: Package com.vibra.mobile has not requested permission android.permission.WRITE_EXTERNAL_STORAGE
	at com.android.server.pm.permission.PermissionManagerServiceImpl.grantRuntimePermissionInternal(PermissionManagerServiceImpl.java:1423)
	at com.android.server.pm.permission.PermissionManagerServiceImpl.grantRuntimePermission(PermissionManagerServiceImpl.java:1337)
	at com.android.server.pm.permission.PermissionManagerService.grantRuntimePermission(PermissionManagerService.java:551)
	at android.permission.PermissionManager.grantRuntimePermission(PermissionManager.java:609)
	at com.android.server.pm.PackageManagerShellCommand.runGrantRevokePermission(PackageManagerShellCommand.java:2672)
	at com.android.server.pm.PackageManagerShellCommand.onCommand(PackageManagerShellCommand.java:291)
	at com.android.modules.utils.BasicShellCommandHandler.exec(BasicShellCommandHandler.java:97)
	at android.os.ShellCommand.exec(ShellCommand.java:38)
	at com.android.server.pm.PackageManagerService$IPackageManagerImpl.onShellCommand(PackageManagerService.java:6350)
	at android.os.Binder.shellCommand(Binder.java:1068)
	at android.os.Binder.onTransact(Binder.java:888)
	at android.content.pm.IPackageManager$Stub.onTransact(IPackageManager.java:4352)
	at com.android.server.pm.PackageManagerService$IPackageManagerImpl.onTransact(PackageManagerService.java:6334)
	at android.os.Binder.execTransactInternal(Binder.java:1344)
	at android.os.Binder.execTransact(Binder.java:1275)

19:31:53.057 [ INFO] maestro.Maestro.launchApp$lambda$5: Launching app com.vibra.mobile
19:31:53.058 [ INFO] maestro.Maestro.launchApp$lambda$5: Stopping com.vibra.mobile app during launch
19:31:53.520 [ INFO] maestro.cli.runner.CliConsoleListener.onCommandFinished: Launch app "com.vibra.mobile" COMPLETED
19:31:53.520 [ INFO] maestro.cli.runner.CliConsoleListener.onCommandStart: Run sub/sistema.yaml RUNNING
19:31:53.523 [ INFO] maestro.cli.runner.CliConsoleListener.onCommandStart: Apply configuration RUNNING
19:31:53.524 [ INFO] maestro.cli.runner.CliConsoleListener.onCommandFinished: Apply configuration COMPLETED
19:31:53.528 [ INFO] maestro.cli.runner.CliConsoleListener.onCommandStart: Run flow when "Wait" is visible RUNNING
19:32:03.525 [ INFO] maestro.orchestra.Orchestra.executeSubflowCommands: [Command execution subflow] CommandSkipped: null
19:32:03.526 [ INFO] maestro.cli.runner.CliConsoleListener.onCommandFinished: Run flow when "Wait" is visible SKIPPED
19:32:03.526 [ INFO] maestro.cli.runner.CliConsoleListener.onCommandFinished: Run sub/sistema.yaml COMPLETED
19:32:03.526 [ INFO] maestro.cli.runner.CliConsoleListener.onCommandStart: Assert that "FATTURATO TOTALE|Accedi" is visible RUNNING
19:32:04.349 [ INFO] maestro.cli.runner.CliConsoleListener.onCommandFinished: Assert that "FATTURATO TOTALE|Accedi" is visible COMPLETED
19:32:04.349 [ INFO] maestro.cli.runner.CliConsoleListener.onCommandStart: Run sub/sistema.yaml RUNNING
19:32:04.349 [ INFO] maestro.cli.runner.CliConsoleListener.onCommandStart: Apply configuration RUNNING
19:32:04.350 [ INFO] maestro.cli.runner.CliConsoleListener.onCommandFinished: Apply configuration COMPLETED
19:32:04.350 [ INFO] maestro.cli.runner.CliConsoleListener.onCommandStart: Run flow when "Wait" is visible RUNNING
19:32:05.178 [ INFO] maestro.orchestra.Orchestra.executeSubflowCommands: [Command execution subflow] CommandSkipped: null
19:32:05.178 [ INFO] maestro.cli.runner.CliConsoleListener.onCommandFinished: Run flow when "Wait" is visible SKIPPED
19:32:05.179 [ INFO] maestro.cli.runner.CliConsoleListener.onCommandFinished: Run sub/sistema.yaml COMPLETED
19:32:05.179 [ INFO] maestro.cli.runner.CliConsoleListener.onCommandStart: Run sub/login.yaml RUNNING
19:32:05.179 [ INFO] maestro.cli.runner.CliConsoleListener.onCommandStart: Apply configuration RUNNING
19:32:05.179 [ INFO] maestro.cli.runner.CliConsoleListener.onCommandFinished: Apply configuration COMPLETED
19:32:05.179 [ INFO] maestro.cli.runner.CliConsoleListener.onCommandStart: Run flow when "Password" is visible RUNNING
19:32:05.765 [ INFO] maestro.orchestra.Orchestra.executeSubflowCommands: [Command execution subflow] CommandSkipped: null
19:32:05.765 [ INFO] maestro.cli.runner.CliConsoleListener.onCommandFinished: Run flow when "Password" is visible SKIPPED
19:32:05.765 [ INFO] maestro.cli.runner.CliConsoleListener.onCommandFinished: Run sub/login.yaml COMPLETED
19:32:05.766 [ INFO] maestro.cli.runner.CliConsoleListener.onCommandStart: Assert that "FATTURATO TOTALE" is visible RUNNING
19:32:05.995 [ INFO] maestro.cli.runner.CliConsoleListener.onCommandFinished: Assert that "FATTURATO TOTALE" is visible COMPLETED
19:32:05.996 [ INFO] maestro.cli.runner.CliConsoleListener.onCommandStart: Wait for animation to end RUNNING
19:32:06.000 [ INFO] maestro.Maestro.waitForAnimationToEnd$lambda$53: Waiting for animation to end with timeout 15000
19:32:06.004 [TRACE] maestro.utils.ScreenshotUtils.takeScreenshot: Taking screenshot to byte array
19:32:06.004 [TRACE] maestro.utils.ScreenshotUtils.takeScreenshot: Taking screenshot to output sink
19:32:07.473 [TRACE] maestro.utils.ScreenshotUtils.takeScreenshot: Taking screenshot to byte array
19:32:07.473 [TRACE] maestro.utils.ScreenshotUtils.takeScreenshot: Taking screenshot to output sink
19:32:08.210 [ INFO] maestro.cli.runner.CliConsoleListener.onCommandFinished: Wait for animation to end COMPLETED
19:32:08.212 [ INFO] maestro.cli.runner.CliConsoleListener.onCommandStart: Take screenshot dash-01 RUNNING
19:32:08.219 [ INFO] maestro.Maestro.takeScreenshot: Taking screenshot
19:32:08.224 [TRACE] maestro.utils.ScreenshotUtils.takeScreenshot: Taking screenshot to output sink
19:32:08.588 [ INFO] maestro.cli.runner.CliConsoleListener.onCommandFinished: Take screenshot dash-01 COMPLETED
19:32:08.591 [ INFO] maestro.cli.runner.CliConsoleListener.onCommandStart: Swipe from (50%, 75%) to (50%, 30%) in 600 ms RUNNING
19:33:09.793 [ WARN] maestro.drivers.AndroidDriver.stopAndCollectDeviceLogs: Failed to collect logcat output: Command failed (host:transport:emulator-5554): device 'emulator-5554' not found
19:33:09.895 [ERROR] maestro.cli.runner.TestSuiteInteractor.runFlow: Failed to complete flow
maestro.android.DeviceServerDiedException: Device server died during 'viewHierarchy' on emulator-5554 (59577ms since last byte, connection age 85681ms): StatusRuntimeException: UNAVAILABLE
	at maestro.android.AndroidDeviceConnection.onGrpcDeath(AndroidDeviceConnection.kt:319)
	at maestro.android.AndroidDeviceConnection.mapTransport(AndroidDeviceConnection.kt:306)
	at maestro.android.AndroidDeviceConnection.execute(AndroidDeviceConnection.kt:122)
	at maestro.drivers.AndroidDriver.callViewHierarchy(AndroidDriver.kt:368)
	at maestro.drivers.AndroidDriver.contentDescriptor$lambda$16(AndroidDriver.kt:329)
	at maestro.utils.Metrics.measured(Metrics.kt:48)
	at maestro.drivers.AndroidDriver.contentDescriptor(AndroidDriver.kt:328)
	at maestro.ViewHierarchy$Companion.from-8JJjmZI(ViewHierarchy.kt:29)
	at maestro.utils.ScreenshotUtils$Companion.viewHierarchy-c1iYVAs(ScreenshotUtils.kt:99)
	at maestro.utils.ScreenshotUtils$Companion.waitForAppToSettle-OpTFbEc(ScreenshotUtils.kt:58)
	at maestro.drivers.AndroidDriver$waitForAppToSettle$1.invoke-prqvCes(AndroidDriver.kt:721)
	at maestro.drivers.AndroidDriver$waitForAppToSettle$1.invoke(AndroidDriver.kt:717)
	at maestro.utils.Metrics.measured(Metrics.kt:48)
	at maestro.drivers.AndroidDriver.waitForAppToSettle-5RpGHs4(AndroidDriver.kt:717)
	at maestro.Maestro$waitForAppToSettle$2.invoke-F9mIFpk(Maestro.kt:579)
	at maestro.Maestro$waitForAppToSettle$2.invoke(Maestro.kt:578)
	at kotlinx.coroutines.InterruptibleKt.runInterruptibleInExpectedContext(Interruptible.kt:48)
	at kotlinx.coroutines.InterruptibleKt.access$runInterruptibleInExpectedContext(Interruptible.kt:1)
	at kotlinx.coroutines.InterruptibleKt$runInterruptible$2.invokeSuspend(Interruptible.kt:40)
	at kotlin.coroutines.jvm.internal.BaseContinuationImpl.resumeWith(ContinuationImpl.kt:34)
	at kotlinx.coroutines.DispatchedTask.run(DispatchedTask.kt:100)
	at kotlinx.coroutines.internal.LimitedDispatcher$Worker.run(LimitedDispatcher.kt:124)
	at kotlinx.coroutines.scheduling.TaskImpl.run(Tasks.kt:89)
	at kotlinx.coroutines.scheduling.CoroutineScheduler.runSafely(CoroutineScheduler.kt:586)
	at kotlinx.coroutines.scheduling.CoroutineScheduler$Worker.executeTask(CoroutineScheduler.kt:820)
	at kotlinx.coroutines.scheduling.CoroutineScheduler$Worker.runWorker(CoroutineScheduler.kt:717)
	at kotlinx.coroutines.scheduling.CoroutineScheduler$Worker.run(CoroutineScheduler.kt:704)
Caused by: io.grpc.StatusRuntimeException: UNAVAILABLE
	at io.grpc.stub.ClientCalls.toStatusRuntimeException(ClientCalls.java:275)
	at io.grpc.stub.ClientCalls.getUnchecked(ClientCalls.java:256)
	at io.grpc.stub.ClientCalls.blockingUnaryCall(ClientCalls.java:169)
	at maestro_android.MaestroDriverGrpc$MaestroDriverBlockingStub.viewHierarchy(MaestroDriverGrpc.java:747)
	at maestro.drivers.AndroidDriver.callViewHierarchy$lambda$19(AndroidDriver.kt:368)
	at maestro.android.AndroidDeviceConnection.execute(AndroidDeviceConnection.kt:120)
	... 24 more
Caused by: java.io.IOException: Command failed (host:transport:emulator-5554): device offline
	at dadb.adbserver.AdbServer.send$dadb(AdbServer.kt:103)
	at dadb.adbserver.AdbServerDadb.open(AdbServer.kt:148)
	at maestro.android.AndroidDeviceConnection.buildChannel$lambda$2(AndroidDeviceConnection.kt:98)
	at maestro.android.RawAdbSocket.connect(AdbSocketFactory.kt:206)
	at java.base/java.net.Socket.connect(Socket.java:583)
	at maestro.android.AdbSocketFactory.createSocket(AdbSocketFactory.kt:57)
	at maestro.android.AdbSocketFactory.createSocket(AdbSocketFactory.kt:63)
	at io.grpc.okhttp.OkHttpClientTransport$3.run(OkHttpClientTransport.java:535)
	at io.grpc.internal.SerializingExecutor.run(SerializingExecutor.java:133)
	at java.base/java.util.concurrent.ThreadPoolExecutor.runWorker(ThreadPoolExecutor.java:1136)
	at java.base/java.util.concurrent.ThreadPoolExecutor$Worker.run(ThreadPoolExecutor.java:635)
	at java.base/java.lang.Thread.run(Thread.java:840)
19:33:09.910 [ INFO] maestro.cli.report.TestDebugReporter.deleteOldFiles: Performing purge of logs older than 14 days from /home/runner/.maestro/tests
