19:48:20.910 [ INFO] maestro.cli.report.TestDebugReporter.logSystemInfo: Debug output path: /home/runner/.maestro/tests/2026-10-10_194820
19:48:20.912 [ INFO] MAESTRO.logSystemInfo: ---- System Info ----
19:48:20.912 [ INFO] MAESTRO.logSystemInfo: Maestro Version: 2.11.0
19:48:20.912 [ INFO] MAESTRO.logSystemInfo: CI: github
19:48:20.912 [ INFO] MAESTRO.logSystemInfo: OS Name: Linux
19:48:20.913 [ INFO] MAESTRO.logSystemInfo: OS Version: 6.17.0-1022-azure
19:48:20.913 [ INFO] MAESTRO.logSystemInfo: Architecture: amd64
19:48:20.914 [ INFO] MAESTRO.logSystemInfo: Java Version: 17
19:48:20.916 [ INFO] MAESTRO.logSystemInfo: Xcode Version: null
19:48:20.918 [ INFO] MAESTRO.logSystemInfo: Flutter Version: Undefined
19:48:20.920 [ INFO] MAESTRO.logSystemInfo: Flutter Channel: Undefined
19:48:20.921 [ INFO] MAESTRO.logSystemInfo: ---------------------
19:48:21.051 [DEBUG] io.micrometer.common.util.internal.logging.InternalLoggerFactory.newDefaultFactory: Using SLF4J as the default logging framework
19:48:25.501 [ INFO] maestro.cli.command.TestCommand.runShardSuite: [shard 1] Selected device emulator-5554 using port 38867 with execution plan ExecutionPlan(flowsToRun=[/home/runner/work/VIBRA-NATIVE/VIBRA-NATIVE/tests/emulatore/01-dashboard.yaml], sequence=FlowSequence(flows=[], continueOnFailure=true), workspaceConfig=WorkspaceConfig(flows=null, includeTags=null, excludeTags=null, executionOrder=null, baselineBranch=null, notifications=null, disableRetries=false, platform=PlatformConfiguration(android=AndroidConfiguration(disableAnimations=false), ios=IOSConfiguration(disableAnimations=false, snapshotKeyHonorModalViews=null)), testOutputDir=null))
19:48:32.026 [ INFO] maestro.cli.runner.TestSuiteInteractor.runFlow:  Running flow 01-dashboard
19:48:32.054 [ INFO] maestro.Maestro.cachedDeviceInfo_delegate$lambda$0: Getting device info
19:48:33.253 [ INFO] maestro.Maestro.cachedDeviceInfo_delegate$lambda$0: Got device info: DeviceInfo(platform=ANDROID, widthPixels=1080, heightPixels=2400, widthGrid=1080, heightGrid=2400)
19:48:33.452 [ INFO] maestro.cli.runner.CliConsoleListener.onCommandStart: Define variables RUNNING
19:48:33.456 [ INFO] maestro.cli.runner.CliConsoleListener.onCommandFinished: Define variables COMPLETED
19:48:33.458 [ INFO] maestro.cli.runner.CliConsoleListener.onCommandStart: Apply configuration RUNNING
19:48:33.458 [ INFO] maestro.cli.runner.CliConsoleListener.onCommandFinished: Apply configuration COMPLETED
19:48:33.459 [ INFO] maestro.cli.runner.CliConsoleListener.onCommandStart: Launch app "com.vibra.mobile" RUNNING
19:48:34.261 [DEBUG] maestro.Maestro.setPermissionInternal: Failed to set permission android.permission.READ_EXTERNAL_STORAGE for app com.vibra.mobile: shell command failed (exit -1): 
Exception occurred while executing 'grant':
java.lang.SecurityException: Package com.vibra.mobile has not requested permission android.permission.READ_EXTERNAL_STORAGE
	at com.android.server.pm.permission.PermissionManagerServiceImpl.grantRuntimePermissionInternal(PermissionManagerServiceImpl.java:1423)
	at com.android.server.pm.permission.PermissionManagerServiceImpl.grantRuntimePermission(PermissionManagerServiceImpl.java:1337)
	at com.android.server.pm.permission.PermissionManagerService.grantRuntimePermission(PermissionManagerService.java:551)
	at android.permission.PermissionManager.grantRuntimePermission(PermissionManager.java:609)
	at com.android.server.pm.PackageManagerShellCommand.runGrantRevokePermission(PackageManagerShellCommand.java:2672)
	at com.android.server.pm.PackageManagerShellCommand.onCommand(PackageManagerShellCommand.java:291)
	at com.android.modules.utils.BasicShellCommandHandler.exec(BasicShellCommandHandler.java:97)
	at android.os.ShellCommand.exec(ShellCommand.java:38)
	at com.android.server.pm.PackageManagerService$IPackageManagerImpl.onShellCommand(PackageManagerService.java:6350)
	at android.os.Binder.shellCommand(Binder.java:1068)
	at android.os.Binder.onTransact(Binder.java:888)
	at android.content.pm.IPackageManager$Stub.onTransact(IPackageManager.java:4352)
	at com.android.server.pm.PackageManagerService$IPackageManagerImpl.onTransact(PackageManagerService.java:6334)
	at android.os.Binder.execTransactInternal(Binder.java:1344)
	at android.os.Binder.execTransact(Binder.java:1275)

19:48:34.398 [DEBUG] maestro.Maestro.setPermissionInternal: Failed to set permission android.permission.WRITE_EXTERNAL_STORAGE for app com.vibra.mobile: shell command failed (exit -1): 
Exception occurred while executing 'grant':
java.lang.SecurityException: Package com.vibra.mobile has not requested permission android.permission.WRITE_EXTERNAL_STORAGE
	at com.android.server.pm.permission.PermissionManagerServiceImpl.grantRuntimePermissionInternal(PermissionManagerServiceImpl.java:1423)
	at com.android.server.pm.permission.PermissionManagerServiceImpl.grantRuntimePermission(PermissionManagerServiceImpl.java:1337)
	at com.android.server.pm.permission.PermissionManagerService.grantRuntimePermission(PermissionManagerService.java:551)
	at android.permission.PermissionManager.grantRuntimePermission(PermissionManager.java:609)
	at com.android.server.pm.PackageManagerShellCommand.runGrantRevokePermission(PackageManagerShellCommand.java:2672)
	at com.android.server.pm.PackageManagerShellCommand.onCommand(PackageManagerShellCommand.java:291)
	at com.android.modules.utils.BasicShellCommandHandler.exec(BasicShellCommandHandler.java:97)
	at android.os.ShellCommand.exec(ShellCommand.java:38)
	at com.android.server.pm.PackageManagerService$IPackageManagerImpl.onShellCommand(PackageManagerService.java:6350)
	at android.os.Binder.shellCommand(Binder.java:1068)
	at android.os.Binder.onTransact(Binder.java:888)
	at android.content.pm.IPackageManager$Stub.onTransact(IPackageManager.java:4352)
	at com.android.server.pm.PackageManagerService$IPackageManagerImpl.onTransact(PackageManagerService.java:6334)
	at android.os.Binder.execTransactInternal(Binder.java:1344)
	at android.os.Binder.execTransact(Binder.java:1275)

19:48:34.510 [ INFO] maestro.Maestro.launchApp$lambda$5: Launching app com.vibra.mobile
19:48:34.511 [ INFO] maestro.Maestro.launchApp$lambda$5: Stopping com.vibra.mobile app during launch
19:48:34.651 [ INFO] maestro.cli.runner.CliConsoleListener.onCommandFinished: Launch app "com.vibra.mobile" COMPLETED
19:48:34.655 [ INFO] maestro.cli.runner.CliConsoleListener.onCommandStart: Run sub/sistema.yaml RUNNING
19:48:34.656 [ INFO] maestro.cli.runner.CliConsoleListener.onCommandStart: Apply configuration RUNNING
19:48:34.659 [ INFO] maestro.cli.runner.CliConsoleListener.onCommandFinished: Apply configuration COMPLETED
19:48:34.659 [ INFO] maestro.cli.runner.CliConsoleListener.onCommandStart: Run flow when "Wait" is visible RUNNING
19:48:43.902 [ INFO] maestro.orchestra.Orchestra.executeSubflowCommands: [Command execution subflow] CommandSkipped: null
19:48:43.902 [ INFO] maestro.cli.runner.CliConsoleListener.onCommandFinished: Run flow when "Wait" is visible SKIPPED
19:48:43.902 [ INFO] maestro.cli.runner.CliConsoleListener.onCommandFinished: Run sub/sistema.yaml COMPLETED
19:48:43.904 [ INFO] maestro.cli.runner.CliConsoleListener.onCommandStart: Assert that "FATTURATO TOTALE|Accedi" is visible RUNNING
19:48:44.216 [ INFO] maestro.cli.runner.CliConsoleListener.onCommandFinished: Assert that "FATTURATO TOTALE|Accedi" is visible COMPLETED
19:48:44.216 [ INFO] maestro.cli.runner.CliConsoleListener.onCommandStart: Run sub/sistema.yaml RUNNING
19:48:44.216 [ INFO] maestro.cli.runner.CliConsoleListener.onCommandStart: Apply configuration RUNNING
19:48:44.217 [ INFO] maestro.cli.runner.CliConsoleListener.onCommandFinished: Apply configuration COMPLETED
19:48:44.217 [ INFO] maestro.cli.runner.CliConsoleListener.onCommandStart: Run flow when "Wait" is visible RUNNING
19:48:44.817 [ INFO] maestro.orchestra.Orchestra.executeSubflowCommands: [Command execution subflow] CommandSkipped: null
19:48:44.818 [ INFO] maestro.cli.runner.CliConsoleListener.onCommandFinished: Run flow when "Wait" is visible SKIPPED
19:48:44.818 [ INFO] maestro.cli.runner.CliConsoleListener.onCommandFinished: Run sub/sistema.yaml COMPLETED
19:48:44.818 [ INFO] maestro.cli.runner.CliConsoleListener.onCommandStart: Run sub/login.yaml RUNNING
19:48:44.818 [ INFO] maestro.cli.runner.CliConsoleListener.onCommandStart: Apply configuration RUNNING
19:48:44.818 [ INFO] maestro.cli.runner.CliConsoleListener.onCommandFinished: Apply configuration COMPLETED
19:48:44.819 [ INFO] maestro.cli.runner.CliConsoleListener.onCommandStart: Run flow when "Password" is visible RUNNING
19:48:45.311 [ INFO] maestro.orchestra.Orchestra.executeSubflowCommands: [Command execution subflow] CommandSkipped: null
19:48:45.312 [ INFO] maestro.cli.runner.CliConsoleListener.onCommandFinished: Run flow when "Password" is visible SKIPPED
19:48:45.312 [ INFO] maestro.cli.runner.CliConsoleListener.onCommandFinished: Run sub/login.yaml COMPLETED
19:48:45.312 [ INFO] maestro.cli.runner.CliConsoleListener.onCommandStart: Assert that "FATTURATO TOTALE" is visible RUNNING
19:48:45.536 [ INFO] maestro.cli.runner.CliConsoleListener.onCommandFinished: Assert that "FATTURATO TOTALE" is visible COMPLETED
19:48:45.536 [ INFO] maestro.cli.runner.CliConsoleListener.onCommandStart: Wait for animation to end RUNNING
19:48:45.539 [ INFO] maestro.Maestro.waitForAnimationToEnd$lambda$53: Waiting for animation to end with timeout 15000
19:48:45.541 [TRACE] maestro.utils.ScreenshotUtils.takeScreenshot: Taking screenshot to byte array
19:48:45.541 [TRACE] maestro.utils.ScreenshotUtils.takeScreenshot: Taking screenshot to output sink
19:48:46.415 [TRACE] maestro.utils.ScreenshotUtils.takeScreenshot: Taking screenshot to byte array
19:48:46.415 [TRACE] maestro.utils.ScreenshotUtils.takeScreenshot: Taking screenshot to output sink
19:48:47.284 [ INFO] maestro.cli.runner.CliConsoleListener.onCommandFinished: Wait for animation to end COMPLETED
19:48:47.285 [ INFO] maestro.cli.runner.CliConsoleListener.onCommandStart: Take screenshot dash-01 RUNNING
19:48:47.287 [ INFO] maestro.Maestro.takeScreenshot: Taking screenshot
19:48:47.289 [TRACE] maestro.utils.ScreenshotUtils.takeScreenshot: Taking screenshot to output sink
19:48:47.523 [ INFO] maestro.cli.runner.CliConsoleListener.onCommandFinished: Take screenshot dash-01 COMPLETED
19:48:47.525 [ INFO] maestro.cli.runner.CliConsoleListener.onCommandStart: Swipe from (50%, 75%) to (50%, 30%) in 600 ms RUNNING
19:50:17.772 [ERROR] maestro.orchestra.Orchestra.executeCommands: [Command execution] CommandFailed: null
19:50:17.834 [ WARN] maestro.orchestra.debug.ArtifactsGenerator.captureStepHierarchy: Failed to capture step hierarchy
maestro.android.DeviceServerDiedException: Device server died during 'deviceInfo' on emulator-5554 (90285ms since last byte, connection age 110343ms): StatusRuntimeException: UNAVAILABLE
	at maestro.android.AndroidDeviceConnection.onGrpcDeath(AndroidDeviceConnection.kt:319)
	at maestro.android.AndroidDeviceConnection.mapTransport(AndroidDeviceConnection.kt:306)
	at maestro.android.AndroidDeviceConnection.execute(AndroidDeviceConnection.kt:122)
	at maestro.drivers.AndroidDriver.deviceInfo(AndroidDriver.kt:205)
	at maestro.ViewHierarchy$Companion.from-8JJjmZI(ViewHierarchy.kt:28)
	at maestro.Maestro$viewHierarchy$2.invoke-prqvCes(Maestro.kt:531)
	at maestro.Maestro$viewHierarchy$2.invoke(Maestro.kt:530)
	at kotlinx.coroutines.InterruptibleKt.runInterruptibleInExpectedContext(Interruptible.kt:48)
	at kotlinx.coroutines.InterruptibleKt.access$runInterruptibleInExpectedContext(Interruptible.kt:1)
	at kotlinx.coroutines.InterruptibleKt$runInterruptible$2.invokeSuspend(Interruptible.kt:40)
	at kotlin.coroutines.jvm.internal.BaseContinuationImpl.resumeWith(ContinuationImpl.kt:34)
	at kotlinx.coroutines.DispatchedTask.run(DispatchedTask.kt:100)
	at kotlinx.coroutines.internal.LimitedDispatcher$Worker.run(LimitedDispatcher.kt:124)
	at kotlinx.coroutines.scheduling.TaskImpl.run(Tasks.kt:89)
	at kotlinx.coroutines.scheduling.CoroutineScheduler.runSafely(CoroutineScheduler.kt:586)
	at kotlinx.coroutines.scheduling.CoroutineScheduler$Worker.executeTask(CoroutineScheduler.kt:820)
	at kotlinx.coroutines.scheduling.CoroutineScheduler$Worker.runWorker(CoroutineScheduler.kt:717)
	at kotlinx.coroutines.scheduling.CoroutineScheduler$Worker.run(CoroutineScheduler.kt:704)
Caused by: io.grpc.StatusRuntimeException: UNAVAILABLE
	at io.grpc.stub.ClientCalls.toStatusRuntimeException(ClientCalls.java:275)
	at io.grpc.stub.ClientCalls.getUnchecked(ClientCalls.java:256)
	at io.grpc.stub.ClientCalls.blockingUnaryCall(ClientCalls.java:169)
	at maestro_android.MaestroDriverGrpc$MaestroDriverBlockingStub.deviceInfo(MaestroDriverGrpc.java:740)
	at maestro.drivers.AndroidDriver.deviceInfo$lambda$4(AndroidDriver.kt:205)
	at maestro.android.AndroidDeviceConnection.execute(AndroidDeviceConnection.kt:120)
	... 15 more
Caused by: java.io.IOException: Command failed (host:transport:emulator-5554): device offline
	at dadb.adbserver.AdbServer.send$dadb(AdbServer.kt:103)
	at dadb.adbserver.AdbServerDadb.open(AdbServer.kt:148)
	at maestro.android.AndroidDeviceConnection.buildChannel$lambda$2(AndroidDeviceConnection.kt:98)
	at maestro.android.RawAdbSocket.connect(AdbSocketFactory.kt:206)
	at java.base/java.net.Socket.connect(Socket.java:583)
	at maestro.android.AdbSocketFactory.createSocket(AdbSocketFactory.kt:57)
	at maestro.android.AdbSocketFactory.createSocket(AdbSocketFactory.kt:63)
	at io.grpc.okhttp.OkHttpClientTransport$3.run(OkHttpClientTransport.java:535)
	at io.grpc.internal.SerializingExecutor.run(SerializingExecutor.java:133)
	at java.base/java.util.concurrent.ThreadPoolExecutor.runWorker(ThreadPoolExecutor.java:1136)
	at java.base/java.util.concurrent.ThreadPoolExecutor$Worker.run(ThreadPoolExecutor.java:635)
	at java.base/java.lang.Thread.run(Thread.java:840)
19:50:17.836 [ INFO] maestro.Maestro.takeScreenshot: Taking screenshot
19:50:17.837 [TRACE] maestro.utils.ScreenshotUtils.takeScreenshot: Taking screenshot to output sink
19:50:17.838 [ WARN] maestro.orchestra.debug.ArtifactsGenerator.captureScreenshot: Failed to capture screenshot screenshots/step-017-swipe.png
19:50:17.838 [ INFO] maestro.cli.runner.CliConsoleListener.onCommandFinished: Swipe from (50%, 75%) to (50%, 30%) in 600 ms FAILED
19:50:18.270 [ WARN] maestro.drivers.AndroidDriver.stopAndCollectDeviceLogs: Failed to collect logcat output: Command failed (host:transport:emulator-5554): device 'emulator-5554' not found
19:50:18.381 [ INFO] maestro.cli.report.TestDebugReporter.deleteOldFiles: Performing purge of logs older than 14 days from /home/runner/.maestro/tests
