18:29:26.522 [ INFO] maestro.cli.report.TestDebugReporter.logSystemInfo: Debug output path: /home/runner/.maestro/tests/2026-10-10_182926
18:29:26.527 [ INFO] MAESTRO.logSystemInfo: ---- System Info ----
18:29:26.528 [ INFO] MAESTRO.logSystemInfo: Maestro Version: 2.11.0
18:29:26.528 [ INFO] MAESTRO.logSystemInfo: CI: github
18:29:26.529 [ INFO] MAESTRO.logSystemInfo: OS Name: Linux
18:29:26.529 [ INFO] MAESTRO.logSystemInfo: OS Version: 6.17.0-1022-azure
18:29:26.531 [ INFO] MAESTRO.logSystemInfo: Architecture: amd64
18:29:26.533 [ INFO] MAESTRO.logSystemInfo: Java Version: 17
18:29:26.539 [ INFO] MAESTRO.logSystemInfo: Xcode Version: null
18:29:26.545 [ INFO] MAESTRO.logSystemInfo: Flutter Version: Undefined
18:29:26.548 [ INFO] MAESTRO.logSystemInfo: Flutter Channel: Undefined
18:29:26.549 [ INFO] MAESTRO.logSystemInfo: ---------------------
18:29:26.758 [DEBUG] io.micrometer.common.util.internal.logging.InternalLoggerFactory.newDefaultFactory: Using SLF4J as the default logging framework
18:29:32.261 [ INFO] maestro.cli.command.TestCommand.runShardSuite: [shard 1] Selected device emulator-5554 using port 33569 with execution plan ExecutionPlan(flowsToRun=[/home/runner/work/VIBRA-NATIVE/VIBRA-NATIVE/tests/emulatore/01-dashboard.yaml], sequence=FlowSequence(flows=[], continueOnFailure=true), workspaceConfig=WorkspaceConfig(flows=null, includeTags=null, excludeTags=null, executionOrder=null, baselineBranch=null, notifications=null, disableRetries=false, platform=PlatformConfiguration(android=AndroidConfiguration(disableAnimations=false), ios=IOSConfiguration(disableAnimations=false, snapshotKeyHonorModalViews=null)), testOutputDir=null))
18:29:39.777 [ INFO] maestro.cli.runner.TestSuiteInteractor.runFlow:  Running flow 01-dashboard
18:29:39.796 [ INFO] maestro.Maestro.cachedDeviceInfo_delegate$lambda$0: Getting device info
18:29:40.234 [ INFO] maestro.Maestro.cachedDeviceInfo_delegate$lambda$0: Got device info: DeviceInfo(platform=ANDROID, widthPixels=1080, heightPixels=2400, widthGrid=1080, heightGrid=2400)
18:29:40.425 [ INFO] maestro.cli.runner.CliConsoleListener.onCommandStart: Define variables RUNNING
18:29:40.434 [ INFO] maestro.cli.runner.CliConsoleListener.onCommandFinished: Define variables COMPLETED
18:29:40.435 [ INFO] maestro.cli.runner.CliConsoleListener.onCommandStart: Apply configuration RUNNING
18:29:40.435 [ INFO] maestro.cli.runner.CliConsoleListener.onCommandFinished: Apply configuration COMPLETED
18:29:40.436 [ INFO] maestro.cli.runner.CliConsoleListener.onCommandStart: Launch app "com.vibra.mobile" RUNNING
18:29:41.417 [DEBUG] maestro.Maestro.setPermissionInternal: Failed to set permission android.permission.READ_EXTERNAL_STORAGE for app com.vibra.mobile: shell command failed (exit -1): 
Exception occurred while executing 'grant':
java.lang.SecurityException: Package com.vibra.mobile has not requested permission android.permission.READ_EXTERNAL_STORAGE
	at com.android.server.pm.permission.PermissionManagerServiceImpl.grantRuntimePermissionInternal(PermissionManagerServiceImpl.java:1423)
	at com.android.server.pm.permission.PermissionManagerServiceImpl.grantRuntimePermission(PermissionManagerServiceImpl.java:1337)
	at com.android.server.pm.permission.PermissionManagerService.grantRuntimePermission(PermissionManagerService.java:551)
	at android.permission.PermissionManager.grantRuntimePermission(PermissionManager.java:609)
	at com.android.server.pm.PackageManagerShellCommand.runGrantRevokePermission(PackageManagerShellCommand.java:2672)
	at com.android.server.pm.PackageManagerShellCommand.onCommand(PackageManagerShellCommand.java:291)
	at com.android.modules.utils.BasicShellCommandHandler.exec(BasicShellCommandHandler.java:97)
	at android.os.ShellCommand.exec(ShellCommand.java:38)
	at com.android.server.pm.PackageManagerService$IPackageManagerImpl.onShellCommand(PackageManagerService.java:6350)
	at android.os.Binder.shellCommand(Binder.java:1068)
	at android.os.Binder.onTransact(Binder.java:888)
	at android.content.pm.IPackageManager$Stub.onTransact(IPackageManager.java:4352)
	at com.android.server.pm.PackageManagerService$IPackageManagerImpl.onTransact(PackageManagerService.java:6334)
	at android.os.Binder.execTransactInternal(Binder.java:1344)
	at android.os.Binder.execTransact(Binder.java:1275)

18:29:41.611 [DEBUG] maestro.Maestro.setPermissionInternal: Failed to set permission android.permission.WRITE_EXTERNAL_STORAGE for app com.vibra.mobile: shell command failed (exit -1): 
Exception occurred while executing 'grant':
java.lang.SecurityException: Package com.vibra.mobile has not requested permission android.permission.WRITE_EXTERNAL_STORAGE
	at com.android.server.pm.permission.PermissionManagerServiceImpl.grantRuntimePermissionInternal(PermissionManagerServiceImpl.java:1423)
	at com.android.server.pm.permission.PermissionManagerServiceImpl.grantRuntimePermission(PermissionManagerServiceImpl.java:1337)
	at com.android.server.pm.permission.PermissionManagerService.grantRuntimePermission(PermissionManagerService.java:551)
	at android.permission.PermissionManager.grantRuntimePermission(PermissionManager.java:609)
	at com.android.server.pm.PackageManagerShellCommand.runGrantRevokePermission(PackageManagerShellCommand.java:2672)
	at com.android.server.pm.PackageManagerShellCommand.onCommand(PackageManagerShellCommand.java:291)
	at com.android.modules.utils.BasicShellCommandHandler.exec(BasicShellCommandHandler.java:97)
	at android.os.ShellCommand.exec(ShellCommand.java:38)
	at com.android.server.pm.PackageManagerService$IPackageManagerImpl.onShellCommand(PackageManagerService.java:6350)
	at android.os.Binder.shellCommand(Binder.java:1068)
	at android.os.Binder.onTransact(Binder.java:888)
	at android.content.pm.IPackageManager$Stub.onTransact(IPackageManager.java:4352)
	at com.android.server.pm.PackageManagerService$IPackageManagerImpl.onTransact(PackageManagerService.java:6334)
	at android.os.Binder.execTransactInternal(Binder.java:1344)
	at android.os.Binder.execTransact(Binder.java:1275)

18:29:41.817 [ INFO] maestro.Maestro.launchApp$lambda$5: Launching app com.vibra.mobile
18:29:41.817 [ INFO] maestro.Maestro.launchApp$lambda$5: Stopping com.vibra.mobile app during launch
18:29:42.101 [ INFO] maestro.cli.runner.CliConsoleListener.onCommandFinished: Launch app "com.vibra.mobile" COMPLETED
18:29:42.102 [ INFO] maestro.cli.runner.CliConsoleListener.onCommandStart: Assert that "FATTURATO TOTALE|Accedi" is visible RUNNING
18:29:45.829 [ INFO] maestro.cli.runner.CliConsoleListener.onCommandFinished: Assert that "FATTURATO TOTALE|Accedi" is visible COMPLETED
18:29:45.831 [ INFO] maestro.cli.runner.CliConsoleListener.onCommandStart: Run sub/login.yaml RUNNING
18:29:45.836 [ INFO] maestro.cli.runner.CliConsoleListener.onCommandStart: Apply configuration RUNNING
18:29:45.839 [ INFO] maestro.cli.runner.CliConsoleListener.onCommandFinished: Apply configuration COMPLETED
18:29:45.840 [ INFO] maestro.cli.runner.CliConsoleListener.onCommandStart: Run flow when "Accedi" is visible RUNNING
18:29:46.186 [ INFO] maestro.cli.runner.CliConsoleListener.onCommandStart: Tap on "Email" RUNNING
18:29:46.493 [ INFO] maestro.Maestro.tap-HgV9Ck0: Tapping on element:  UiElement(treeNode=TreeNode(attributes={text=, accessibilityText=Email, hintText=Email, ignoreBoundsFiltering=false, resource-id=, clickable=true, bounds=[63,1183][1017,1309], enabled=true, focused=false, checked=false, scrollable=false, selected=false, class=android.widget.EditText, important-for-accessibility=true, error=}, children=[], clickable=true, enabled=true, focused=false, checked=false, selected=false), bounds=Bounds(x=63, y=1183, width=954, height=126))
18:29:47.927 [ INFO] maestro.Maestro.tap-HgV9Ck0: Tap aimed via settled hierarchy
18:29:47.934 [ INFO] maestro.Maestro.hierarchyBasedTap-ogj28Uc: Tapping at (540, 1246) using hierarchy based logic for wait
18:29:49.297 [ INFO] maestro.Maestro.hierarchyBasedTap-ogj28Uc: Something has changed in the UI judging by view hierarchy. Proceed.
18:29:49.297 [ INFO] maestro.cli.runner.CliConsoleListener.onCommandFinished: Tap on "Email" COMPLETED
18:29:49.298 [ INFO] maestro.cli.runner.CliConsoleListener.onCommandStart: Input text admin@vibra.local RUNNING
18:29:49.302 [ INFO] maestro.Maestro.inputText: Inputting text: admin@vibra.local
18:29:56.122 [ INFO] maestro.cli.runner.CliConsoleListener.onCommandFinished: Input text admin@vibra.local COMPLETED
18:29:56.122 [ INFO] maestro.cli.runner.CliConsoleListener.onCommandStart: Tap on "Password" RUNNING
18:29:57.350 [ INFO] maestro.Maestro.tap-HgV9Ck0: Tapping on element:  UiElement(treeNode=TreeNode(attributes={text=, accessibilityText=Password, hintText=Password, ignoreBoundsFiltering=false, resource-id=, clickable=true, bounds=[63,1340][1017,1466], enabled=true, focused=false, checked=false, scrollable=false, selected=false, class=android.widget.EditText, important-for-accessibility=true, error=}, children=[], clickable=true, enabled=true, focused=false, checked=false, selected=false), bounds=Bounds(x=63, y=1340, width=954, height=126))
18:29:58.768 [ INFO] maestro.Maestro.tap-HgV9Ck0: Tap aimed via settled hierarchy
18:29:58.772 [ INFO] maestro.Maestro.hierarchyBasedTap-ogj28Uc: Tapping at (540, 1403) using hierarchy based logic for wait
18:30:01.802 [ INFO] maestro.Maestro.hierarchyBasedTap-ogj28Uc: Something has changed in the UI judging by view hierarchy. Proceed.
18:30:01.804 [ INFO] maestro.cli.runner.CliConsoleListener.onCommandFinished: Tap on "Password" COMPLETED
18:30:01.804 [ INFO] maestro.cli.runner.CliConsoleListener.onCommandStart: Input text vibra RUNNING
18:30:01.805 [ INFO] maestro.Maestro.inputText: Inputting text: vibra
18:30:07.842 [ INFO] maestro.cli.runner.CliConsoleListener.onCommandFinished: Input text vibra COMPLETED
18:30:07.842 [ INFO] maestro.cli.runner.CliConsoleListener.onCommandStart: Hide Keyboard RUNNING
18:30:07.850 [ INFO] maestro.Maestro.hideKeyboard$lambda$12: Hiding Keyboard
18:30:10.472 [ INFO] maestro.cli.runner.CliConsoleListener.onCommandFinished: Hide Keyboard COMPLETED
18:30:10.473 [ INFO] maestro.cli.runner.CliConsoleListener.onCommandStart: Tap on "Accedi" RUNNING
18:30:10.636 [ INFO] maestro.Maestro.tap-HgV9Ck0: Tapping on element:  UiElement(treeNode=TreeNode(attributes={text=Accedi, accessibilityText=, hintText=, ignoreBoundsFiltering=false, resource-id=, clickable=false, bounds=[63,1498][1017,1549], enabled=true, focused=false, checked=false, scrollable=false, selected=false, class=android.widget.TextView, important-for-accessibility=true, error=}, children=[], clickable=false, enabled=true, focused=false, checked=false, selected=false), bounds=Bounds(x=63, y=1498, width=954, height=51))
18:30:11.932 [ INFO] maestro.Maestro.tap-HgV9Ck0: Tap aimed via settled hierarchy
18:30:11.933 [ INFO] maestro.Maestro.hierarchyBasedTap-ogj28Uc: Tapping at (540, 1523) using hierarchy based logic for wait
18:30:21.560 [ INFO] maestro.Maestro.hierarchyBasedTap-ogj28Uc: Something has changed in the UI judging by view hierarchy. Proceed.
18:30:21.561 [ INFO] maestro.cli.runner.CliConsoleListener.onCommandFinished: Tap on "Accedi" COMPLETED
18:30:21.561 [ INFO] maestro.cli.runner.CliConsoleListener.onCommandFinished: Run flow when "Accedi" is visible COMPLETED
18:30:21.562 [ INFO] maestro.cli.runner.CliConsoleListener.onCommandFinished: Run sub/login.yaml COMPLETED
18:30:21.562 [ INFO] maestro.cli.runner.CliConsoleListener.onCommandStart: Assert that "FATTURATO TOTALE" is visible RUNNING
18:30:22.474 [ INFO] maestro.cli.runner.CliConsoleListener.onCommandFinished: Assert that "FATTURATO TOTALE" is visible COMPLETED
18:30:22.474 [ INFO] maestro.cli.runner.CliConsoleListener.onCommandStart: Wait for animation to end RUNNING
18:30:22.481 [ INFO] maestro.Maestro.waitForAnimationToEnd$lambda$53: Waiting for animation to end with timeout 15000
18:30:22.483 [TRACE] maestro.utils.ScreenshotUtils.takeScreenshot: Taking screenshot to byte array
18:30:22.483 [TRACE] maestro.utils.ScreenshotUtils.takeScreenshot: Taking screenshot to output sink
18:30:24.038 [TRACE] maestro.utils.ScreenshotUtils.takeScreenshot: Taking screenshot to byte array
18:30:24.039 [TRACE] maestro.utils.ScreenshotUtils.takeScreenshot: Taking screenshot to output sink
18:30:25.060 [ INFO] maestro.cli.runner.CliConsoleListener.onCommandFinished: Wait for animation to end COMPLETED
18:30:25.061 [ INFO] maestro.cli.runner.CliConsoleListener.onCommandStart: Take screenshot dash-01 RUNNING
18:30:25.064 [ INFO] maestro.Maestro.takeScreenshot: Taking screenshot
18:30:25.072 [TRACE] maestro.utils.ScreenshotUtils.takeScreenshot: Taking screenshot to output sink
18:30:25.648 [ INFO] maestro.cli.runner.CliConsoleListener.onCommandFinished: Take screenshot dash-01 COMPLETED
18:30:25.652 [ INFO] maestro.cli.runner.CliConsoleListener.onCommandStart: Swipe from (50%, 75%) to (50%, 30%) in 600 ms RUNNING
18:30:30.399 [ INFO] maestro.cli.runner.CliConsoleListener.onCommandFinished: Swipe from (50%, 75%) to (50%, 30%) in 600 ms COMPLETED
18:30:30.399 [ INFO] maestro.cli.runner.CliConsoleListener.onCommandStart: Wait for animation to end RUNNING
18:30:30.400 [ INFO] maestro.Maestro.waitForAnimationToEnd$lambda$53: Waiting for animation to end with timeout 15000
18:30:30.400 [TRACE] maestro.utils.ScreenshotUtils.takeScreenshot: Taking screenshot to byte array
18:30:30.400 [TRACE] maestro.utils.ScreenshotUtils.takeScreenshot: Taking screenshot to output sink
18:30:30.938 [TRACE] maestro.utils.ScreenshotUtils.takeScreenshot: Taking screenshot to byte array
18:30:30.939 [TRACE] maestro.utils.ScreenshotUtils.takeScreenshot: Taking screenshot to output sink
18:30:31.588 [ INFO] maestro.cli.runner.CliConsoleListener.onCommandFinished: Wait for animation to end COMPLETED
18:30:31.588 [ INFO] maestro.cli.runner.CliConsoleListener.onCommandStart: Take screenshot dash-02 RUNNING
18:30:31.589 [ INFO] maestro.Maestro.takeScreenshot: Taking screenshot
18:30:31.589 [TRACE] maestro.utils.ScreenshotUtils.takeScreenshot: Taking screenshot to output sink
18:30:31.854 [ INFO] maestro.cli.runner.CliConsoleListener.onCommandFinished: Take screenshot dash-02 COMPLETED
18:30:31.855 [ INFO] maestro.cli.runner.CliConsoleListener.onCommandStart: Swipe from (50%, 75%) to (50%, 30%) in 600 ms RUNNING
18:30:33.791 [ INFO] maestro.cli.runner.CliConsoleListener.onCommandFinished: Swipe from (50%, 75%) to (50%, 30%) in 600 ms COMPLETED
18:30:33.791 [ INFO] maestro.cli.runner.CliConsoleListener.onCommandStart: Wait for animation to end RUNNING
18:30:33.791 [ INFO] maestro.Maestro.waitForAnimationToEnd$lambda$53: Waiting for animation to end with timeout 15000
18:30:33.792 [TRACE] maestro.utils.ScreenshotUtils.takeScreenshot: Taking screenshot to byte array
18:30:33.792 [TRACE] maestro.utils.ScreenshotUtils.takeScreenshot: Taking screenshot to output sink
18:30:34.074 [TRACE] maestro.utils.ScreenshotUtils.takeScreenshot: Taking screenshot to byte array
18:30:34.075 [TRACE] maestro.utils.ScreenshotUtils.takeScreenshot: Taking screenshot to output sink
18:30:34.549 [ INFO] maestro.cli.runner.CliConsoleListener.onCommandFinished: Wait for animation to end COMPLETED
18:30:34.549 [ INFO] maestro.cli.runner.CliConsoleListener.onCommandStart: Take screenshot dash-03 RUNNING
18:30:34.550 [ INFO] maestro.Maestro.takeScreenshot: Taking screenshot
18:30:34.550 [TRACE] maestro.utils.ScreenshotUtils.takeScreenshot: Taking screenshot to output sink
18:30:34.708 [ INFO] maestro.cli.runner.CliConsoleListener.onCommandFinished: Take screenshot dash-03 COMPLETED
18:30:34.709 [ INFO] maestro.cli.runner.CliConsoleListener.onCommandStart: Swipe from (50%, 75%) to (50%, 30%) in 600 ms RUNNING
18:30:36.819 [ INFO] maestro.cli.runner.CliConsoleListener.onCommandFinished: Swipe from (50%, 75%) to (50%, 30%) in 600 ms COMPLETED
18:30:36.819 [ INFO] maestro.cli.runner.CliConsoleListener.onCommandStart: Wait for animation to end RUNNING
18:30:36.820 [ INFO] maestro.Maestro.waitForAnimationToEnd$lambda$53: Waiting for animation to end with timeout 15000
18:30:36.820 [TRACE] maestro.utils.ScreenshotUtils.takeScreenshot: Taking screenshot to byte array
18:30:36.820 [TRACE] maestro.utils.ScreenshotUtils.takeScreenshot: Taking screenshot to output sink
18:30:37.246 [TRACE] maestro.utils.ScreenshotUtils.takeScreenshot: Taking screenshot to byte array
18:30:37.246 [TRACE] maestro.utils.ScreenshotUtils.takeScreenshot: Taking screenshot to output sink
18:30:37.834 [ INFO] maestro.cli.runner.CliConsoleListener.onCommandFinished: Wait for animation to end COMPLETED
18:30:37.834 [ INFO] maestro.cli.runner.CliConsoleListener.onCommandStart: Take screenshot dash-04 RUNNING
18:30:37.835 [ INFO] maestro.Maestro.takeScreenshot: Taking screenshot
18:30:37.836 [TRACE] maestro.utils.ScreenshotUtils.takeScreenshot: Taking screenshot to output sink
18:30:38.135 [ INFO] maestro.cli.runner.CliConsoleListener.onCommandFinished: Take screenshot dash-04 COMPLETED
18:30:38.137 [ INFO] maestro.cli.runner.CliConsoleListener.onCommandStart: Swipe from (50%, 75%) to (50%, 30%) in 600 ms RUNNING
18:30:40.461 [ INFO] maestro.cli.runner.CliConsoleListener.onCommandFinished: Swipe from (50%, 75%) to (50%, 30%) in 600 ms COMPLETED
18:30:40.462 [ INFO] maestro.cli.runner.CliConsoleListener.onCommandStart: Wait for animation to end RUNNING
18:30:40.462 [ INFO] maestro.Maestro.waitForAnimationToEnd$lambda$53: Waiting for animation to end with timeout 15000
18:30:40.462 [TRACE] maestro.utils.ScreenshotUtils.takeScreenshot: Taking screenshot to byte array
18:30:40.463 [TRACE] maestro.utils.ScreenshotUtils.takeScreenshot: Taking screenshot to output sink
18:30:40.715 [TRACE] maestro.utils.ScreenshotUtils.takeScreenshot: Taking screenshot to byte array
18:30:40.716 [TRACE] maestro.utils.ScreenshotUtils.takeScreenshot: Taking screenshot to output sink
18:30:41.166 [ INFO] maestro.cli.runner.CliConsoleListener.onCommandFinished: Wait for animation to end COMPLETED
18:30:41.167 [ INFO] maestro.cli.runner.CliConsoleListener.onCommandStart: Take screenshot dash-05 RUNNING
18:30:41.168 [ INFO] maestro.Maestro.takeScreenshot: Taking screenshot
18:30:41.168 [TRACE] maestro.utils.ScreenshotUtils.takeScreenshot: Taking screenshot to output sink
18:30:41.344 [ INFO] maestro.cli.runner.CliConsoleListener.onCommandFinished: Take screenshot dash-05 COMPLETED
18:30:41.344 [ INFO] maestro.cli.runner.CliConsoleListener.onCommandStart: Swipe from (50%, 75%) to (50%, 30%) in 600 ms RUNNING
18:30:43.153 [ INFO] maestro.cli.runner.CliConsoleListener.onCommandFinished: Swipe from (50%, 75%) to (50%, 30%) in 600 ms COMPLETED
18:30:43.153 [ INFO] maestro.cli.runner.CliConsoleListener.onCommandStart: Wait for animation to end RUNNING
18:30:43.154 [ INFO] maestro.Maestro.waitForAnimationToEnd$lambda$53: Waiting for animation to end with timeout 15000
18:30:43.154 [TRACE] maestro.utils.ScreenshotUtils.takeScreenshot: Taking screenshot to byte array
18:30:43.154 [TRACE] maestro.utils.ScreenshotUtils.takeScreenshot: Taking screenshot to output sink
18:30:43.361 [TRACE] maestro.utils.ScreenshotUtils.takeScreenshot: Taking screenshot to byte array
18:30:43.361 [TRACE] maestro.utils.ScreenshotUtils.takeScreenshot: Taking screenshot to output sink
18:30:43.786 [ INFO] maestro.cli.runner.CliConsoleListener.onCommandFinished: Wait for animation to end COMPLETED
18:30:43.786 [ INFO] maestro.cli.runner.CliConsoleListener.onCommandStart: Take screenshot dash-06 RUNNING
18:30:43.788 [ INFO] maestro.Maestro.takeScreenshot: Taking screenshot
18:30:43.789 [TRACE] maestro.utils.ScreenshotUtils.takeScreenshot: Taking screenshot to output sink
18:30:43.939 [ INFO] maestro.cli.runner.CliConsoleListener.onCommandFinished: Take screenshot dash-06 COMPLETED
18:30:43.939 [ INFO] maestro.cli.runner.CliConsoleListener.onCommandStart: Swipe from (50%, 75%) to (50%, 30%) in 600 ms RUNNING
18:30:46.129 [ INFO] maestro.cli.runner.CliConsoleListener.onCommandFinished: Swipe from (50%, 75%) to (50%, 30%) in 600 ms COMPLETED
18:30:46.129 [ INFO] maestro.cli.runner.CliConsoleListener.onCommandStart: Wait for animation to end RUNNING
18:30:46.130 [ INFO] maestro.Maestro.waitForAnimationToEnd$lambda$53: Waiting for animation to end with timeout 15000
18:30:46.130 [TRACE] maestro.utils.ScreenshotUtils.takeScreenshot: Taking screenshot to byte array
18:30:46.130 [TRACE] maestro.utils.ScreenshotUtils.takeScreenshot: Taking screenshot to output sink
18:30:46.516 [TRACE] maestro.utils.ScreenshotUtils.takeScreenshot: Taking screenshot to byte array
18:30:46.516 [TRACE] maestro.utils.ScreenshotUtils.takeScreenshot: Taking screenshot to output sink
18:30:47.211 [ INFO] maestro.cli.runner.CliConsoleListener.onCommandFinished: Wait for animation to end COMPLETED
18:30:47.211 [ INFO] maestro.cli.runner.CliConsoleListener.onCommandStart: Take screenshot dash-07 RUNNING
18:30:47.212 [ INFO] maestro.Maestro.takeScreenshot: Taking screenshot
18:30:47.212 [TRACE] maestro.utils.ScreenshotUtils.takeScreenshot: Taking screenshot to output sink
18:30:47.492 [ INFO] maestro.cli.runner.CliConsoleListener.onCommandFinished: Take screenshot dash-07 COMPLETED
18:30:47.492 [ INFO] maestro.cli.runner.CliConsoleListener.onCommandStart: Swipe from (50%, 75%) to (50%, 30%) in 600 ms RUNNING
18:30:49.598 [ INFO] maestro.cli.runner.CliConsoleListener.onCommandFinished: Swipe from (50%, 75%) to (50%, 30%) in 600 ms COMPLETED
18:30:49.599 [ INFO] maestro.cli.runner.CliConsoleListener.onCommandStart: Wait for animation to end RUNNING
18:30:49.599 [ INFO] maestro.Maestro.waitForAnimationToEnd$lambda$53: Waiting for animation to end with timeout 15000
18:30:49.600 [TRACE] maestro.utils.ScreenshotUtils.takeScreenshot: Taking screenshot to byte array
18:30:49.600 [TRACE] maestro.utils.ScreenshotUtils.takeScreenshot: Taking screenshot to output sink
18:30:50.014 [TRACE] maestro.utils.ScreenshotUtils.takeScreenshot: Taking screenshot to byte array
18:30:50.015 [TRACE] maestro.utils.ScreenshotUtils.takeScreenshot: Taking screenshot to output sink
18:30:50.633 [ INFO] maestro.cli.runner.CliConsoleListener.onCommandFinished: Wait for animation to end COMPLETED
18:30:50.633 [ INFO] maestro.cli.runner.CliConsoleListener.onCommandStart: Take screenshot dash-08 RUNNING
18:30:50.634 [ INFO] maestro.Maestro.takeScreenshot: Taking screenshot
18:30:50.634 [TRACE] maestro.utils.ScreenshotUtils.takeScreenshot: Taking screenshot to output sink
18:30:51.033 [ INFO] maestro.cli.runner.CliConsoleListener.onCommandFinished: Take screenshot dash-08 COMPLETED
18:30:51.034 [ INFO] maestro.cli.runner.CliConsoleListener.onCommandStart: Swipe from (50%, 75%) to (50%, 30%) in 600 ms RUNNING
18:30:52.705 [ INFO] maestro.cli.runner.CliConsoleListener.onCommandFinished: Swipe from (50%, 75%) to (50%, 30%) in 600 ms COMPLETED
18:30:52.705 [ INFO] maestro.cli.runner.CliConsoleListener.onCommandStart: Wait for animation to end RUNNING
18:30:52.706 [ INFO] maestro.Maestro.waitForAnimationToEnd$lambda$53: Waiting for animation to end with timeout 15000
18:30:52.706 [TRACE] maestro.utils.ScreenshotUtils.takeScreenshot: Taking screenshot to byte array
18:30:52.706 [TRACE] maestro.utils.ScreenshotUtils.takeScreenshot: Taking screenshot to output sink
18:30:53.073 [TRACE] maestro.utils.ScreenshotUtils.takeScreenshot: Taking screenshot to byte array
18:30:53.074 [TRACE] maestro.utils.ScreenshotUtils.takeScreenshot: Taking screenshot to output sink
18:30:53.511 [ INFO] maestro.cli.runner.CliConsoleListener.onCommandFinished: Wait for animation to end COMPLETED
18:30:53.511 [ INFO] maestro.cli.runner.CliConsoleListener.onCommandStart: Take screenshot dash-09 RUNNING
18:30:53.512 [ INFO] maestro.Maestro.takeScreenshot: Taking screenshot
18:30:53.512 [TRACE] maestro.utils.ScreenshotUtils.takeScreenshot: Taking screenshot to output sink
18:30:53.655 [ INFO] maestro.cli.runner.CliConsoleListener.onCommandFinished: Take screenshot dash-09 COMPLETED
18:30:53.656 [ INFO] maestro.cli.runner.CliConsoleListener.onCommandStart: Take screenshot dash-fondo RUNNING
18:30:53.656 [ INFO] maestro.Maestro.takeScreenshot: Taking screenshot
18:30:53.656 [TRACE] maestro.utils.ScreenshotUtils.takeScreenshot: Taking screenshot to output sink
18:30:53.812 [ INFO] maestro.cli.runner.CliConsoleListener.onCommandFinished: Take screenshot dash-fondo COMPLETED
18:30:53.812 [ INFO] maestro.cli.runner.CliConsoleListener.onCommandStart: Tap on "Clienti" RUNNING
18:30:53.990 [ INFO] maestro.Maestro.tap-HgV9Ck0: Tapping on element:  UiElement(treeNode=TreeNode(attributes={text=Clienti, accessibilityText=, hintText=, ignoreBoundsFiltering=false, resource-id=, clickable=false, bounds=[499,2279][581,2306], enabled=true, focused=false, checked=false, scrollable=false, selected=false, class=android.widget.TextView, important-for-accessibility=true, error=}, children=[], clickable=false, enabled=true, focused=false, checked=false, selected=false), bounds=Bounds(x=499, y=2279, width=82, height=27))
18:30:55.429 [ INFO] maestro.Maestro.tap-HgV9Ck0: Tap aimed via settled hierarchy
18:30:55.431 [ INFO] maestro.Maestro.hierarchyBasedTap-ogj28Uc: Tapping at (540, 2292) using hierarchy based logic for wait
18:30:56.090 [ INFO] maestro.cli.runner.CliConsoleListener.onCommandFinished: Tap on "Clienti" COMPLETED
18:30:56.091 [ INFO] maestro.cli.runner.CliConsoleListener.onCommandStart: Assert that "LISTA CLIENTI" is visible RUNNING
18:31:56.415 [ERROR] maestro.orchestra.Orchestra.executeCommands: [Command execution] CommandFailed: Assertion is false: "LISTA CLIENTI" is visible
18:31:56.538 [ INFO] maestro.Maestro.takeScreenshot: Taking screenshot
18:31:56.539 [TRACE] maestro.utils.ScreenshotUtils.takeScreenshot: Taking screenshot to output sink
18:31:56.683 [ INFO] maestro.cli.runner.CliConsoleListener.onCommandFinished: Assert that "LISTA CLIENTI" is visible FAILED
18:31:57.678 [ INFO] maestro.cli.report.TestDebugReporter.deleteOldFiles: Performing purge of logs older than 14 days from /home/runner/.maestro/tests
