20:14:31.554 [ INFO] maestro.cli.report.TestDebugReporter.logSystemInfo: Debug output path: /home/runner/.maestro/tests/2026-10-10_201431
20:14:31.563 [ INFO] MAESTRO.logSystemInfo: ---- System Info ----
20:14:31.563 [ INFO] MAESTRO.logSystemInfo: Maestro Version: 2.11.0
20:14:31.566 [ INFO] MAESTRO.logSystemInfo: CI: github
20:14:31.566 [ INFO] MAESTRO.logSystemInfo: OS Name: Linux
20:14:31.567 [ INFO] MAESTRO.logSystemInfo: OS Version: 6.17.0-1022-azure
20:14:31.567 [ INFO] MAESTRO.logSystemInfo: Architecture: amd64
20:14:31.569 [ INFO] MAESTRO.logSystemInfo: Java Version: 17
20:14:31.574 [ INFO] MAESTRO.logSystemInfo: Xcode Version: null
20:14:31.580 [ INFO] MAESTRO.logSystemInfo: Flutter Version: Undefined
20:14:31.584 [ INFO] MAESTRO.logSystemInfo: Flutter Channel: Undefined
20:14:31.584 [ INFO] MAESTRO.logSystemInfo: ---------------------
20:14:32.975 [DEBUG] io.micrometer.common.util.internal.logging.InternalLoggerFactory.newDefaultFactory: Using SLF4J as the default logging framework
20:14:37.832 [ INFO] maestro.cli.command.TestCommand.runShardSuite: [shard 1] Selected device emulator-5554 using port 36003 with execution plan ExecutionPlan(flowsToRun=[/home/runner/work/VIBRA-NATIVE/VIBRA-NATIVE/tests/emulatore/pr/03-weekend.yaml], sequence=FlowSequence(flows=[], continueOnFailure=true), workspaceConfig=WorkspaceConfig(flows=null, includeTags=null, excludeTags=null, executionOrder=null, baselineBranch=null, notifications=null, disableRetries=false, platform=PlatformConfiguration(android=AndroidConfiguration(disableAnimations=false), ios=IOSConfiguration(disableAnimations=false, snapshotKeyHonorModalViews=null)), testOutputDir=null))
20:14:51.741 [ INFO] maestro.cli.runner.TestSuiteInteractor.runFlow:  Running flow 03-weekend
20:14:51.758 [ INFO] maestro.Maestro.cachedDeviceInfo_delegate$lambda$0: Getting device info
20:14:52.764 [ INFO] maestro.Maestro.cachedDeviceInfo_delegate$lambda$0: Got device info: DeviceInfo(platform=ANDROID, widthPixels=1080, heightPixels=2400, widthGrid=1080, heightGrid=2400)
20:14:53.006 [ INFO] maestro.cli.runner.CliConsoleListener.onCommandStart: Define variables RUNNING
20:14:53.013 [ INFO] maestro.cli.runner.CliConsoleListener.onCommandFinished: Define variables COMPLETED
20:14:53.020 [ INFO] maestro.cli.runner.CliConsoleListener.onCommandStart: Apply configuration RUNNING
20:14:53.020 [ INFO] maestro.cli.runner.CliConsoleListener.onCommandFinished: Apply configuration COMPLETED
20:14:53.021 [ INFO] maestro.cli.runner.CliConsoleListener.onCommandStart: Launch app "com.vibra.mobile" RUNNING
20:14:54.585 [DEBUG] maestro.Maestro.setPermissionInternal: Failed to set permission android.permission.READ_EXTERNAL_STORAGE for app com.vibra.mobile: shell command failed (exit -1): 
Exception occurred while executing 'grant':
java.lang.SecurityException: Package com.vibra.mobile has not requested permission android.permission.READ_EXTERNAL_STORAGE
	at com.android.server.pm.permission.PermissionManagerServiceImpl.grantRuntimePermissionInternal(PermissionManagerServiceImpl.java:1423)
	at com.android.server.pm.permission.PermissionManagerServiceImpl.grantRuntimePermission(PermissionManagerServiceImpl.java:1337)
	at com.android.server.pm.permission.PermissionManagerService.grantRuntimePermission(PermissionManagerService.java:551)
	at android.permission.PermissionManager.grantRuntimePermission(PermissionManager.java:609)
	at com.android.server.pm.PackageManagerShellCommand.runGrantRevokePermission(PackageManagerShellCommand.java:2672)
	at com.android.server.pm.PackageManagerShellCommand.onCommand(PackageManagerShellCommand.java:291)
	at com.android.modules.utils.BasicShellCommandHandler.exec(BasicShellCommandHandler.java:97)
	at android.os.ShellCommand.exec(ShellCommand.java:38)
	at com.android.server.pm.PackageManagerService$IPackageManagerImpl.onShellCommand(PackageManagerService.java:6350)
	at android.os.Binder.shellCommand(Binder.java:1068)
	at android.os.Binder.onTransact(Binder.java:888)
	at android.content.pm.IPackageManager$Stub.onTransact(IPackageManager.java:4352)
	at com.android.server.pm.PackageManagerService$IPackageManagerImpl.onTransact(PackageManagerService.java:6334)
	at android.os.Binder.execTransactInternal(Binder.java:1344)
	at android.os.Binder.execTransact(Binder.java:1275)

20:14:54.783 [DEBUG] maestro.Maestro.setPermissionInternal: Failed to set permission android.permission.WRITE_EXTERNAL_STORAGE for app com.vibra.mobile: shell command failed (exit -1): 
Exception occurred while executing 'grant':
java.lang.SecurityException: Package com.vibra.mobile has not requested permission android.permission.WRITE_EXTERNAL_STORAGE
	at com.android.server.pm.permission.PermissionManagerServiceImpl.grantRuntimePermissionInternal(PermissionManagerServiceImpl.java:1423)
	at com.android.server.pm.permission.PermissionManagerServiceImpl.grantRuntimePermission(PermissionManagerServiceImpl.java:1337)
	at com.android.server.pm.permission.PermissionManagerService.grantRuntimePermission(PermissionManagerService.java:551)
	at android.permission.PermissionManager.grantRuntimePermission(PermissionManager.java:609)
	at com.android.server.pm.PackageManagerShellCommand.runGrantRevokePermission(PackageManagerShellCommand.java:2672)
	at com.android.server.pm.PackageManagerShellCommand.onCommand(PackageManagerShellCommand.java:291)
	at com.android.modules.utils.BasicShellCommandHandler.exec(BasicShellCommandHandler.java:97)
	at android.os.ShellCommand.exec(ShellCommand.java:38)
	at com.android.server.pm.PackageManagerService$IPackageManagerImpl.onShellCommand(PackageManagerService.java:6350)
	at android.os.Binder.shellCommand(Binder.java:1068)
	at android.os.Binder.onTransact(Binder.java:888)
	at android.content.pm.IPackageManager$Stub.onTransact(IPackageManager.java:4352)
	at com.android.server.pm.PackageManagerService$IPackageManagerImpl.onTransact(PackageManagerService.java:6334)
	at android.os.Binder.execTransactInternal(Binder.java:1344)
	at android.os.Binder.execTransact(Binder.java:1275)

20:14:55.066 [ INFO] maestro.Maestro.launchApp$lambda$5: Launching app com.vibra.mobile
20:14:55.066 [ INFO] maestro.Maestro.launchApp$lambda$5: Stopping com.vibra.mobile app during launch
20:14:55.565 [ INFO] maestro.cli.runner.CliConsoleListener.onCommandFinished: Launch app "com.vibra.mobile" COMPLETED
20:14:55.566 [ INFO] maestro.cli.runner.CliConsoleListener.onCommandStart: Run ../sub/sistema.yaml RUNNING
20:14:55.567 [ INFO] maestro.cli.runner.CliConsoleListener.onCommandStart: Apply configuration RUNNING
20:14:55.571 [ INFO] maestro.cli.runner.CliConsoleListener.onCommandFinished: Apply configuration COMPLETED
20:14:55.572 [ INFO] maestro.cli.runner.CliConsoleListener.onCommandStart: Run flow when "Wait" is visible RUNNING
20:15:10.039 [ INFO] maestro.orchestra.Orchestra.executeSubflowCommands: [Command execution subflow] CommandSkipped: null
20:15:10.041 [ INFO] maestro.cli.runner.CliConsoleListener.onCommandFinished: Run flow when "Wait" is visible SKIPPED
20:15:10.044 [ INFO] maestro.cli.runner.CliConsoleListener.onCommandFinished: Run ../sub/sistema.yaml COMPLETED
20:15:10.044 [ INFO] maestro.cli.runner.CliConsoleListener.onCommandStart: Assert that "I Miei Progressi|Password" is visible RUNNING
20:15:11.170 [ INFO] maestro.cli.runner.CliConsoleListener.onCommandFinished: Assert that "I Miei Progressi|Password" is visible COMPLETED
20:15:11.170 [ INFO] maestro.cli.runner.CliConsoleListener.onCommandStart: Run ../sub/sistema.yaml RUNNING
20:15:11.172 [ INFO] maestro.cli.runner.CliConsoleListener.onCommandStart: Apply configuration RUNNING
20:15:11.173 [ INFO] maestro.cli.runner.CliConsoleListener.onCommandFinished: Apply configuration COMPLETED
20:15:11.173 [ INFO] maestro.cli.runner.CliConsoleListener.onCommandStart: Run flow when "Wait" is visible RUNNING
20:15:12.148 [ INFO] maestro.orchestra.Orchestra.executeSubflowCommands: [Command execution subflow] CommandSkipped: null
20:15:12.149 [ INFO] maestro.cli.runner.CliConsoleListener.onCommandFinished: Run flow when "Wait" is visible SKIPPED
20:15:12.149 [ INFO] maestro.cli.runner.CliConsoleListener.onCommandFinished: Run ../sub/sistema.yaml COMPLETED
20:15:12.149 [ INFO] maestro.cli.runner.CliConsoleListener.onCommandStart: Run ../sub/login.yaml RUNNING
20:15:12.150 [ INFO] maestro.cli.runner.CliConsoleListener.onCommandStart: Apply configuration RUNNING
20:15:12.150 [ INFO] maestro.cli.runner.CliConsoleListener.onCommandFinished: Apply configuration COMPLETED
20:15:12.150 [ INFO] maestro.cli.runner.CliConsoleListener.onCommandStart: Run flow when "Password" is visible RUNNING
20:15:13.068 [ INFO] maestro.orchestra.Orchestra.executeSubflowCommands: [Command execution subflow] CommandSkipped: null
20:15:13.069 [ INFO] maestro.cli.runner.CliConsoleListener.onCommandFinished: Run flow when "Password" is visible SKIPPED
20:15:13.069 [ INFO] maestro.cli.runner.CliConsoleListener.onCommandFinished: Run ../sub/login.yaml COMPLETED
20:15:13.069 [ INFO] maestro.cli.runner.CliConsoleListener.onCommandStart: Assert that "I Miei Progressi" is visible RUNNING
20:15:13.601 [ INFO] maestro.cli.runner.CliConsoleListener.onCommandFinished: Assert that "I Miei Progressi" is visible COMPLETED
20:15:13.602 [ INFO] maestro.cli.runner.CliConsoleListener.onCommandStart: Wait for animation to end RUNNING
20:15:13.615 [ INFO] maestro.Maestro.waitForAnimationToEnd$lambda$53: Waiting for animation to end with timeout 15000
20:15:13.622 [TRACE] maestro.utils.ScreenshotUtils.takeScreenshot: Taking screenshot to byte array
20:15:13.622 [TRACE] maestro.utils.ScreenshotUtils.takeScreenshot: Taking screenshot to output sink
20:15:14.131 [TRACE] maestro.utils.ScreenshotUtils.takeScreenshot: Taking screenshot to byte array
20:15:14.131 [TRACE] maestro.utils.ScreenshotUtils.takeScreenshot: Taking screenshot to output sink
20:15:14.758 [ INFO] maestro.cli.runner.CliConsoleListener.onCommandFinished: Wait for animation to end COMPLETED
20:15:14.758 [ INFO] maestro.cli.runner.CliConsoleListener.onCommandStart: Tap on "Weekend" RUNNING
20:15:15.093 [ INFO] maestro.Maestro.tap-HgV9Ck0: Tapping on element:  UiElement(treeNode=TreeNode(attributes={text=Weekend, accessibilityText=, hintText=, ignoreBoundsFiltering=false, resource-id=, clickable=false, bounds=[263,2279][384,2306], enabled=true, focused=false, checked=false, scrollable=false, selected=false, class=android.widget.TextView, important-for-accessibility=true, error=}, children=[], clickable=false, enabled=true, focused=false, checked=false, selected=false), bounds=Bounds(x=263, y=2279, width=121, height=27))
20:15:16.642 [ INFO] maestro.Maestro.tap-HgV9Ck0: Tap aimed via settled hierarchy
20:15:16.648 [ INFO] maestro.Maestro.hierarchyBasedTap-ogj28Uc: Tapping at (323, 2292) using hierarchy based logic for wait
20:15:18.828 [ INFO] maestro.cli.runner.CliConsoleListener.onCommandFinished: Tap on "Weekend" COMPLETED
20:15:18.829 [ INFO] maestro.cli.runner.CliConsoleListener.onCommandStart: Wait for animation to end RUNNING
20:15:18.829 [ INFO] maestro.Maestro.waitForAnimationToEnd$lambda$53: Waiting for animation to end with timeout 15000
20:15:18.829 [TRACE] maestro.utils.ScreenshotUtils.takeScreenshot: Taking screenshot to byte array
20:15:18.829 [TRACE] maestro.utils.ScreenshotUtils.takeScreenshot: Taking screenshot to output sink
20:15:19.257 [TRACE] maestro.utils.ScreenshotUtils.takeScreenshot: Taking screenshot to byte array
20:15:19.257 [TRACE] maestro.utils.ScreenshotUtils.takeScreenshot: Taking screenshot to output sink
20:15:19.764 [ INFO] maestro.cli.runner.CliConsoleListener.onCommandFinished: Wait for animation to end COMPLETED
20:15:19.764 [ INFO] maestro.cli.runner.CliConsoleListener.onCommandStart: Take screenshot weekend-01 RUNNING
20:15:19.767 [ INFO] maestro.Maestro.takeScreenshot: Taking screenshot
20:15:19.768 [TRACE] maestro.utils.ScreenshotUtils.takeScreenshot: Taking screenshot to output sink
20:15:20.067 [ INFO] maestro.cli.runner.CliConsoleListener.onCommandFinished: Take screenshot weekend-01 COMPLETED
20:15:20.071 [ INFO] maestro.cli.runner.CliConsoleListener.onCommandStart: Swipe from (50%, 75%) to (50%, 30%) in 600 ms RUNNING
20:15:23.945 [ INFO] maestro.cli.runner.CliConsoleListener.onCommandFinished: Swipe from (50%, 75%) to (50%, 30%) in 600 ms COMPLETED
20:15:23.945 [ INFO] maestro.cli.runner.CliConsoleListener.onCommandStart: Wait for animation to end RUNNING
20:15:23.946 [ INFO] maestro.Maestro.waitForAnimationToEnd$lambda$53: Waiting for animation to end with timeout 15000
20:15:23.946 [TRACE] maestro.utils.ScreenshotUtils.takeScreenshot: Taking screenshot to byte array
20:15:23.946 [TRACE] maestro.utils.ScreenshotUtils.takeScreenshot: Taking screenshot to output sink
20:15:24.633 [TRACE] maestro.utils.ScreenshotUtils.takeScreenshot: Taking screenshot to byte array
20:15:24.633 [TRACE] maestro.utils.ScreenshotUtils.takeScreenshot: Taking screenshot to output sink
20:15:25.307 [ INFO] maestro.cli.runner.CliConsoleListener.onCommandFinished: Wait for animation to end COMPLETED
20:15:25.307 [ INFO] maestro.cli.runner.CliConsoleListener.onCommandStart: Run ../sub/sistema.yaml RUNNING
20:15:25.307 [ INFO] maestro.cli.runner.CliConsoleListener.onCommandStart: Apply configuration RUNNING
20:15:25.307 [ INFO] maestro.cli.runner.CliConsoleListener.onCommandFinished: Apply configuration COMPLETED
20:15:25.308 [ INFO] maestro.cli.runner.CliConsoleListener.onCommandStart: Run flow when "Wait" is visible RUNNING
20:15:32.835 [ INFO] maestro.orchestra.Orchestra.executeSubflowCommands: [Command execution subflow] CommandSkipped: null
20:15:32.835 [ INFO] maestro.cli.runner.CliConsoleListener.onCommandFinished: Run flow when "Wait" is visible SKIPPED
20:15:32.836 [ INFO] maestro.cli.runner.CliConsoleListener.onCommandFinished: Run ../sub/sistema.yaml COMPLETED
20:15:32.836 [ INFO] maestro.cli.runner.CliConsoleListener.onCommandStart: Take screenshot weekend-02 RUNNING
20:15:32.837 [ INFO] maestro.Maestro.takeScreenshot: Taking screenshot
20:15:32.837 [TRACE] maestro.utils.ScreenshotUtils.takeScreenshot: Taking screenshot to output sink
20:15:33.085 [ INFO] maestro.cli.runner.CliConsoleListener.onCommandFinished: Take screenshot weekend-02 COMPLETED
20:15:33.085 [ INFO] maestro.cli.runner.CliConsoleListener.onCommandStart: Swipe from (50%, 75%) to (50%, 30%) in 600 ms RUNNING
20:15:38.121 [ INFO] maestro.cli.runner.CliConsoleListener.onCommandFinished: Swipe from (50%, 75%) to (50%, 30%) in 600 ms COMPLETED
20:15:38.121 [ INFO] maestro.cli.runner.CliConsoleListener.onCommandStart: Wait for animation to end RUNNING
20:15:38.122 [ INFO] maestro.Maestro.waitForAnimationToEnd$lambda$53: Waiting for animation to end with timeout 15000
20:15:38.122 [TRACE] maestro.utils.ScreenshotUtils.takeScreenshot: Taking screenshot to byte array
20:15:38.122 [TRACE] maestro.utils.ScreenshotUtils.takeScreenshot: Taking screenshot to output sink
20:15:38.470 [TRACE] maestro.utils.ScreenshotUtils.takeScreenshot: Taking screenshot to byte array
20:15:38.470 [TRACE] maestro.utils.ScreenshotUtils.takeScreenshot: Taking screenshot to output sink
20:15:38.929 [ INFO] maestro.cli.runner.CliConsoleListener.onCommandFinished: Wait for animation to end COMPLETED
20:15:38.930 [ INFO] maestro.cli.runner.CliConsoleListener.onCommandStart: Run ../sub/sistema.yaml RUNNING
20:15:38.930 [ INFO] maestro.cli.runner.CliConsoleListener.onCommandStart: Apply configuration RUNNING
20:15:38.930 [ INFO] maestro.cli.runner.CliConsoleListener.onCommandFinished: Apply configuration COMPLETED
20:15:38.931 [ INFO] maestro.cli.runner.CliConsoleListener.onCommandStart: Run flow when "Wait" is visible RUNNING
20:15:46.118 [ INFO] maestro.orchestra.Orchestra.executeSubflowCommands: [Command execution subflow] CommandSkipped: null
20:15:46.118 [ INFO] maestro.cli.runner.CliConsoleListener.onCommandFinished: Run flow when "Wait" is visible SKIPPED
20:15:46.118 [ INFO] maestro.cli.runner.CliConsoleListener.onCommandFinished: Run ../sub/sistema.yaml COMPLETED
20:15:46.118 [ INFO] maestro.cli.runner.CliConsoleListener.onCommandStart: Take screenshot weekend-03 RUNNING
20:15:46.119 [ INFO] maestro.Maestro.takeScreenshot: Taking screenshot
20:15:46.119 [TRACE] maestro.utils.ScreenshotUtils.takeScreenshot: Taking screenshot to output sink
20:15:46.373 [ INFO] maestro.cli.runner.CliConsoleListener.onCommandFinished: Take screenshot weekend-03 COMPLETED
20:15:46.374 [ INFO] maestro.cli.runner.CliConsoleListener.onCommandStart: Swipe from (50%, 75%) to (50%, 30%) in 600 ms RUNNING
20:15:49.087 [ INFO] maestro.cli.runner.CliConsoleListener.onCommandFinished: Swipe from (50%, 75%) to (50%, 30%) in 600 ms COMPLETED
20:15:49.087 [ INFO] maestro.cli.runner.CliConsoleListener.onCommandStart: Wait for animation to end RUNNING
20:15:49.087 [ INFO] maestro.Maestro.waitForAnimationToEnd$lambda$53: Waiting for animation to end with timeout 15000
20:15:49.088 [TRACE] maestro.utils.ScreenshotUtils.takeScreenshot: Taking screenshot to byte array
20:15:49.088 [TRACE] maestro.utils.ScreenshotUtils.takeScreenshot: Taking screenshot to output sink
20:15:49.311 [TRACE] maestro.utils.ScreenshotUtils.takeScreenshot: Taking screenshot to byte array
20:15:49.311 [TRACE] maestro.utils.ScreenshotUtils.takeScreenshot: Taking screenshot to output sink
20:15:49.743 [ INFO] maestro.cli.runner.CliConsoleListener.onCommandFinished: Wait for animation to end COMPLETED
20:15:49.744 [ INFO] maestro.cli.runner.CliConsoleListener.onCommandStart: Run ../sub/sistema.yaml RUNNING
20:15:49.744 [ INFO] maestro.cli.runner.CliConsoleListener.onCommandStart: Apply configuration RUNNING
20:15:49.744 [ INFO] maestro.cli.runner.CliConsoleListener.onCommandFinished: Apply configuration COMPLETED
20:15:49.744 [ INFO] maestro.cli.runner.CliConsoleListener.onCommandStart: Run flow when "Wait" is visible RUNNING
20:15:56.984 [ INFO] maestro.orchestra.Orchestra.executeSubflowCommands: [Command execution subflow] CommandSkipped: null
20:15:56.985 [ INFO] maestro.cli.runner.CliConsoleListener.onCommandFinished: Run flow when "Wait" is visible SKIPPED
20:15:56.985 [ INFO] maestro.cli.runner.CliConsoleListener.onCommandFinished: Run ../sub/sistema.yaml COMPLETED
20:15:56.985 [ INFO] maestro.cli.runner.CliConsoleListener.onCommandStart: Take screenshot weekend-04 RUNNING
20:15:56.986 [ INFO] maestro.Maestro.takeScreenshot: Taking screenshot
20:15:56.986 [TRACE] maestro.utils.ScreenshotUtils.takeScreenshot: Taking screenshot to output sink
20:15:57.240 [ INFO] maestro.cli.runner.CliConsoleListener.onCommandFinished: Take screenshot weekend-04 COMPLETED
20:15:57.241 [ INFO] maestro.cli.runner.CliConsoleListener.onCommandStart: Swipe from (50%, 75%) to (50%, 30%) in 600 ms RUNNING
20:15:58.828 [ INFO] maestro.cli.runner.CliConsoleListener.onCommandFinished: Swipe from (50%, 75%) to (50%, 30%) in 600 ms COMPLETED
20:15:58.829 [ INFO] maestro.cli.runner.CliConsoleListener.onCommandStart: Wait for animation to end RUNNING
20:15:58.829 [ INFO] maestro.Maestro.waitForAnimationToEnd$lambda$53: Waiting for animation to end with timeout 15000
20:15:58.829 [TRACE] maestro.utils.ScreenshotUtils.takeScreenshot: Taking screenshot to byte array
20:15:58.830 [TRACE] maestro.utils.ScreenshotUtils.takeScreenshot: Taking screenshot to output sink
20:15:59.058 [TRACE] maestro.utils.ScreenshotUtils.takeScreenshot: Taking screenshot to byte array
20:15:59.058 [TRACE] maestro.utils.ScreenshotUtils.takeScreenshot: Taking screenshot to output sink
20:15:59.558 [ INFO] maestro.cli.runner.CliConsoleListener.onCommandFinished: Wait for animation to end COMPLETED
20:15:59.558 [ INFO] maestro.cli.runner.CliConsoleListener.onCommandStart: Run ../sub/sistema.yaml RUNNING
20:15:59.559 [ INFO] maestro.cli.runner.CliConsoleListener.onCommandStart: Apply configuration RUNNING
20:15:59.559 [ INFO] maestro.cli.runner.CliConsoleListener.onCommandFinished: Apply configuration COMPLETED
20:15:59.559 [ INFO] maestro.cli.runner.CliConsoleListener.onCommandStart: Run flow when "Wait" is visible RUNNING
20:16:06.789 [ INFO] maestro.orchestra.Orchestra.executeSubflowCommands: [Command execution subflow] CommandSkipped: null
20:16:06.790 [ INFO] maestro.cli.runner.CliConsoleListener.onCommandFinished: Run flow when "Wait" is visible SKIPPED
20:16:06.790 [ INFO] maestro.cli.runner.CliConsoleListener.onCommandFinished: Run ../sub/sistema.yaml COMPLETED
20:16:06.790 [ INFO] maestro.cli.runner.CliConsoleListener.onCommandStart: Take screenshot weekend-05 RUNNING
20:16:06.790 [ INFO] maestro.Maestro.takeScreenshot: Taking screenshot
20:16:06.791 [TRACE] maestro.utils.ScreenshotUtils.takeScreenshot: Taking screenshot to output sink
20:16:06.982 [ INFO] maestro.cli.runner.CliConsoleListener.onCommandFinished: Take screenshot weekend-05 COMPLETED
20:16:06.982 [ INFO] maestro.cli.runner.CliConsoleListener.onCommandStart: Swipe from (50%, 75%) to (50%, 30%) in 600 ms RUNNING
20:16:08.710 [ INFO] maestro.cli.runner.CliConsoleListener.onCommandFinished: Swipe from (50%, 75%) to (50%, 30%) in 600 ms COMPLETED
20:16:08.711 [ INFO] maestro.cli.runner.CliConsoleListener.onCommandStart: Wait for animation to end RUNNING
20:16:08.711 [ INFO] maestro.Maestro.waitForAnimationToEnd$lambda$53: Waiting for animation to end with timeout 15000
20:16:08.711 [TRACE] maestro.utils.ScreenshotUtils.takeScreenshot: Taking screenshot to byte array
20:16:08.711 [TRACE] maestro.utils.ScreenshotUtils.takeScreenshot: Taking screenshot to output sink
20:16:08.971 [TRACE] maestro.utils.ScreenshotUtils.takeScreenshot: Taking screenshot to byte array
20:16:08.971 [TRACE] maestro.utils.ScreenshotUtils.takeScreenshot: Taking screenshot to output sink
20:16:09.427 [ INFO] maestro.cli.runner.CliConsoleListener.onCommandFinished: Wait for animation to end COMPLETED
20:16:09.428 [ INFO] maestro.cli.runner.CliConsoleListener.onCommandStart: Run ../sub/sistema.yaml RUNNING
20:16:09.428 [ INFO] maestro.cli.runner.CliConsoleListener.onCommandStart: Apply configuration RUNNING
20:16:09.428 [ INFO] maestro.cli.runner.CliConsoleListener.onCommandFinished: Apply configuration COMPLETED
20:16:09.428 [ INFO] maestro.cli.runner.CliConsoleListener.onCommandStart: Run flow when "Wait" is visible RUNNING
20:16:16.633 [ INFO] maestro.orchestra.Orchestra.executeSubflowCommands: [Command execution subflow] CommandSkipped: null
20:16:16.633 [ INFO] maestro.cli.runner.CliConsoleListener.onCommandFinished: Run flow when "Wait" is visible SKIPPED
20:16:16.633 [ INFO] maestro.cli.runner.CliConsoleListener.onCommandFinished: Run ../sub/sistema.yaml COMPLETED
20:16:16.633 [ INFO] maestro.cli.runner.CliConsoleListener.onCommandStart: Take screenshot weekend-06 RUNNING
20:16:16.634 [ INFO] maestro.Maestro.takeScreenshot: Taking screenshot
20:16:16.634 [TRACE] maestro.utils.ScreenshotUtils.takeScreenshot: Taking screenshot to output sink
20:16:16.859 [ INFO] maestro.cli.runner.CliConsoleListener.onCommandFinished: Take screenshot weekend-06 COMPLETED
20:16:17.603 [ INFO] maestro.cli.report.TestDebugReporter.deleteOldFiles: Performing purge of logs older than 14 days from /home/runner/.maestro/tests
