20:33:55.548 [ INFO] maestro.cli.runner.CliConsoleListener.onCommandStart: Define variables RUNNING
20:33:55.554 [ INFO] maestro.cli.runner.CliConsoleListener.onCommandFinished: Define variables COMPLETED
20:33:55.556 [ INFO] maestro.cli.runner.CliConsoleListener.onCommandStart: Apply configuration RUNNING
20:33:55.558 [ INFO] maestro.cli.runner.CliConsoleListener.onCommandFinished: Apply configuration COMPLETED
20:33:55.558 [ INFO] maestro.cli.runner.CliConsoleListener.onCommandStart: Launch app "com.vibra.mobile" RUNNING
20:33:56.781 [DEBUG] maestro.Maestro.setPermissionInternal: Failed to set permission android.permission.READ_EXTERNAL_STORAGE for app com.vibra.mobile: shell command failed (exit -1): 
Exception occurred while executing 'grant':
java.lang.SecurityException: Package com.vibra.mobile has not requested permission android.permission.READ_EXTERNAL_STORAGE
	at com.android.server.pm.permission.PermissionManagerServiceImpl.grantRuntimePermissionInternal(PermissionManagerServiceImpl.java:1423)
	at com.android.server.pm.permission.PermissionManagerServiceImpl.grantRuntimePermission(PermissionManagerServiceImpl.java:1337)
	at com.android.server.pm.permission.PermissionManagerService.grantRuntimePermission(PermissionManagerService.java:551)
	at android.permission.PermissionManager.grantRuntimePermission(PermissionManager.java:609)
	at com.android.server.pm.PackageManagerShellCommand.runGrantRevokePermission(PackageManagerShellCommand.java:2672)
	at com.android.server.pm.PackageManagerShellCommand.onCommand(PackageManagerShellCommand.java:291)
	at com.android.modules.utils.BasicShellCommandHandler.exec(BasicShellCommandHandler.java:97)
	at android.os.ShellCommand.exec(ShellCommand.java:38)
	at com.android.server.pm.PackageManagerService$IPackageManagerImpl.onShellCommand(PackageManagerService.java:6350)
	at android.os.Binder.shellCommand(Binder.java:1068)
	at android.os.Binder.onTransact(Binder.java:888)
	at android.content.pm.IPackageManager$Stub.onTransact(IPackageManager.java:4352)
	at com.android.server.pm.PackageManagerService$IPackageManagerImpl.onTransact(PackageManagerService.java:6334)
	at android.os.Binder.execTransactInternal(Binder.java:1344)
	at android.os.Binder.execTransact(Binder.java:1275)

20:33:57.187 [DEBUG] maestro.Maestro.setPermissionInternal: Failed to set permission android.permission.WRITE_EXTERNAL_STORAGE for app com.vibra.mobile: shell command failed (exit -1): 
Exception occurred while executing 'grant':
java.lang.SecurityException: Package com.vibra.mobile has not requested permission android.permission.WRITE_EXTERNAL_STORAGE
	at com.android.server.pm.permission.PermissionManagerServiceImpl.grantRuntimePermissionInternal(PermissionManagerServiceImpl.java:1423)
	at com.android.server.pm.permission.PermissionManagerServiceImpl.grantRuntimePermission(PermissionManagerServiceImpl.java:1337)
	at com.android.server.pm.permission.PermissionManagerService.grantRuntimePermission(PermissionManagerService.java:551)
	at android.permission.PermissionManager.grantRuntimePermission(PermissionManager.java:609)
	at com.android.server.pm.PackageManagerShellCommand.runGrantRevokePermission(PackageManagerShellCommand.java:2672)
	at com.android.server.pm.PackageManagerShellCommand.onCommand(PackageManagerShellCommand.java:291)
	at com.android.modules.utils.BasicShellCommandHandler.exec(BasicShellCommandHandler.java:97)
	at android.os.ShellCommand.exec(ShellCommand.java:38)
	at com.android.server.pm.PackageManagerService$IPackageManagerImpl.onShellCommand(PackageManagerService.java:6350)
	at android.os.Binder.shellCommand(Binder.java:1068)
	at android.os.Binder.onTransact(Binder.java:888)
	at android.content.pm.IPackageManager$Stub.onTransact(IPackageManager.java:4352)
	at com.android.server.pm.PackageManagerService$IPackageManagerImpl.onTransact(PackageManagerService.java:6334)
	at android.os.Binder.execTransactInternal(Binder.java:1344)
	at android.os.Binder.execTransact(Binder.java:1275)

20:33:57.510 [ INFO] maestro.Maestro.launchApp$lambda$5: Launching app com.vibra.mobile
20:33:57.510 [ INFO] maestro.Maestro.launchApp$lambda$5: Stopping com.vibra.mobile app during launch
20:33:57.776 [ INFO] maestro.cli.runner.CliConsoleListener.onCommandFinished: Launch app "com.vibra.mobile" COMPLETED
20:33:57.776 [ INFO] maestro.cli.runner.CliConsoleListener.onCommandStart: Run ../sub/sistema.yaml RUNNING
20:33:57.780 [ INFO] maestro.cli.runner.CliConsoleListener.onCommandStart: Apply configuration RUNNING
20:33:57.781 [ INFO] maestro.cli.runner.CliConsoleListener.onCommandFinished: Apply configuration COMPLETED
20:33:57.782 [ INFO] maestro.cli.runner.CliConsoleListener.onCommandStart: Run flow when "Wait" is visible RUNNING
20:34:16.407 [ INFO] maestro.orchestra.Orchestra.executeSubflowCommands: [Command execution subflow] CommandSkipped: null
20:34:16.409 [ INFO] maestro.cli.runner.CliConsoleListener.onCommandFinished: Run flow when "Wait" is visible SKIPPED
20:34:16.409 [ INFO] maestro.cli.runner.CliConsoleListener.onCommandFinished: Run ../sub/sistema.yaml COMPLETED
20:34:16.410 [ INFO] maestro.cli.runner.CliConsoleListener.onCommandStart: Assert that "I Miei Progressi|Password" is visible RUNNING
20:34:18.278 [ INFO] maestro.cli.runner.CliConsoleListener.onCommandFinished: Assert that "I Miei Progressi|Password" is visible COMPLETED
20:34:18.279 [ INFO] maestro.cli.runner.CliConsoleListener.onCommandStart: Run ../sub/sistema.yaml RUNNING
20:34:18.280 [ INFO] maestro.cli.runner.CliConsoleListener.onCommandStart: Apply configuration RUNNING
20:34:18.280 [ INFO] maestro.cli.runner.CliConsoleListener.onCommandFinished: Apply configuration COMPLETED
20:34:18.281 [ INFO] maestro.cli.runner.CliConsoleListener.onCommandStart: Run flow when "Wait" is visible RUNNING
20:34:19.340 [ INFO] maestro.orchestra.Orchestra.executeSubflowCommands: [Command execution subflow] CommandSkipped: null
20:34:19.341 [ INFO] maestro.cli.runner.CliConsoleListener.onCommandFinished: Run flow when "Wait" is visible SKIPPED
20:34:19.341 [ INFO] maestro.cli.runner.CliConsoleListener.onCommandFinished: Run ../sub/sistema.yaml COMPLETED
20:34:19.341 [ INFO] maestro.cli.runner.CliConsoleListener.onCommandStart: Run ../sub/login.yaml RUNNING
20:34:19.343 [ INFO] maestro.cli.runner.CliConsoleListener.onCommandStart: Apply configuration RUNNING
20:34:19.344 [ INFO] maestro.cli.runner.CliConsoleListener.onCommandFinished: Apply configuration COMPLETED
20:34:19.344 [ INFO] maestro.cli.runner.CliConsoleListener.onCommandStart: Run flow when "Password" is visible RUNNING
20:34:20.332 [ INFO] maestro.orchestra.Orchestra.executeSubflowCommands: [Command execution subflow] CommandSkipped: null
20:34:20.333 [ INFO] maestro.cli.runner.CliConsoleListener.onCommandFinished: Run flow when "Password" is visible SKIPPED
20:34:20.334 [ INFO] maestro.cli.runner.CliConsoleListener.onCommandFinished: Run ../sub/login.yaml COMPLETED
20:34:20.335 [ INFO] maestro.cli.runner.CliConsoleListener.onCommandStart: Assert that "I Miei Progressi" is visible RUNNING
20:34:20.750 [ INFO] maestro.cli.runner.CliConsoleListener.onCommandFinished: Assert that "I Miei Progressi" is visible COMPLETED
20:34:20.750 [ INFO] maestro.cli.runner.CliConsoleListener.onCommandStart: Wait for animation to end RUNNING
20:34:20.754 [ INFO] maestro.Maestro.waitForAnimationToEnd$lambda$53: Waiting for animation to end with timeout 15000
20:34:20.756 [TRACE] maestro.utils.ScreenshotUtils.takeScreenshot: Taking screenshot to byte array
20:34:20.756 [TRACE] maestro.utils.ScreenshotUtils.takeScreenshot: Taking screenshot to output sink
20:34:21.870 [TRACE] maestro.utils.ScreenshotUtils.takeScreenshot: Taking screenshot to byte array
20:34:21.871 [TRACE] maestro.utils.ScreenshotUtils.takeScreenshot: Taking screenshot to output sink
20:34:22.751 [ INFO] maestro.cli.runner.CliConsoleListener.onCommandFinished: Wait for animation to end COMPLETED
20:34:22.751 [ INFO] maestro.cli.runner.CliConsoleListener.onCommandStart: Tap on "Clienti" RUNNING
20:34:23.156 [ INFO] maestro.Maestro.tap-HgV9Ck0: Tapping on element:  UiElement(treeNode=TreeNode(attributes={text=Clienti, accessibilityText=, hintText=, ignoreBoundsFiltering=false, resource-id=, clickable=false, bounds=[499,2279][581,2306], enabled=true, focused=false, checked=false, scrollable=false, selected=false, class=android.widget.TextView, important-for-accessibility=true, error=}, children=[], clickable=false, enabled=true, focused=false, checked=false, selected=false), bounds=Bounds(x=499, y=2279, width=82, height=27))
20:34:24.672 [ INFO] maestro.Maestro.tap-HgV9Ck0: Tap aimed via settled hierarchy
20:34:24.678 [ INFO] maestro.Maestro.hierarchyBasedTap-ogj28Uc: Tapping at (540, 2292) using hierarchy based logic for wait
20:34:27.136 [ INFO] maestro.Maestro.hierarchyBasedTap-ogj28Uc: Something has changed in the UI judging by view hierarchy. Proceed.
20:34:27.136 [ INFO] maestro.cli.runner.CliConsoleListener.onCommandFinished: Tap on "Clienti" COMPLETED
20:34:27.137 [ INFO] maestro.cli.runner.CliConsoleListener.onCommandStart: Assert that "LISTA CLIENTI" is visible RUNNING
20:34:45.019 [ INFO] maestro.cli.runner.CliConsoleListener.onCommandFinished: Assert that "LISTA CLIENTI" is visible COMPLETED
20:34:45.020 [ INFO] maestro.cli.runner.CliConsoleListener.onCommandStart: Wait for animation to end RUNNING
20:34:45.021 [ INFO] maestro.Maestro.waitForAnimationToEnd$lambda$53: Waiting for animation to end with timeout 15000
20:34:45.022 [TRACE] maestro.utils.ScreenshotUtils.takeScreenshot: Taking screenshot to byte array
20:34:45.022 [TRACE] maestro.utils.ScreenshotUtils.takeScreenshot: Taking screenshot to output sink
20:34:45.965 [TRACE] maestro.utils.ScreenshotUtils.takeScreenshot: Taking screenshot to byte array
20:34:45.966 [TRACE] maestro.utils.ScreenshotUtils.takeScreenshot: Taking screenshot to output sink
20:34:46.763 [ INFO] maestro.cli.runner.CliConsoleListener.onCommandFinished: Wait for animation to end COMPLETED
20:34:46.763 [ INFO] maestro.cli.runner.CliConsoleListener.onCommandStart: Take screenshot clienti-01 RUNNING
20:34:46.768 [ INFO] maestro.Maestro.takeScreenshot: Taking screenshot
20:34:46.769 [TRACE] maestro.utils.ScreenshotUtils.takeScreenshot: Taking screenshot to output sink
20:34:47.061 [ INFO] maestro.cli.runner.CliConsoleListener.onCommandFinished: Take screenshot clienti-01 COMPLETED
20:34:47.061 [ INFO] maestro.cli.runner.CliConsoleListener.onCommandStart: Tap on "Sofia Colombo" RUNNING
20:34:48.056 [ INFO] maestro.Maestro.tap-HgV9Ck0: Tapping on element:  UiElement(treeNode=TreeNode(attributes={text=Sofia Colombo, accessibilityText=, hintText=, ignoreBoundsFiltering=false, resource-id=, clickable=false, bounds=[203,1169][466,1222], enabled=true, focused=false, checked=false, scrollable=false, selected=false, class=android.widget.TextView, important-for-accessibility=true, error=}, children=[], clickable=false, enabled=true, focused=false, checked=false, selected=false), bounds=Bounds(x=203, y=1169, width=263, height=53))
20:34:51.032 [ INFO] maestro.Maestro.tap-HgV9Ck0: Tap aimed via settled hierarchy
20:34:51.035 [ INFO] maestro.Maestro.hierarchyBasedTap-ogj28Uc: Tapping at (334, 1195) using hierarchy based logic for wait
20:34:56.768 [ INFO] maestro.cli.runner.CliConsoleListener.onCommandFinished: Tap on "Sofia Colombo" COMPLETED
20:34:56.768 [ INFO] maestro.cli.runner.CliConsoleListener.onCommandStart: Assert that "Skill del cliente" is visible RUNNING
