20:00:28.767 [ INFO] maestro.cli.report.TestDebugReporter.logSystemInfo: Debug output path: /home/runner/.maestro/tests/2026-10-10_200028
20:00:28.773 [ INFO] MAESTRO.logSystemInfo: ---- System Info ----
20:00:28.774 [ INFO] MAESTRO.logSystemInfo: Maestro Version: 2.11.0
20:00:28.776 [ INFO] MAESTRO.logSystemInfo: CI: github
20:00:28.777 [ INFO] MAESTRO.logSystemInfo: OS Name: Linux
20:00:28.777 [ INFO] MAESTRO.logSystemInfo: OS Version: 6.17.0-1022-azure
20:00:28.777 [ INFO] MAESTRO.logSystemInfo: Architecture: amd64
20:00:28.782 [ INFO] MAESTRO.logSystemInfo: Java Version: 17
20:00:28.790 [ INFO] MAESTRO.logSystemInfo: Xcode Version: null
20:00:28.793 [ INFO] MAESTRO.logSystemInfo: Flutter Version: Undefined
20:00:28.802 [ INFO] MAESTRO.logSystemInfo: Flutter Channel: Undefined
20:00:28.803 [ INFO] MAESTRO.logSystemInfo: ---------------------
20:00:28.998 [DEBUG] io.micrometer.common.util.internal.logging.InternalLoggerFactory.newDefaultFactory: Using SLF4J as the default logging framework
20:00:34.969 [ INFO] maestro.cli.command.TestCommand.runShardSuite: [shard 1] Selected device emulator-5554 using port 40799 with execution plan ExecutionPlan(flowsToRun=[/home/runner/work/VIBRA-NATIVE/VIBRA-NATIVE/tests/emulatore/01-dashboard.yaml], sequence=FlowSequence(flows=[], continueOnFailure=true), workspaceConfig=WorkspaceConfig(flows=null, includeTags=null, excludeTags=null, executionOrder=null, baselineBranch=null, notifications=null, disableRetries=false, platform=PlatformConfiguration(android=AndroidConfiguration(disableAnimations=false), ios=IOSConfiguration(disableAnimations=false, snapshotKeyHonorModalViews=null)), testOutputDir=null))
20:00:50.034 [ INFO] maestro.cli.runner.TestSuiteInteractor.runFlow:  Running flow 01-dashboard
20:00:50.073 [ INFO] maestro.Maestro.cachedDeviceInfo_delegate$lambda$0: Getting device info
20:00:51.052 [ INFO] maestro.Maestro.cachedDeviceInfo_delegate$lambda$0: Got device info: DeviceInfo(platform=ANDROID, widthPixels=1080, heightPixels=2400, widthGrid=1080, heightGrid=2400)
20:00:51.318 [ INFO] maestro.cli.runner.CliConsoleListener.onCommandStart: Define variables RUNNING
20:00:51.323 [ INFO] maestro.cli.runner.CliConsoleListener.onCommandFinished: Define variables COMPLETED
20:00:51.324 [ INFO] maestro.cli.runner.CliConsoleListener.onCommandStart: Apply configuration RUNNING
20:00:51.325 [ INFO] maestro.cli.runner.CliConsoleListener.onCommandFinished: Apply configuration COMPLETED
20:00:51.325 [ INFO] maestro.cli.runner.CliConsoleListener.onCommandStart: Launch app "com.vibra.mobile" RUNNING
20:00:53.418 [DEBUG] maestro.Maestro.setPermissionInternal: Failed to set permission android.permission.READ_EXTERNAL_STORAGE for app com.vibra.mobile: shell command failed (exit -1): 
Exception occurred while executing 'grant':
java.lang.SecurityException: Package com.vibra.mobile has not requested permission android.permission.READ_EXTERNAL_STORAGE
	at com.android.server.pm.permission.PermissionManagerServiceImpl.grantRuntimePermissionInternal(PermissionManagerServiceImpl.java:1423)
	at com.android.server.pm.permission.PermissionManagerServiceImpl.grantRuntimePermission(PermissionManagerServiceImpl.java:1337)
	at com.android.server.pm.permission.PermissionManagerService.grantRuntimePermission(PermissionManagerService.java:551)
	at android.permission.PermissionManager.grantRuntimePermission(PermissionManager.java:609)
	at com.android.server.pm.PackageManagerShellCommand.runGrantRevokePermission(PackageManagerShellCommand.java:2672)
	at com.android.server.pm.PackageManagerShellCommand.onCommand(PackageManagerShellCommand.java:291)
	at com.android.modules.utils.BasicShellCommandHandler.exec(BasicShellCommandHandler.java:97)
	at android.os.ShellCommand.exec(ShellCommand.java:38)
	at com.android.server.pm.PackageManagerService$IPackageManagerImpl.onShellCommand(PackageManagerService.java:6350)
	at android.os.Binder.shellCommand(Binder.java:1068)
	at android.os.Binder.onTransact(Binder.java:888)
	at android.content.pm.IPackageManager$Stub.onTransact(IPackageManager.java:4352)
	at com.android.server.pm.PackageManagerService$IPackageManagerImpl.onTransact(PackageManagerService.java:6334)
	at android.os.Binder.execTransactInternal(Binder.java:1344)
	at android.os.Binder.execTransact(Binder.java:1275)

20:00:53.676 [DEBUG] maestro.Maestro.setPermissionInternal: Failed to set permission android.permission.WRITE_EXTERNAL_STORAGE for app com.vibra.mobile: shell command failed (exit -1): 
Exception occurred while executing 'grant':
java.lang.SecurityException: Package com.vibra.mobile has not requested permission android.permission.WRITE_EXTERNAL_STORAGE
	at com.android.server.pm.permission.PermissionManagerServiceImpl.grantRuntimePermissionInternal(PermissionManagerServiceImpl.java:1423)
	at com.android.server.pm.permission.PermissionManagerServiceImpl.grantRuntimePermission(PermissionManagerServiceImpl.java:1337)
	at com.android.server.pm.permission.PermissionManagerService.grantRuntimePermission(PermissionManagerService.java:551)
	at android.permission.PermissionManager.grantRuntimePermission(PermissionManager.java:609)
	at com.android.server.pm.PackageManagerShellCommand.runGrantRevokePermission(PackageManagerShellCommand.java:2672)
	at com.android.server.pm.PackageManagerShellCommand.onCommand(PackageManagerShellCommand.java:291)
	at com.android.modules.utils.BasicShellCommandHandler.exec(BasicShellCommandHandler.java:97)
	at android.os.ShellCommand.exec(ShellCommand.java:38)
	at com.android.server.pm.PackageManagerService$IPackageManagerImpl.onShellCommand(PackageManagerService.java:6350)
	at android.os.Binder.shellCommand(Binder.java:1068)
	at android.os.Binder.onTransact(Binder.java:888)
	at android.content.pm.IPackageManager$Stub.onTransact(IPackageManager.java:4352)
	at com.android.server.pm.PackageManagerService$IPackageManagerImpl.onTransact(PackageManagerService.java:6334)
	at android.os.Binder.execTransactInternal(Binder.java:1344)
	at android.os.Binder.execTransact(Binder.java:1275)

20:00:54.432 [ INFO] maestro.Maestro.launchApp$lambda$5: Launching app com.vibra.mobile
20:00:54.432 [ INFO] maestro.Maestro.launchApp$lambda$5: Stopping com.vibra.mobile app during launch
20:00:55.531 [ INFO] maestro.cli.runner.CliConsoleListener.onCommandFinished: Launch app "com.vibra.mobile" COMPLETED
20:00:55.532 [ INFO] maestro.cli.runner.CliConsoleListener.onCommandStart: Run sub/sistema.yaml RUNNING
20:00:55.534 [ INFO] maestro.cli.runner.CliConsoleListener.onCommandStart: Apply configuration RUNNING
20:00:55.536 [ INFO] maestro.cli.runner.CliConsoleListener.onCommandFinished: Apply configuration COMPLETED
20:00:55.537 [ INFO] maestro.cli.runner.CliConsoleListener.onCommandStart: Run flow when "Wait" is visible RUNNING
20:01:09.472 [ INFO] maestro.orchestra.Orchestra.executeSubflowCommands: [Command execution subflow] CommandSkipped: null
20:01:09.473 [ INFO] maestro.cli.runner.CliConsoleListener.onCommandFinished: Run flow when "Wait" is visible SKIPPED
20:01:09.473 [ INFO] maestro.cli.runner.CliConsoleListener.onCommandFinished: Run sub/sistema.yaml COMPLETED
20:01:09.476 [ INFO] maestro.cli.runner.CliConsoleListener.onCommandStart: Assert that "FATTURATO TOTALE|Accedi" is visible RUNNING
20:01:15.022 [ INFO] maestro.cli.runner.CliConsoleListener.onCommandFinished: Assert that "FATTURATO TOTALE|Accedi" is visible COMPLETED
20:01:15.022 [ INFO] maestro.cli.runner.CliConsoleListener.onCommandStart: Run sub/sistema.yaml RUNNING
20:01:15.023 [ INFO] maestro.cli.runner.CliConsoleListener.onCommandStart: Apply configuration RUNNING
20:01:15.023 [ INFO] maestro.cli.runner.CliConsoleListener.onCommandFinished: Apply configuration COMPLETED
20:01:15.023 [ INFO] maestro.cli.runner.CliConsoleListener.onCommandStart: Run flow when "Wait" is visible RUNNING
20:01:19.722 [ INFO] maestro.orchestra.Orchestra.executeSubflowCommands: [Command execution subflow] CommandSkipped: null
20:01:19.723 [ INFO] maestro.cli.runner.CliConsoleListener.onCommandFinished: Run flow when "Wait" is visible SKIPPED
20:01:19.724 [ INFO] maestro.cli.runner.CliConsoleListener.onCommandFinished: Run sub/sistema.yaml COMPLETED
20:01:19.725 [ INFO] maestro.cli.runner.CliConsoleListener.onCommandStart: Run sub/login.yaml RUNNING
20:01:19.725 [ INFO] maestro.cli.runner.CliConsoleListener.onCommandStart: Apply configuration RUNNING
20:01:19.725 [ INFO] maestro.cli.runner.CliConsoleListener.onCommandFinished: Apply configuration COMPLETED
20:01:19.726 [ INFO] maestro.cli.runner.CliConsoleListener.onCommandStart: Run flow when "Password" is visible RUNNING
20:01:23.569 [ INFO] maestro.orchestra.Orchestra.executeSubflowCommands: [Command execution subflow] CommandSkipped: null
20:01:23.569 [ INFO] maestro.cli.runner.CliConsoleListener.onCommandFinished: Run flow when "Password" is visible SKIPPED
20:01:23.570 [ INFO] maestro.cli.runner.CliConsoleListener.onCommandFinished: Run sub/login.yaml COMPLETED
20:01:23.570 [ INFO] maestro.cli.runner.CliConsoleListener.onCommandStart: Assert that "FATTURATO TOTALE" is visible RUNNING
20:01:25.746 [ INFO] maestro.cli.runner.CliConsoleListener.onCommandFinished: Assert that "FATTURATO TOTALE" is visible COMPLETED
20:01:25.747 [ INFO] maestro.cli.runner.CliConsoleListener.onCommandStart: Wait for animation to end RUNNING
20:01:25.753 [ INFO] maestro.Maestro.waitForAnimationToEnd$lambda$53: Waiting for animation to end with timeout 15000
20:01:25.760 [TRACE] maestro.utils.ScreenshotUtils.takeScreenshot: Taking screenshot to byte array
20:01:25.760 [TRACE] maestro.utils.ScreenshotUtils.takeScreenshot: Taking screenshot to output sink
20:01:26.933 [TRACE] maestro.utils.ScreenshotUtils.takeScreenshot: Taking screenshot to byte array
20:01:26.933 [TRACE] maestro.utils.ScreenshotUtils.takeScreenshot: Taking screenshot to output sink
20:01:28.296 [ INFO] maestro.cli.runner.CliConsoleListener.onCommandFinished: Wait for animation to end COMPLETED
20:01:28.297 [ INFO] maestro.cli.runner.CliConsoleListener.onCommandStart: Take screenshot dash-01 RUNNING
20:01:28.299 [ INFO] maestro.Maestro.takeScreenshot: Taking screenshot
20:01:28.304 [TRACE] maestro.utils.ScreenshotUtils.takeScreenshot: Taking screenshot to output sink
20:01:28.702 [ INFO] maestro.cli.runner.CliConsoleListener.onCommandFinished: Take screenshot dash-01 COMPLETED
20:01:28.714 [ INFO] maestro.cli.runner.CliConsoleListener.onCommandStart: Swipe from (50%, 75%) to (50%, 30%) in 600 ms RUNNING
20:01:32.402 [ INFO] maestro.cli.runner.CliConsoleListener.onCommandFinished: Swipe from (50%, 75%) to (50%, 30%) in 600 ms COMPLETED
20:01:32.402 [ INFO] maestro.cli.runner.CliConsoleListener.onCommandStart: Wait for animation to end RUNNING
20:01:32.403 [ INFO] maestro.Maestro.waitForAnimationToEnd$lambda$53: Waiting for animation to end with timeout 15000
20:01:32.403 [TRACE] maestro.utils.ScreenshotUtils.takeScreenshot: Taking screenshot to byte array
20:01:32.404 [TRACE] maestro.utils.ScreenshotUtils.takeScreenshot: Taking screenshot to output sink
20:01:32.724 [TRACE] maestro.utils.ScreenshotUtils.takeScreenshot: Taking screenshot to byte array
20:01:32.725 [TRACE] maestro.utils.ScreenshotUtils.takeScreenshot: Taking screenshot to output sink
20:01:33.495 [ INFO] maestro.cli.runner.CliConsoleListener.onCommandFinished: Wait for animation to end COMPLETED
20:01:33.496 [ INFO] maestro.cli.runner.CliConsoleListener.onCommandStart: Take screenshot dash-02 RUNNING
20:01:33.497 [ INFO] maestro.Maestro.takeScreenshot: Taking screenshot
20:01:33.498 [TRACE] maestro.utils.ScreenshotUtils.takeScreenshot: Taking screenshot to output sink
20:01:33.925 [ INFO] maestro.cli.runner.CliConsoleListener.onCommandFinished: Take screenshot dash-02 COMPLETED
20:01:33.926 [ INFO] maestro.cli.runner.CliConsoleListener.onCommandStart: Swipe from (50%, 75%) to (50%, 30%) in 600 ms RUNNING
20:01:36.811 [ INFO] maestro.cli.runner.CliConsoleListener.onCommandFinished: Swipe from (50%, 75%) to (50%, 30%) in 600 ms COMPLETED
20:01:36.811 [ INFO] maestro.cli.runner.CliConsoleListener.onCommandStart: Wait for animation to end RUNNING
20:01:36.812 [ INFO] maestro.Maestro.waitForAnimationToEnd$lambda$53: Waiting for animation to end with timeout 15000
20:01:36.812 [TRACE] maestro.utils.ScreenshotUtils.takeScreenshot: Taking screenshot to byte array
20:01:36.812 [TRACE] maestro.utils.ScreenshotUtils.takeScreenshot: Taking screenshot to output sink
20:01:37.145 [TRACE] maestro.utils.ScreenshotUtils.takeScreenshot: Taking screenshot to byte array
20:01:37.146 [TRACE] maestro.utils.ScreenshotUtils.takeScreenshot: Taking screenshot to output sink
20:01:37.743 [ INFO] maestro.cli.runner.CliConsoleListener.onCommandFinished: Wait for animation to end COMPLETED
20:01:37.744 [ INFO] maestro.cli.runner.CliConsoleListener.onCommandStart: Take screenshot dash-03 RUNNING
20:01:37.744 [ INFO] maestro.Maestro.takeScreenshot: Taking screenshot
20:01:37.745 [TRACE] maestro.utils.ScreenshotUtils.takeScreenshot: Taking screenshot to output sink
20:01:37.997 [ INFO] maestro.cli.runner.CliConsoleListener.onCommandFinished: Take screenshot dash-03 COMPLETED
20:01:37.998 [ INFO] maestro.cli.runner.CliConsoleListener.onCommandStart: Swipe from (50%, 75%) to (50%, 30%) in 600 ms RUNNING
20:01:40.415 [ INFO] maestro.cli.runner.CliConsoleListener.onCommandFinished: Swipe from (50%, 75%) to (50%, 30%) in 600 ms COMPLETED
20:01:40.415 [ INFO] maestro.cli.runner.CliConsoleListener.onCommandStart: Wait for animation to end RUNNING
20:01:40.416 [ INFO] maestro.Maestro.waitForAnimationToEnd$lambda$53: Waiting for animation to end with timeout 15000
20:01:40.416 [TRACE] maestro.utils.ScreenshotUtils.takeScreenshot: Taking screenshot to byte array
20:01:40.416 [TRACE] maestro.utils.ScreenshotUtils.takeScreenshot: Taking screenshot to output sink
20:01:40.793 [TRACE] maestro.utils.ScreenshotUtils.takeScreenshot: Taking screenshot to byte array
20:01:40.793 [TRACE] maestro.utils.ScreenshotUtils.takeScreenshot: Taking screenshot to output sink
20:01:41.296 [ INFO] maestro.cli.runner.CliConsoleListener.onCommandFinished: Wait for animation to end COMPLETED
20:01:41.296 [ INFO] maestro.cli.runner.CliConsoleListener.onCommandStart: Take screenshot dash-04 RUNNING
20:01:41.297 [ INFO] maestro.Maestro.takeScreenshot: Taking screenshot
20:01:41.297 [TRACE] maestro.utils.ScreenshotUtils.takeScreenshot: Taking screenshot to output sink
20:01:41.629 [ INFO] maestro.cli.runner.CliConsoleListener.onCommandFinished: Take screenshot dash-04 COMPLETED
20:01:41.630 [ INFO] maestro.cli.runner.CliConsoleListener.onCommandStart: Swipe from (50%, 75%) to (50%, 30%) in 600 ms RUNNING
20:01:44.646 [ INFO] maestro.cli.runner.CliConsoleListener.onCommandFinished: Swipe from (50%, 75%) to (50%, 30%) in 600 ms COMPLETED
20:01:44.646 [ INFO] maestro.cli.runner.CliConsoleListener.onCommandStart: Wait for animation to end RUNNING
20:01:44.647 [ INFO] maestro.Maestro.waitForAnimationToEnd$lambda$53: Waiting for animation to end with timeout 15000
20:01:44.647 [TRACE] maestro.utils.ScreenshotUtils.takeScreenshot: Taking screenshot to byte array
20:01:44.647 [TRACE] maestro.utils.ScreenshotUtils.takeScreenshot: Taking screenshot to output sink
20:01:45.290 [TRACE] maestro.utils.ScreenshotUtils.takeScreenshot: Taking screenshot to byte array
20:01:45.290 [TRACE] maestro.utils.ScreenshotUtils.takeScreenshot: Taking screenshot to output sink
20:01:46.452 [ INFO] maestro.cli.runner.CliConsoleListener.onCommandFinished: Wait for animation to end COMPLETED
20:01:46.453 [ INFO] maestro.cli.runner.CliConsoleListener.onCommandStart: Take screenshot dash-05 RUNNING
20:01:46.453 [ INFO] maestro.Maestro.takeScreenshot: Taking screenshot
20:01:46.454 [TRACE] maestro.utils.ScreenshotUtils.takeScreenshot: Taking screenshot to output sink
20:01:46.890 [ INFO] maestro.cli.runner.CliConsoleListener.onCommandFinished: Take screenshot dash-05 COMPLETED
20:01:46.890 [ INFO] maestro.cli.runner.CliConsoleListener.onCommandStart: Swipe from (50%, 75%) to (50%, 30%) in 600 ms RUNNING
20:01:50.789 [ INFO] maestro.cli.runner.CliConsoleListener.onCommandFinished: Swipe from (50%, 75%) to (50%, 30%) in 600 ms COMPLETED
20:01:50.790 [ INFO] maestro.cli.runner.CliConsoleListener.onCommandStart: Wait for animation to end RUNNING
20:01:50.791 [ INFO] maestro.Maestro.waitForAnimationToEnd$lambda$53: Waiting for animation to end with timeout 15000
20:01:50.791 [TRACE] maestro.utils.ScreenshotUtils.takeScreenshot: Taking screenshot to byte array
20:01:50.791 [TRACE] maestro.utils.ScreenshotUtils.takeScreenshot: Taking screenshot to output sink
20:01:51.410 [TRACE] maestro.utils.ScreenshotUtils.takeScreenshot: Taking screenshot to byte array
20:01:51.412 [TRACE] maestro.utils.ScreenshotUtils.takeScreenshot: Taking screenshot to output sink
20:01:52.308 [ INFO] maestro.cli.runner.CliConsoleListener.onCommandFinished: Wait for animation to end COMPLETED
20:01:52.308 [ INFO] maestro.cli.runner.CliConsoleListener.onCommandStart: Take screenshot dash-06 RUNNING
20:01:52.309 [ INFO] maestro.Maestro.takeScreenshot: Taking screenshot
20:01:52.309 [TRACE] maestro.utils.ScreenshotUtils.takeScreenshot: Taking screenshot to output sink
20:01:52.715 [ INFO] maestro.cli.runner.CliConsoleListener.onCommandFinished: Take screenshot dash-06 COMPLETED
20:01:52.716 [ INFO] maestro.cli.runner.CliConsoleListener.onCommandStart: Swipe from (50%, 75%) to (50%, 30%) in 600 ms RUNNING
20:01:58.868 [ INFO] maestro.cli.runner.CliConsoleListener.onCommandFinished: Swipe from (50%, 75%) to (50%, 30%) in 600 ms COMPLETED
20:01:58.869 [ INFO] maestro.cli.runner.CliConsoleListener.onCommandStart: Wait for animation to end RUNNING
20:01:58.869 [ INFO] maestro.Maestro.waitForAnimationToEnd$lambda$53: Waiting for animation to end with timeout 15000
20:01:58.870 [TRACE] maestro.utils.ScreenshotUtils.takeScreenshot: Taking screenshot to byte array
20:01:58.870 [TRACE] maestro.utils.ScreenshotUtils.takeScreenshot: Taking screenshot to output sink
20:01:59.989 [TRACE] maestro.utils.ScreenshotUtils.takeScreenshot: Taking screenshot to byte array
20:01:59.990 [TRACE] maestro.utils.ScreenshotUtils.takeScreenshot: Taking screenshot to output sink
20:02:01.232 [ INFO] maestro.cli.runner.CliConsoleListener.onCommandFinished: Wait for animation to end COMPLETED
20:02:01.234 [ INFO] maestro.cli.runner.CliConsoleListener.onCommandStart: Take screenshot dash-07 RUNNING
20:02:01.234 [ INFO] maestro.Maestro.takeScreenshot: Taking screenshot
20:02:01.235 [TRACE] maestro.utils.ScreenshotUtils.takeScreenshot: Taking screenshot to output sink
20:02:01.744 [ INFO] maestro.cli.runner.CliConsoleListener.onCommandFinished: Take screenshot dash-07 COMPLETED
20:02:01.744 [ INFO] maestro.cli.runner.CliConsoleListener.onCommandStart: Swipe from (50%, 75%) to (50%, 30%) in 600 ms RUNNING
20:02:07.680 [ INFO] maestro.cli.runner.CliConsoleListener.onCommandFinished: Swipe from (50%, 75%) to (50%, 30%) in 600 ms COMPLETED
20:02:07.681 [ INFO] maestro.cli.runner.CliConsoleListener.onCommandStart: Wait for animation to end RUNNING
20:02:07.683 [ INFO] maestro.Maestro.waitForAnimationToEnd$lambda$53: Waiting for animation to end with timeout 15000
20:02:07.683 [TRACE] maestro.utils.ScreenshotUtils.takeScreenshot: Taking screenshot to byte array
20:02:07.683 [TRACE] maestro.utils.ScreenshotUtils.takeScreenshot: Taking screenshot to output sink
20:02:08.655 [TRACE] maestro.utils.ScreenshotUtils.takeScreenshot: Taking screenshot to byte array
20:02:08.656 [TRACE] maestro.utils.ScreenshotUtils.takeScreenshot: Taking screenshot to output sink
20:02:09.557 [ INFO] maestro.cli.runner.CliConsoleListener.onCommandFinished: Wait for animation to end COMPLETED
20:02:09.557 [ INFO] maestro.cli.runner.CliConsoleListener.onCommandStart: Take screenshot dash-08 RUNNING
20:02:09.558 [ INFO] maestro.Maestro.takeScreenshot: Taking screenshot
20:02:09.559 [TRACE] maestro.utils.ScreenshotUtils.takeScreenshot: Taking screenshot to output sink
20:02:09.848 [ INFO] maestro.cli.runner.CliConsoleListener.onCommandFinished: Take screenshot dash-08 COMPLETED
20:02:09.849 [ INFO] maestro.cli.runner.CliConsoleListener.onCommandStart: Swipe from (50%, 75%) to (50%, 30%) in 600 ms RUNNING
20:02:13.346 [ INFO] maestro.cli.runner.CliConsoleListener.onCommandFinished: Swipe from (50%, 75%) to (50%, 30%) in 600 ms COMPLETED
20:02:13.347 [ INFO] maestro.cli.runner.CliConsoleListener.onCommandStart: Wait for animation to end RUNNING
20:02:13.348 [ INFO] maestro.Maestro.waitForAnimationToEnd$lambda$53: Waiting for animation to end with timeout 15000
20:02:13.348 [TRACE] maestro.utils.ScreenshotUtils.takeScreenshot: Taking screenshot to byte array
20:02:13.348 [TRACE] maestro.utils.ScreenshotUtils.takeScreenshot: Taking screenshot to output sink
20:02:13.754 [TRACE] maestro.utils.ScreenshotUtils.takeScreenshot: Taking screenshot to byte array
20:02:13.754 [TRACE] maestro.utils.ScreenshotUtils.takeScreenshot: Taking screenshot to output sink
20:02:14.380 [ INFO] maestro.cli.runner.CliConsoleListener.onCommandFinished: Wait for animation to end COMPLETED
20:02:14.381 [ INFO] maestro.cli.runner.CliConsoleListener.onCommandStart: Take screenshot dash-09 RUNNING
20:02:14.381 [ INFO] maestro.Maestro.takeScreenshot: Taking screenshot
20:02:14.382 [TRACE] maestro.utils.ScreenshotUtils.takeScreenshot: Taking screenshot to output sink
20:02:14.683 [ INFO] maestro.cli.runner.CliConsoleListener.onCommandFinished: Take screenshot dash-09 COMPLETED
20:02:14.683 [ INFO] maestro.cli.runner.CliConsoleListener.onCommandStart: Take screenshot dash-fondo RUNNING
20:02:14.684 [ INFO] maestro.Maestro.takeScreenshot: Taking screenshot
20:02:14.684 [TRACE] maestro.utils.ScreenshotUtils.takeScreenshot: Taking screenshot to output sink
20:02:14.926 [ INFO] maestro.cli.runner.CliConsoleListener.onCommandFinished: Take screenshot dash-fondo COMPLETED
20:02:14.926 [ INFO] maestro.cli.runner.CliConsoleListener.onCommandStart: Tap on "Clienti" RUNNING
20:02:15.248 [ INFO] maestro.Maestro.tap-HgV9Ck0: Tapping on element:  UiElement(treeNode=TreeNode(attributes={text=Clienti, accessibilityText=, hintText=, ignoreBoundsFiltering=false, resource-id=, clickable=false, bounds=[499,2279][581,2306], enabled=true, focused=false, checked=false, scrollable=false, selected=false, class=android.widget.TextView, important-for-accessibility=true, error=}, children=[], clickable=false, enabled=true, focused=false, checked=false, selected=false), bounds=Bounds(x=499, y=2279, width=82, height=27))
20:02:16.679 [ INFO] maestro.Maestro.tap-HgV9Ck0: Tap aimed via settled hierarchy
20:02:16.684 [ INFO] maestro.Maestro.hierarchyBasedTap-ogj28Uc: Tapping at (540, 2292) using hierarchy based logic for wait
20:02:18.859 [ INFO] maestro.Maestro.hierarchyBasedTap-ogj28Uc: Something has changed in the UI judging by view hierarchy. Proceed.
20:02:18.860 [ INFO] maestro.cli.runner.CliConsoleListener.onCommandFinished: Tap on "Clienti" COMPLETED
20:02:18.860 [ INFO] maestro.cli.runner.CliConsoleListener.onCommandStart: Assert that "LISTA CLIENTI" is visible RUNNING
20:03:19.238 [ERROR] maestro.orchestra.Orchestra.executeCommands: [Command execution] CommandFailed: Assertion is false: "LISTA CLIENTI" is visible
20:03:19.714 [ INFO] maestro.Maestro.takeScreenshot: Taking screenshot
20:03:19.715 [TRACE] maestro.utils.ScreenshotUtils.takeScreenshot: Taking screenshot to output sink
20:03:19.901 [ INFO] maestro.cli.runner.CliConsoleListener.onCommandFinished: Assert that "LISTA CLIENTI" is visible FAILED
20:03:20.913 [ INFO] maestro.cli.report.TestDebugReporter.deleteOldFiles: Performing purge of logs older than 14 days from /home/runner/.maestro/tests
